08-24 15:40:21.598 29806 29806 E ActivityThread: 	at android.app.ActivityThread$H.handleMessage(ActivityThread.java:1617)
08-24 15:40:21.598 29806 29806 E ActivityThread: 	at android.os.Handler.dispatchMessage(Handler.java:110)
08-24 15:40:21.598 29806 29806 E ActivityThread: 	at android.os.Looper.loop(Looper.java:203)
08-24 15:40:21.598 29806 29806 E ActivityThread: 	at android.app.ActivityThread.main(ActivityThread.java:6251)
08-24 15:40:21.598 29806 29806 E ActivityThread: 	at java.lang.reflect.Method.invoke(Native Method)
08-24 15:40:21.598 29806 29806 E ActivityThread: 	at com.android.internal.os.ZygoteInit$MethodAndArgsCaller.run(ZygoteInit.java:1068)
08-24 15:40:21.598 29806 29806 E ActivityThread: 	at com.android.internal.os.ZygoteInit.main(ZygoteInit.java:929)
08-24 15:40:29.134  2703  3353 E ActivityThread: Failed to find provider info for com.transsion.hilauncher.unreadprovider
08-24 15:40:31.858 29806 29806 E ActivityThread: Service com.android.providers.media.MtpService has leaked IntentReceiver com.android.providers.media.MtpService$3@b7394cc that was originally registered here. Are you missing a call to unregisterReceiver()?
08-24 15:40:31.858 29806 29806 E ActivityThread: android.app.IntentReceiverLeaked: Service com.android.providers.media.MtpService has leaked IntentReceiver com.android.providers.media.MtpService$3@b7394cc that was originally registered here. Are you missing a call to unregisterReceiver()?
08-24 15:40:31.858 29806 29806 E ActivityThread: 	at android.app.LoadedApk$ReceiverDispatcher.<init>(LoadedApk.java:1199)
08-24 15:40:31.858 29806 29806 E ActivityThread: 	at android.app.LoadedApk.getReceiverDispatcher(LoadedApk.java:951)
08-24 15:40:31.858 29806 29806 E ActivityThread: 	at android.app.ContextImpl.registerReceiverInternal(ContextImpl.java:1314)
08-24 15:40:31.858 29806 29806 E ActivityThread: 	at android.app.ContextImpl.registerReceiver(ContextImpl.java:1294)
08-24 15:40:31.858 29806 29806 E ActivityThread: 	at android.app.ContextImpl.registerReceiver(ContextImpl.java:1288)
08-24 15:40:31.858 29806 29806 E ActivityThread: 	at android.content.ContextWrapper.registerReceiver(ContextWrapper.java:586)
08-24 15:40:31.858 29806 29806 E ActivityThread: 	at com.android.providers.media.MtpService.onCreate(MtpService.java:101)
08-24 15:40:31.858 29806 29806 E ActivityThread: 	at android.app.ActivityThread.handleCreateService(ActivityThread.java:3253)
08-24 15:40:31.858 29806 29806 E ActivityThread: 	at android.app.ActivityThread.-wrap5(ActivityThread.java)
08-24 15:40:31.858 29806 29806 E ActivityThread: 	at android.app.ActivityThread$H.handleMessage(ActivityThread.java:1617)
08-24 15:40:31.858 29806 29806 E ActivityThread: 	at android.os.Handler.dispatchMessage(Handler.java:110)
08-24 15:40:31.858 29806 29806 E ActivityThread: 	at android.os.Looper.loop(Looper.java:203)
08-24 15:40:31.858 29806 29806 E ActivityThread: 	at android.app.ActivityThread.main(ActivityThread.java:6251)
08-24 15:40:31.858 29806 29806 E ActivityThread: 	at java.lang.reflect.Method.invoke(Native Method)
08-24 15:40:31.858 29806 29806 E ActivityThread: 	at com.android.internal.os.ZygoteInit$MethodAndArgsCaller.run(ZygoteInit.java:1068)
08-24 15:40:31.858 29806 29806 E ActivityThread: 	at com.android.internal.os.ZygoteInit.main(ZygoteInit.java:929)
08-24 15:40:41.455 29806 29806 E ActivityThread: Service com.android.providers.media.MtpService has leaked IntentReceiver com.android.providers.media.MtpService$3@dbdb164 that was originally registered here. Are you missing a call to unregisterReceiver()?
08-24 15:40:41.455 29806 29806 E ActivityThread: android.app.IntentReceiverLeaked: Service com.android.providers.media.MtpService has leaked IntentReceiver com.android.providers.media.MtpService$3@dbdb164 that was originally registered here. Are you missing a call to unregisterReceiver()?
08-24 15:40:41.455 29806 29806 E ActivityThread: 	at android.app.LoadedApk$ReceiverDispatcher.<init>(LoadedApk.java:1199)
08-24 15:40:41.455 29806 29806 E ActivityThread: 	at android.app.LoadedApk.getReceiverDispatcher(LoadedApk.java:951)
08-24 15:40:41.455 29806 29806 E ActivityThread: 	at android.app.ContextImpl.registerReceiverInternal(ContextImpl.java:1314)
08-24 15:40:41.455 29806 29806 E ActivityThread: 	at android.app.ContextImpl.registerReceiver(ContextImpl.java:1294)
08-24 15:40:41.455 29806 29806 E ActivityThread: 	at android.app.ContextImpl.registerReceiver(ContextImpl.java:1288)
08-24 15:40:41.455 29806 29806 E ActivityThread: 	at android.content.ContextWrapper.registerReceiver(ContextWrapper.java:586)
08-24 15:40:41.455 29806 29806 E ActivityThread: 	at com.android.providers.media.MtpService.onCreate(MtpService.java:101)
08-24 15:40:41.455 29806 29806 E ActivityThread: 	at android.app.ActivityThread.handleCreateService(ActivityThread.java:3253)
08-24 15:40:41.455 29806 29806 E ActivityThread: 	at android.app.ActivityThread.-wrap5(ActivityThread.java)
08-24 15:40:41.455 29806 29806 E ActivityThread: 	at android.app.ActivityThread$H.handleMessage(ActivityThread.java:1617)
08-24 15:40:41.455 29806 29806 E ActivityThread: 	at android.os.Handler.dispatchMessage(Handler.java:110)
08-24 15:40:41.455 29806 29806 E ActivityThread: 	at android.os.Looper.loop(Looper.java:203)
08-24 15:40:41.455 29806 29806 E ActivityThread: 	at android.app.ActivityThread.main(ActivityThread.java:6251)
08-24 15:40:41.455 29806 29806 E ActivityThread: 	at java.lang.reflect.Method.invoke(Native Method)
08-24 15:40:41.455 29806 29806 E ActivityThread: 	at com.android.internal.os.ZygoteInit$MethodAndArgsCaller.run(ZygoteInit.java:1068)
08-24 15:40:41.455 29806 29806 E ActivityThread: 	at com.android.internal.os.ZygoteInit.main(ZygoteInit.java:929)
08-24 15:40:43.934 29806 29806 E ActivityThread: Service com.android.providers.media.MtpService has leaked IntentReceiver com.android.providers.media.MtpService$3@f6bc8fc that was originally registered here. Are you missing a call to unregisterReceiver()?
08-24 15:40:43.934 29806 29806 E ActivityThread: android.app.IntentReceiverLeaked: Service com.android.providers.media.MtpService has leaked IntentReceiver com.android.providers.media.MtpService$3@f6bc8fc that was originally registered here. Are you missing a call to unregisterReceiver()?
08-24 15:40:43.934 29806 29806 E ActivityThread: 	at android.app.LoadedApk$ReceiverDispatcher.<init>(LoadedApk.java:1199)
08-24 15:40:43.934 29806 29806 E ActivityThread: 	at android.app.LoadedApk.getReceiverDispatcher(LoadedApk.java:951)
08-24 15:40:43.934 29806 29806 E ActivityThread: 	at android.app.ContextImpl.registerReceiverInternal(ContextImpl.java:1314)
08-24 15:40:43.934 29806 29806 E ActivityThread: 	at android.app.ContextImpl.registerReceiver(ContextImpl.java:1294)
08-24 15:40:43.934 29806 29806 E ActivityThread: 	at android.app.ContextImpl.registerReceiver(ContextImpl.java:1288)
08-24 15:40:43.934 29806 29806 E ActivityThread: 	at android.content.ContextWrapper.registerReceiver(ContextWrapper.java:586)
08-24 15:40:43.934 29806 29806 E ActivityThread: 	at com.android.providers.media.MtpService.onCreate(MtpService.java:101)
08-24 15:40:43.934 29806 29806 E ActivityThread: 	at android.app.ActivityThread.handleCreateService(ActivityThread.java:3253)
08-24 15:40:43.934 29806 29806 E ActivityThread: 	at android.app.ActivityThread.-wrap5(ActivityThread.java)
08-24 15:40:43.934 29806 29806 E ActivityThread: 	at android.app.ActivityThread$H.handleMessage(ActivityThread.java:1617)
08-24 15:40:43.934 29806 29806 E ActivityThread: 	at android.os.Handler.dispatchMessage(Handler.java:110)
08-24 15:40:43.934 29806 29806 E ActivityThread: 	at android.os.Looper.loop(Looper.java:203)
08-24 15:40:43.934 29806 29806 E ActivityThread: 	at android.app.ActivityThread.main(ActivityThread.java:6251)
08-24 15:40:43.934 29806 29806 E ActivityThread: 	at java.lang.reflect.Method.invoke(Native Method)
08-24 15:40:43.934 29806 29806 E ActivityThread: 	at com.android.internal.os.ZygoteInit$MethodAndArgsCaller.run(ZygoteInit.java:1068)
08-24 15:40:43.934 29806 29806 E ActivityThread: 	at com.android.internal.os.ZygoteInit.main(ZygoteInit.java:929)
08-24 15:40:45.193 29806 29806 E ActivityThread: Service com.android.providers.media.MtpService has leaked IntentReceiver com.android.providers.media.MtpService$3@e1e03e7 that was originally registered here. Are you missing a call to unregisterReceiver()?
08-24 15:40:45.193 29806 29806 E ActivityThread: android.app.IntentReceiverLeaked: Service com.android.providers.media.MtpService has leaked IntentReceiver com.android.providers.media.MtpService$3@e1e03e7 that was originally registered here. Are you missing a call to unregisterReceiver()?
08-24 15:40:45.193 29806 29806 E ActivityThread: 	at android.app.LoadedApk$ReceiverDispatcher.<init>(LoadedApk.java:1199)
08-24 15:40:45.193 29806 29806 E ActivityThread: 	at android.app.LoadedApk.getReceiverDispatcher(LoadedApk.java:951)
08-24 15:40:45.193 29806 29806 E ActivityThread: 	at android.app.ContextImpl.registerReceiverInternal(ContextImpl.java:1314)
08-24 15:40:45.193 29806 29806 E ActivityThread: 	at android.app.ContextImpl.registerReceiver(ContextImpl.java:1294)
08-24 15:40:45.193 29806 29806 E ActivityThread: 	at android.app.ContextImpl.registerReceiver(ContextImpl.java:1288)
08-24 15:40:45.193 29806 29806 E ActivityThread: 	at android.content.ContextWrapper.registerReceiver(ContextWrapper.java:586)
08-24 15:40:45.193 29806 29806 E ActivityThread: 	at com.android.providers.media.MtpService.onCreate(MtpService.java:101)
08-24 15:40:45.193 29806 29806 E ActivityThread: 	at android.app.ActivityThread.handleCreateService(ActivityThread.java:3253)
08-24 15:40:45.193 29806 29806 E ActivityThread: 	at android.app.ActivityThread.-wrap5(ActivityThread.java)
08-24 15:40:45.193 29806 29806 E ActivityThread: 	at android.app.ActivityThread$H.handleMessage(ActivityThread.java:1617)
08-24 15:40:45.193 29806 29806 E ActivityThread: 	at android.os.Handler.dispatchMessage(Handler.java:110)
08-24 15:40:45.193 29806 29806 E ActivityThread: 	at android.os.Looper.loop(Looper.java:203)
08-24 15:40:45.193 29806 29806 E ActivityThread: 	at android.app.ActivityThread.main(ActivityThread.java:6251)
08-24 15:40:45.193 29806 29806 E ActivityThread: 	at java.lang.reflect.Method.invoke(Native Method)
08-24 15:40:45.193 29806 29806 E ActivityThread: 	at com.android.internal.os.ZygoteInit$MethodAndArgsCaller.run(ZygoteInit.java:1068)
08-24 15:40:45.193 29806 29806 E ActivityThread: 	at com.android.internal.os.ZygoteInit.main(ZygoteInit.java:929)
08-24 15:41:06.121  2703  3353 E ActivityThread: Failed to find provider info for com.transsion.hilauncher.unreadprovider
08-24 15:41:27.323  2703  3353 E ActivityThread: Failed to find provider info for com.transsion.hilauncher.unreadprovider
08-24 15:41:36.949  2503  5530 E ActivityManager: applyOptionsLocked: Unknown animationType=0
08-24 15:41:41.301  2503  3451 E ActivityManager: applyOptionsLocked: Unknown animationType=0
08-24 15:41:52.415  2503  2735 E ConnectivityService: RemoteException caught trying to send a callback msg for NetworkRequest [ id=82, legacyType=-1, [ Capabilities: INTERNET&NOT_RESTRICTED&TRUSTED] ]
08-24 15:41:52.914  2703  3353 E ActivityThread: Failed to find provider info for com.transsion.hilauncher.unreadprovider
08-24 15:41:53.063  2703  3353 E ActivityThread: Failed to find provider info for com.transsion.hilauncher.unreadprovider
08-24 15:43:51.740  2703  3353 E ActivityThread: Failed to find provider info for com.transsion.hilauncher.unreadprovider
08-24 15:43:52.192  2503  2900 E ActivityManager: applyOptionsLocked: Unknown animationType=0
08-24 15:43:54.950 29806 29806 E ActivityThread: Service com.android.providers.media.MtpService has leaked IntentReceiver com.android.providers.media.MtpService$3@1b1692c that was originally registered here. Are you missing a call to unregisterReceiver()?
08-24 15:43:54.950 29806 29806 E ActivityThread: android.app.IntentReceiverLeaked: Service com.android.providers.media.MtpService has leaked IntentReceiver com.android.providers.media.MtpService$3@1b1692c that was originally registered here. Are you missing a call to unregisterReceiver()?
08-24 15:43:54.950 29806 29806 E ActivityThread: 	at android.app.LoadedApk$ReceiverDispatcher.<init>(LoadedApk.java:1199)
08-24 15:43:54.950 29806 29806 E ActivityThread: 	at android.app.LoadedApk.getReceiverDispatcher(LoadedApk.java:951)
08-24 15:43:54.950 29806 29806 E ActivityThread: 	at android.app.ContextImpl.registerReceiverInternal(ContextImpl.java:1314)
08-24 15:43:54.950 29806 29806 E ActivityThread: 	at android.app.ContextImpl.registerReceiver(ContextImpl.java:1294)
08-24 15:43:54.950 29806 29806 E ActivityThread: 	at android.app.ContextImpl.registerReceiver(ContextImpl.java:1288)
08-24 15:43:54.950 29806 29806 E ActivityThread: 	at android.content.ContextWrapper.registerReceiver(ContextWrapper.java:586)
08-24 15:43:54.950 29806 29806 E ActivityThread: 	at com.android.providers.media.MtpService.onCreate(MtpService.java:101)
08-24 15:43:54.950 29806 29806 E ActivityThread: 	at android.app.ActivityThread.handleCreateService(ActivityThread.java:3253)
08-24 15:43:54.950 29806 29806 E ActivityThread: 	at android.app.ActivityThread.-wrap5(ActivityThread.java)
08-24 15:43:54.950 29806 29806 E ActivityThread: 	at android.app.ActivityThread$H.handleMessage(ActivityThread.java:1617)
08-24 15:43:54.950 29806 29806 E ActivityThread: 	at android.os.Handler.dispatchMessage(Handler.java:110)
08-24 15:43:54.950 29806 29806 E ActivityThread: 	at android.os.Looper.loop(Looper.java:203)
08-24 15:43:54.950 29806 29806 E ActivityThread: 	at android.app.ActivityThread.main(ActivityThread.java:6251)
08-24 15:43:54.950 29806 29806 E ActivityThread: 	at java.lang.reflect.Method.invoke(Native Method)
08-24 15:43:54.950 29806 29806 E ActivityThread: 	at com.android.internal.os.ZygoteInit$MethodAndArgsCaller.run(ZygoteInit.java:1068)
08-24 15:43:54.950 29806 29806 E ActivityThread: 	at com.android.internal.os.ZygoteInit.main(ZygoteInit.java:929)
08-24 15:43:55.655  2703  3353 E ActivityThread: Failed to find provider info for com.transsion.hilauncher.unreadprovider
08-24 15:43:55.780  2703  3353 E ActivityThread: Failed to find provider info for com.transsion.hilauncher.unreadprovider
08-24 15:43:56.429 29806 29806 E ActivityThread: Service com.android.providers.media.MtpService has leaked IntentReceiver com.android.providers.media.MtpService$3@659b4d7 that was originally registered here. Are you missing a call to unregisterReceiver()?
08-24 15:43:56.429 29806 29806 E ActivityThread: android.app.IntentReceiverLeaked: Service com.android.providers.media.MtpService has leaked IntentReceiver com.android.providers.media.MtpService$3@659b4d7 that was originally registered here. Are you missing a call to unregisterReceiver()?
08-24 15:43:56.429 29806 29806 E ActivityThread: 	at android.app.LoadedApk$ReceiverDispatcher.<init>(LoadedApk.java:1199)
08-24 15:43:56.429 29806 29806 E ActivityThread: 	at android.app.LoadedApk.getReceiverDispatcher(LoadedApk.java:951)
08-24 15:43:56.429 29806 29806 E ActivityThread: 	at android.app.ContextImpl.registerReceiverInternal(ContextImpl.java:1314)
08-24 15:43:56.429 29806 29806 E ActivityThread: 	at android.app.ContextImpl.registerReceiver(ContextImpl.java:1294)
08-24 15:43:56.429 29806 29806 E ActivityThread: 	at android.app.ContextImpl.registerReceiver(ContextImpl.java:1288)
08-24 15:43:56.429 29806 29806 E ActivityThread: 	at android.content.ContextWrapper.registerReceiver(ContextWrapper.java:586)
08-24 15:43:56.429 29806 29806 E ActivityThread: 	at com.android.providers.media.MtpService.onCreate(MtpService.java:101)
08-24 15:43:56.429 29806 29806 E ActivityThread: 	at android.app.ActivityThread.handleCreateService(ActivityThread.java:3253)
08-24 15:43:56.429 29806 29806 E ActivityThread: 	at android.app.ActivityThread.-wrap5(ActivityThread.java)
08-24 15:43:56.429 29806 29806 E ActivityThread: 	at android.app.ActivityThread$H.handleMessage(ActivityThread.java:1617)
08-24 15:43:56.429 29806 29806 E ActivityThread: 	at android.os.Handler.dispatchMessage(Handler.java:110)
08-24 15:43:56.429 29806 29806 E ActivityThread: 	at android.os.Looper.loop(Looper.java:203)
08-24 15:43:56.429 29806 29806 E ActivityThread: 	at android.app.ActivityThread.main(ActivityThread.java:6251)
08-24 15:43:56.429 29806 29806 E ActivityThread: 	at java.lang.reflect.Method.invoke(Native Method)
08-24 15:43:56.429 29806 29806 E ActivityThread: 	at com.android.internal.os.ZygoteInit$MethodAndArgsCaller.run(ZygoteInit.java:1068)
08-24 15:43:56.429 29806 29806 E ActivityThread: 	at com.android.internal.os.ZygoteInit.main(ZygoteInit.java:929)
08-24 15:43:57.741 29806 29806 E ActivityThread: Service com.android.providers.media.MtpService has leaked IntentReceiver com.android.providers.media.MtpService$3@192a02e that was originally registered here. Are you missing a call to unregisterReceiver()?
08-24 15:43:57.741 29806 29806 E ActivityThread: android.app.IntentReceiverLeaked: Service com.android.providers.media.MtpService has leaked IntentReceiver com.android.providers.media.MtpService$3@192a02e that was originally registered here. Are you missing a call to unregisterReceiver()?
08-24 15:43:57.741 29806 29806 E ActivityThread: 	at android.app.LoadedApk$ReceiverDispatcher.<init>(LoadedApk.java:1199)
08-24 15:43:57.741 29806 29806 E ActivityThread: 	at android.app.LoadedApk.getReceiverDispatcher(LoadedApk.java:951)
08-24 15:43:57.741 29806 29806 E ActivityThread: 	at android.app.ContextImpl.registerReceiverInternal(ContextImpl.java:1314)
08-24 15:43:57.741 29806 29806 E ActivityThread: 	at android.app.ContextImpl.registerReceiver(ContextImpl.java:1294)
08-24 15:43:57.741 29806 29806 E ActivityThread: 	at android.app.ContextImpl.registerReceiver(ContextImpl.java:1288)
08-24 15:43:57.741 29806 29806 E ActivityThread: 	at android.content.ContextWrapper.registerReceiver(ContextWrapper.java:586)
08-24 15:43:57.741 29806 29806 E ActivityThread: 	at com.android.providers.media.MtpService.onCreate(MtpService.java:101)
08-24 15:43:57.741 29806 29806 E ActivityThread: 	at android.app.ActivityThread.handleCreateService(ActivityThread.java:3253)
08-24 15:43:57.741 29806 29806 E ActivityThread: 	at android.app.ActivityThread.-wrap5(ActivityThread.java)
08-24 15:43:57.741 29806 29806 E ActivityThread: 	at android.app.ActivityThread$H.handleMessage(ActivityThread.java:1617)
08-24 15:43:57.741 29806 29806 E ActivityThread: 	at android.os.Handler.dispatchMessage(Handler.java:110)
08-24 15:43:57.741 29806 29806 E ActivityThread: 	at android.os.Looper.loop(Looper.java:203)
08-24 15:43:57.741 29806 29806 E ActivityThread: 	at android.app.ActivityThread.main(ActivityThread.java:6251)
08-24 15:43:57.741 29806 29806 E ActivityThread: 	at java.lang.reflect.Method.invoke(Native Method)
08-24 15:43:57.741 29806 29806 E ActivityThread: 	at com.android.internal.os.ZygoteInit$MethodAndArgsCaller.run(ZygoteInit.java:1068)
08-24 15:43:57.741 29806 29806 E ActivityThread: 	at com.android.internal.os.ZygoteInit.main(ZygoteInit.java:929)
08-24 15:43:59.124 29806 29806 E ActivityThread: Service com.android.providers.media.MtpService has leaked IntentReceiver com.android.providers.media.MtpService$3@3ff6de1 that was originally registered here. Are you missing a call to unregisterReceiver()?
08-24 15:43:59.124 29806 29806 E ActivityThread: android.app.IntentReceiverLeaked: Service com.android.providers.media.MtpService has leaked IntentReceiver com.android.providers.media.MtpService$3@3ff6de1 that was originally registered here. Are you missing a call to unregisterReceiver()?
08-24 15:43:59.124 29806 29806 E ActivityThread: 	at android.app.LoadedApk$ReceiverDispatcher.<init>(LoadedApk.java:1199)
08-24 15:43:59.124 29806 29806 E ActivityThread: 	at android.app.LoadedApk.getReceiverDispatcher(LoadedApk.java:951)
08-24 15:43:59.124 29806 29806 E ActivityThread: 	at android.app.ContextImpl.registerReceiverInternal(ContextImpl.java:1314)
08-24 15:43:59.124 29806 29806 E ActivityThread: 	at android.app.ContextImpl.registerReceiver(ContextImpl.java:1294)
08-24 15:43:59.124 29806 29806 E ActivityThread: 	at android.app.ContextImpl.registerReceiver(ContextImpl.java:1288)
08-24 15:43:59.124 29806 29806 E ActivityThread: 	at android.content.ContextWrapper.registerReceiver(ContextWrapper.java:586)
08-24 15:43:59.124 29806 29806 E ActivityThread: 	at com.android.providers.media.MtpService.onCreate(MtpService.java:101)
08-24 15:43:59.124 29806 29806 E ActivityThread: 	at android.app.ActivityThread.handleCreateService(ActivityThread.java:3253)
08-24 15:43:59.124 29806 29806 E ActivityThread: 	at android.app.ActivityThread.-wrap5(ActivityThread.java)
08-24 15:43:59.124 29806 29806 E ActivityThread: 	at android.app.ActivityThread$H.handleMessage(ActivityThread.java:1617)
08-24 15:43:59.124 29806 29806 E ActivityThread: 	at android.os.Handler.dispatchMessage(Handler.java:110)
08-24 15:43:59.124 29806 29806 E ActivityThread: 	at android.os.Looper.loop(Looper.java:203)
08-24 15:43:59.124 29806 29806 E ActivityThread: 	at android.app.ActivityThread.main(ActivityThread.java:6251)
08-24 15:43:59.124 29806 29806 E ActivityThread: 	at java.lang.reflect.Method.invoke(Native Method)
08-24 15:43:59.124 29806 29806 E ActivityThread: 	at com.android.internal.os.ZygoteInit$MethodAndArgsCaller.run(ZygoteInit.java:1068)
08-24 15:43:59.124 29806 29806 E ActivityThread: 	at com.android.internal.os.ZygoteInit.main(ZygoteInit.java:929)
08-24 15:44:00.320 29806 29806 E ActivityThread: Service com.android.providers.media.MtpService has leaked IntentReceiver com.android.providers.media.MtpService$3@ddf7b60 that was originally registered here. Are you missing a call to unregisterReceiver()?
08-24 15:44:00.320 29806 29806 E ActivityThread: android.app.IntentReceiverLeaked: Service com.android.providers.media.MtpService has leaked IntentReceiver com.android.providers.media.MtpService$3@ddf7b60 that was originally registered here. Are you missing a call to unregisterReceiver()?
08-24 15:44:00.320 29806 29806 E ActivityThread: 	at android.app.LoadedApk$ReceiverDispatcher.<init>(LoadedApk.java:1199)
08-24 15:44:00.320 29806 29806 E ActivityThread: 	at android.app.LoadedApk.getReceiverDispatcher(LoadedApk.java:951)
08-24 15:44:00.320 29806 29806 E ActivityThread: 	at android.app.ContextImpl.registerReceiverInternal(ContextImpl.java:1314)
08-24 15:44:00.320 29806 29806 E ActivityThread: 	at android.app.ContextImpl.registerReceiver(ContextImpl.java:1294)
08-24 15:44:00.320 29806 29806 E ActivityThread: 	at android.app.ContextImpl.registerReceiver(ContextImpl.java:1288)
08-24 15:44:00.320 29806 29806 E ActivityThread: 	at android.content.ContextWrapper.registerReceiver(ContextWrapper.java:586)
08-24 15:44:00.320 29806 29806 E ActivityThread: 	at com.android.providers.media.MtpService.onCreate(MtpService.java:101)
08-24 15:44:00.320 29806 29806 E ActivityThread: 	at android.app.ActivityThread.handleCreateService(ActivityThread.java:3253)
08-24 15:44:00.320 29806 29806 E ActivityThread: 	at android.app.ActivityThread.-wrap5(ActivityThread.java)
08-24 15:44:00.320 29806 29806 E ActivityThread: 	at android.app.ActivityThread$H.handleMessage(ActivityThread.java:1617)
08-24 15:44:00.320 29806 29806 E ActivityThread: 	at android.os.Handler.dispatchMessage(Handler.java:110)
08-24 15:44:00.320 29806 29806 E ActivityThread: 	at android.os.Looper.loop(Looper.java:203)
08-24 15:44:00.320 29806 29806 E ActivityThread: 	at android.app.ActivityThread.main(ActivityThread.java:6251)
08-24 15:44:00.320 29806 29806 E ActivityThread: 	at java.lang.reflect.Method.invoke(Native Method)
08-24 15:44:00.320 29806 29806 E ActivityThread: 	at com.android.internal.os.ZygoteInit$MethodAndArgsCaller.run(ZygoteInit.java:1068)
08-24 15:44:00.320 29806 29806 E ActivityThread: 	at com.android.internal.os.ZygoteInit.main(ZygoteInit.java:929)
08-24 15:44:01.137 29806 29806 E ActivityThread: Service com.android.providers.media.MtpService has leaked IntentReceiver com.android.providers.media.MtpService$3@3eaebdb that was originally registered here. Are you missing a call to unregisterReceiver()?
08-24 15:44:01.137 29806 29806 E ActivityThread: android.app.IntentReceiverLeaked: Service com.android.providers.media.MtpService has leaked IntentReceiver com.android.providers.media.MtpService$3@3eaebdb that was originally registered here. Are you missing a call to unregisterReceiver()?
08-24 15:44:01.137 29806 29806 E ActivityThread: 	at android.app.LoadedApk$ReceiverDispatcher.<init>(LoadedApk.java:1199)
08-24 15:44:01.137 29806 29806 E ActivityThread: 	at android.app.LoadedApk.getReceiverDispatcher(LoadedApk.java:951)
08-24 15:44:01.137 29806 29806 E ActivityThread: 	at android.app.ContextImpl.registerReceiverInternal(ContextImpl.java:1314)
08-24 15:44:01.137 29806 29806 E ActivityThread: 	at android.app.ContextImpl.registerReceiver(ContextImpl.java:1294)
08-24 15:44:01.137 29806 29806 E ActivityThread: 	at android.app.ContextImpl.registerReceiver(ContextImpl.java:1288)
08-24 15:44:01.137 29806 29806 E ActivityThread: 	at android.content.ContextWrapper.registerReceiver(ContextWrapper.java:586)
08-24 15:44:01.137 29806 29806 E ActivityThread: 	at com.android.providers.media.MtpService.onCreate(MtpService.java:101)
08-24 15:44:01.137 29806 29806 E ActivityThread: 	at android.app.ActivityThread.handleCreateService(ActivityThread.java:3253)
08-24 15:44:01.137 29806 29806 E ActivityThread: 	at android.app.ActivityThread.-wrap5(ActivityThread.java)
08-24 15:44:01.137 29806 29806 E ActivityThread: 	at android.app.ActivityThread$H.handleMessage(ActivityThread.java:1617)
08-24 15:44:01.137 29806 29806 E ActivityThread: 	at android.os.Handler.dispatchMessage(Handler.java:110)
08-24 15:44:01.137 29806 29806 E ActivityThread: 	at android.os.Looper.loop(Looper.java:203)
08-24 15:44:01.137 29806 29806 E ActivityThread: 	at android.app.ActivityThread.main(ActivityThread.java:6251)
08-24 15:44:01.137 29806 29806 E ActivityThread: 	at java.lang.reflect.Method.invoke(Native Method)
08-24 15:44:01.137 29806 29806 E ActivityThread: 	at com.android.internal.os.ZygoteInit$MethodAndArgsCaller.run(ZygoteInit.java:1068)
08-24 15:44:01.137 29806 29806 E ActivityThread: 	at com.android.internal.os.ZygoteInit.main(ZygoteInit.java:929)
08-24 15:44:02.024 29806 29806 E ActivityThread: Service com.android.providers.media.MtpService has leaked IntentReceiver com.android.providers.media.MtpService$3@a12ff42 that was originally registered here. Are you missing a call to unregisterReceiver()?
08-24 15:44:02.024 29806 29806 E ActivityThread: android.app.IntentReceiverLeaked: Service com.android.providers.media.MtpService has leaked IntentReceiver com.android.providers.media.MtpService$3@a12ff42 that was originally registered here. Are you missing a call to unregisterReceiver()?
08-24 15:44:02.024 29806 29806 E ActivityThread: 	at android.app.LoadedApk$ReceiverDispatcher.<init>(LoadedApk.java:1199)
08-24 15:44:02.024 29806 29806 E ActivityThread: 	at android.app.LoadedApk.getReceiverDispatcher(LoadedApk.java:951)
08-24 15:44:02.024 29806 29806 E ActivityThread: 	at android.app.ContextImpl.registerReceiverInternal(ContextImpl.java:1314)
08-24 15:44:02.024 29806 29806 E ActivityThread: 	at android.app.ContextImpl.registerReceiver(ContextImpl.java:1294)
08-24 15:44:02.024 29806 29806 E ActivityThread: 	at android.app.ContextImpl.registerReceiver(ContextImpl.java:1288)
08-24 15:44:02.024 29806 29806 E ActivityThread: 	at android.content.ContextWrapper.registerReceiver(ContextWrapper.java:586)
08-24 15:44:02.024 29806 29806 E ActivityThread: 	at com.android.providers.media.MtpService.onCreate(MtpService.java:101)
08-24 15:44:02.024 29806 29806 E ActivityThread: 	at android.app.ActivityThread.handleCreateService(ActivityThread.java:3253)
08-24 15:44:02.024 29806 29806 E ActivityThread: 	at android.app.ActivityThread.-wrap5(ActivityThread.java)
08-24 15:44:02.024 29806 29806 E ActivityThread: 	at android.app.ActivityThread$H.handleMessage(ActivityThread.java:1617)
08-24 15:44:02.024 29806 29806 E ActivityThread: 	at android.os.Handler.dispatchMessage(Handler.java:110)
08-24 15:44:02.024 29806 29806 E ActivityThread: 	at android.os.Looper.loop(Looper.java:203)
08-24 15:44:02.024 29806 29806 E ActivityThread: 	at android.app.ActivityThread.main(ActivityThread.java:6251)
08-24 15:44:02.024 29806 29806 E ActivityThread: 	at java.lang.reflect.Method.invoke(Native Method)
08-24 15:44:02.024 29806 29806 E ActivityThread: 	at com.android.internal.os.ZygoteInit$MethodAndArgsCaller.run(ZygoteInit.java:1068)
08-24 15:44:02.024 29806 29806 E ActivityThread: 	at com.android.internal.os.ZygoteInit.main(ZygoteInit.java:929)
08-24 15:44:05.800 29806 29806 E ActivityThread: Service com.android.providers.media.MtpService has leaked IntentReceiver com.android.providers.media.MtpService$3@878c545 that was originally registered here. Are you missing a call to unregisterReceiver()?
08-24 15:44:05.800 29806 29806 E ActivityThread: android.app.IntentReceiverLeaked: Service com.android.providers.media.MtpService has leaked IntentReceiver com.android.providers.media.MtpService$3@878c545 that was originally registered here. Are you missing a call to unregisterReceiver()?
08-24 15:44:05.800 29806 29806 E ActivityThread: 	at android.app.LoadedApk$ReceiverDispatcher.<init>(LoadedApk.java:1199)
08-24 15:44:05.800 29806 29806 E ActivityThread: 	at android.app.LoadedApk.getReceiverDispatcher(LoadedApk.java:951)
08-24 15:44:05.800 29806 29806 E ActivityThread: 	at android.app.ContextImpl.registerReceiverInternal(ContextImpl.java:1314)
08-24 15:44:05.800 29806 29806 E ActivityThread: 	at android.app.ContextImpl.registerReceiver(ContextImpl.java:1294)
08-24 15:44:05.800 29806 29806 E ActivityThread: 	at android.app.ContextImpl.registerReceiver(ContextImpl.java:1288)
08-24 15:44:05.800 29806 29806 E ActivityThread: 	at android.content.ContextWrapper.registerReceiver(ContextWrapper.java:586)
08-24 15:44:05.800 29806 29806 E ActivityThread: 	at com.android.providers.media.MtpService.onCreate(MtpService.java:101)
08-24 15:44:05.800 29806 29806 E ActivityThread: 	at android.app.ActivityThread.handleCreateService(ActivityThread.java:3253)
08-24 15:44:05.800 29806 29806 E ActivityThread: 	at android.app.ActivityThread.-wrap5(ActivityThread.java)
08-24 15:44:05.800 29806 29806 E ActivityThread: 	at android.app.ActivityThread$H.handleMessage(ActivityThread.java:1617)
08-24 15:44:05.800 29806 29806 E ActivityThread: 	at android.os.Handler.dispatchMessage(Handler.java:110)
08-24 15:44:05.800 29806 29806 E ActivityThread: 	at android.os.Looper.loop(Looper.java:203)
08-24 15:44:05.800 29806 29806 E ActivityThread: 	at android.app.ActivityThread.main(ActivityThread.java:6251)
08-24 15:44:05.800 29806 29806 E ActivityThread: 	at java.lang.reflect.Method.invoke(Native Method)
08-24 15:44:05.800 29806 29806 E ActivityThread: 	at com.android.internal.os.ZygoteInit$MethodAndArgsCaller.run(ZygoteInit.java:1068)
08-24 15:44:05.800 29806 29806 E ActivityThread: 	at com.android.internal.os.ZygoteInit.main(ZygoteInit.java:929)
08-24 15:44:07.795 29806 29806 E ActivityThread: Service com.android.providers.media.MtpService has leaked IntentReceiver com.android.providers.media.MtpService$3@f479c54 that was originally registered here. Are you missing a call to unregisterReceiver()?
08-24 15:44:07.795 29806 29806 E ActivityThread: android.app.IntentReceiverLeaked: Service com.android.providers.media.MtpService has leaked IntentReceiver com.android.providers.media.MtpService$3@f479c54 that was originally registered here. Are you missing a call to unregisterReceiver()?
08-24 15:44:07.795 29806 29806 E ActivityThread: 	at android.app.LoadedApk$ReceiverDispatcher.<init>(LoadedApk.java:1199)
08-24 15:44:07.795 29806 29806 E ActivityThread: 	at android.app.LoadedApk.getReceiverDispatcher(LoadedApk.java:951)
08-24 15:44:07.795 29806 29806 E ActivityThread: 	at android.app.ContextImpl.registerReceiverInternal(ContextImpl.java:1314)
08-24 15:44:07.795 29806 29806 E ActivityThread: 	at android.app.ContextImpl.registerReceiver(ContextImpl.java:1294)
08-24 15:44:07.795 29806 29806 E ActivityThread: 	at android.app.ContextImpl.registerReceiver(ContextImpl.java:1288)
08-24 15:44:07.795 29806 29806 E ActivityThread: 	at android.content.ContextWrapper.registerReceiver(ContextWrapper.java:586)
08-24 15:44:07.795 29806 29806 E ActivityThread: 	at com.android.providers.media.MtpService.onCreate(MtpService.java:101)
08-24 15:44:07.795 29806 29806 E ActivityThread: 	at android.app.ActivityThread.handleCreateService(ActivityThread.java:3253)
08-24 15:44:07.795 29806 29806 E ActivityThread: 	at android.app.ActivityThread.-wrap5(ActivityThread.java)
08-24 15:44:07.795 29806 29806 E ActivityThread: 	at android.app.ActivityThread$H.handleMessage(ActivityThread.java:1617)
08-24 15:44:07.795 29806 29806 E ActivityThread: 	at android.os.Handler.dispatchMessage(Handler.java:110)
08-24 15:44:07.795 29806 29806 E ActivityThread: 	at android.os.Looper.loop(Looper.java:203)
08-24 15:44:07.795 29806 29806 E ActivityThread: 	at android.app.ActivityThread.main(ActivityThread.java:6251)
08-24 15:44:07.795 29806 29806 E ActivityThread: 	at java.lang.reflect.Method.invoke(Native Method)
08-24 15:44:07.795 29806 29806 E ActivityThread: 	at com.android.internal.os.ZygoteInit$MethodAndArgsCaller.run(ZygoteInit.java:1068)
08-24 15:44:07.795 29806 29806 E ActivityThread: 	at com.android.internal.os.ZygoteInit.main(ZygoteInit.java:929)
08-24 15:44:09.798 29806 29806 E ActivityThread: Service com.android.providers.media.MtpService has leaked IntentReceiver com.android.providers.media.MtpService$3@c26ac9f that was originally registered here. Are you missing a call to unregisterReceiver()?
08-24 15:44:09.798 29806 29806 E ActivityThread: android.app.IntentReceiverLeaked: Service com.android.providers.media.MtpService has leaked IntentReceiver com.android.providers.media.MtpService$3@c26ac9f that was originally registered here. Are you missing a call to unregisterReceiver()?
08-24 15:44:09.798 29806 29806 E ActivityThread: 	at android.app.LoadedApk$ReceiverDispatcher.<init>(LoadedApk.java:1199)
08-24 15:44:09.798 29806 29806 E ActivityThread: 	at android.app.LoadedApk.getReceiverDispatcher(LoadedApk.java:951)
08-24 15:44:09.798 29806 29806 E ActivityThread: 	at android.app.ContextImpl.registerReceiverInternal(ContextImpl.java:1314)
08-24 15:44:09.798 29806 29806 E ActivityThread: 	at android.app.ContextImpl.registerReceiver(ContextImpl.java:1294)
08-24 15:44:09.798 29806 29806 E ActivityThread: 	at android.app.ContextImpl.registerReceiver(ContextImpl.java:1288)
08-24 15:44:09.798 29806 29806 E ActivityThread: 	at android.content.ContextWrapper.registerReceiver(ContextWrapper.java:586)
08-24 15:44:09.798 29806 29806 E ActivityThread: 	at com.android.providers.media.MtpService.onCreate(MtpService.java:101)
08-24 15:44:09.798 29806 29806 E ActivityThread: 	at android.app.ActivityThread.handleCreateService(ActivityThread.java:3253)
08-24 15:44:09.798 29806 29806 E ActivityThread: 	at android.app.ActivityThread.-wrap5(ActivityThread.java)
08-24 15:44:09.798 29806 29806 E ActivityThread: 	at android.app.ActivityThread$H.handleMessage(ActivityThread.java:1617)
08-24 15:44:09.798 29806 29806 E ActivityThread: 	at android.os.Handler.dispatchMessage(Handler.java:110)
08-24 15:44:09.798 29806 29806 E ActivityThread: 	at android.os.Looper.loop(Looper.java:203)
08-24 15:44:09.798 29806 29806 E ActivityThread: 	at android.app.ActivityThread.main(ActivityThread.java:6251)
08-24 15:44:09.798 29806 29806 E ActivityThread: 	at java.lang.reflect.Method.invoke(Native Method)
08-24 15:44:09.798 29806 29806 E ActivityThread: 	at com.android.internal.os.ZygoteInit$MethodAndArgsCaller.run(ZygoteInit.java:1068)
08-24 15:44:09.798 29806 29806 E ActivityThread: 	at com.android.internal.os.ZygoteInit.main(ZygoteInit.java:929)
08-24 15:44:11.657  2503  2580 E ActivityManager: applyOptionsLocked: Unknown animationType=0
08-24 15:44:11.802 29806 29806 E ActivityThread: Service com.android.providers.media.MtpService has leaked IntentReceiver com.android.providers.media.MtpService$3@7514f16 that was originally registered here. Are you missing a call to unregisterReceiver()?
08-24 15:44:11.802 29806 29806 E ActivityThread: android.app.IntentReceiverLeaked: Service com.android.providers.media.MtpService has leaked IntentReceiver com.android.providers.media.MtpService$3@7514f16 that was originally registered here. Are you missing a call to unregisterReceiver()?
08-24 15:44:11.802 29806 29806 E ActivityThread: 	at android.app.LoadedApk$ReceiverDispatcher.<init>(LoadedApk.java:1199)
08-24 15:44:11.802 29806 29806 E ActivityThread: 	at android.app.LoadedApk.getReceiverDispatcher(LoadedApk.java:951)
08-24 15:44:11.802 29806 29806 E ActivityThread: 	at android.app.ContextImpl.registerReceiverInternal(ContextImpl.java:1314)
08-24 15:44:11.802 29806 29806 E ActivityThread: 	at android.app.ContextImpl.registerReceiver(ContextImpl.java:1294)
08-24 15:44:11.802 29806 29806 E ActivityThread: 	at android.app.ContextImpl.registerReceiver(ContextImpl.java:1288)
08-24 15:44:11.802 29806 29806 E ActivityThread: 	at android.content.ContextWrapper.registerReceiver(ContextWrapper.java:586)
08-24 15:44:11.802 29806 29806 E ActivityThread: 	at com.android.providers.media.MtpService.onCreate(MtpService.java:101)
08-24 15:44:11.802 29806 29806 E ActivityThread: 	at android.app.ActivityThread.handleCreateService(ActivityThread.java:3253)
08-24 15:44:11.802 29806 29806 E ActivityThread: 	at android.app.ActivityThread.-wrap5(ActivityThread.java)
08-24 15:44:11.802 29806 29806 E ActivityThread: 	at android.app.ActivityThread$H.handleMessage(ActivityThread.java:1617)
08-24 15:44:11.802 29806 29806 E ActivityThread: 	at android.os.Handler.dispatchMessage(Handler.java:110)
08-24 15:44:11.802 29806 29806 E ActivityThread: 	at android.os.Looper.loop(Looper.java:203)
08-24 15:44:11.802 29806 29806 E ActivityThread: 	at android.app.ActivityThread.main(ActivityThread.java:6251)
08-24 15:44:11.802 29806 29806 E ActivityThread: 	at java.lang.reflect.Method.invoke(Native Method)
08-24 15:44:11.802 29806 29806 E ActivityThread: 	at com.android.internal.os.ZygoteInit$MethodAndArgsCaller.run(ZygoteInit.java:1068)
08-24 15:44:11.802 29806 29806 E ActivityThread: 	at com.android.internal.os.ZygoteInit.main(ZygoteInit.java:929)
08-24 15:44:24.719  2503  2580 E ActivityManager: applyOptionsLocked: Unknown animationType=0
08-24 15:44:33.272  2703  3353 E ActivityThread: Failed to find provider info for com.transsion.hilauncher.unreadprovider
08-24 15:44:35.919 29806 29806 E ActivityThread: Service com.android.providers.media.MtpService has leaked IntentReceiver com.android.providers.media.MtpService$3@1761069 that was originally registered here. Are you missing a call to unregisterReceiver()?
08-24 15:44:35.919 29806 29806 E ActivityThread: android.app.IntentReceiverLeaked: Service com.android.providers.media.MtpService has leaked IntentReceiver com.android.providers.media.MtpService$3@1761069 that was originally registered here. Are you missing a call to unregisterReceiver()?
08-24 15:44:35.919 29806 29806 E ActivityThread: 	at android.app.LoadedApk$ReceiverDispatcher.<init>(LoadedApk.java:1199)
08-24 15:44:35.919 29806 29806 E ActivityThread: 	at android.app.LoadedApk.getReceiverDispatcher(LoadedApk.java:951)
08-24 15:44:35.919 29806 29806 E ActivityThread: 	at android.app.ContextImpl.registerReceiverInternal(ContextImpl.java:1314)
08-24 15:44:35.919 29806 29806 E ActivityThread: 	at android.app.ContextImpl.registerReceiver(ContextImpl.java:1294)
08-24 15:44:35.919 29806 29806 E ActivityThread: 	at android.app.ContextImpl.registerReceiver(ContextImpl.java:1288)
08-24 15:44:35.919 29806 29806 E ActivityThread: 	at android.content.ContextWrapper.registerReceiver(ContextWrapper.java:586)
08-24 15:44:35.919 29806 29806 E ActivityThread: 	at com.android.providers.media.MtpService.onCreate(MtpService.java:101)
08-24 15:44:35.919 29806 29806 E ActivityThread: 	at android.app.ActivityThread.handleCreateService(ActivityThread.java:3253)
08-24 15:44:35.919 29806 29806 E ActivityThread: 	at android.app.ActivityThread.-wrap5(ActivityThread.java)
08-24 15:44:35.919 29806 29806 E ActivityThread: 	at android.app.ActivityThread$H.handleMessage(ActivityThread.java:1617)
08-24 15:44:35.919 29806 29806 E ActivityThread: 	at android.os.Handler.dispatchMessage(Handler.java:110)
08-24 15:44:35.919 29806 29806 E ActivityThread: 	at android.os.Looper.loop(Looper.java:203)
08-24 15:44:35.919 29806 29806 E ActivityThread: 	at android.app.ActivityThread.main(ActivityThread.java:6251)
08-24 15:44:35.919 29806 29806 E ActivityThread: 	at java.lang.reflect.Method.invoke(Native Method)
08-24 15:44:35.919 29806 29806 E ActivityThread: 	at com.android.internal.os.ZygoteInit$MethodAndArgsCaller.run(ZygoteInit.java:1068)
08-24 15:44:35.919 29806 29806 E ActivityThread: 	at com.android.internal.os.ZygoteInit.main(ZygoteInit.java:929)
08-24 15:45:06.071 29806 29806 E ActivityThread: Service com.android.providers.media.MtpService has leaked IntentReceiver com.android.providers.media.MtpService$3@60ac008 that was originally registered here. Are you missing a call to unregisterReceiver()?
08-24 15:45:06.071 29806 29806 E ActivityThread: android.app.IntentReceiverLeaked: Service com.android.providers.media.MtpService has leaked IntentReceiver com.android.providers.media.MtpService$3@60ac008 that was originally registered here. Are you missing a call to unregisterReceiver()?
08-24 15:45:06.071 29806 29806 E ActivityThread: 	at android.app.LoadedApk$ReceiverDispatcher.<init>(LoadedApk.java:1199)
08-24 15:45:06.071 29806 29806 E ActivityThread: 	at android.app.LoadedApk.getReceiverDispatcher(LoadedApk.java:951)
08-24 15:45:06.071 29806 29806 E ActivityThread: 	at android.app.ContextImpl.registerReceiverInternal(ContextImpl.java:1314)
08-24 15:45:06.071 29806 29806 E ActivityThread: 	at android.app.ContextImpl.registerReceiver(ContextImpl.java:1294)
08-24 15:45:06.071 29806 29806 E ActivityThread: 	at android.app.ContextImpl.registerReceiver(ContextImpl.java:1288)
08-24 15:45:06.071 29806 29806 E ActivityThread: 	at android.content.ContextWrapper.registerReceiver(ContextWrapper.java:586)
08-24 15:45:06.071 29806 29806 E ActivityThread: 	at com.android.providers.media.MtpService.onCreate(MtpService.java:101)
08-24 15:45:06.071 29806 29806 E ActivityThread: 	at android.app.ActivityThread.handleCreateService(ActivityThread.java:3253)
08-24 15:45:06.071 29806 29806 E ActivityThread: 	at android.app.ActivityThread.-wrap5(ActivityThread.java)
08-24 15:45:06.071 29806 29806 E ActivityThread: 	at android.app.ActivityThread$H.handleMessage(ActivityThread.java:1617)
08-24 15:45:06.071 29806 29806 E ActivityThread: 	at android.os.Handler.dispatchMessage(Handler.java:110)
08-24 15:45:06.071 29806 29806 E ActivityThread: 	at android.os.Looper.loop(Looper.java:203)
08-24 15:45:06.071 29806 29806 E ActivityThread: 	at android.app.ActivityThread.main(ActivityThread.java:6251)
08-24 15:45:06.071 29806 29806 E ActivityThread: 	at java.lang.reflect.Method.invoke(Native Method)
08-24 15:45:06.071 29806 29806 E ActivityThread: 	at com.android.internal.os.ZygoteInit$MethodAndArgsCaller.run(ZygoteInit.java:1068)
08-24 15:45:06.071 29806 29806 E ActivityThread: 	at com.android.internal.os.ZygoteInit.main(ZygoteInit.java:929)
08-24 15:45:08.816 29806 29806 E ActivityThread: Service com.android.providers.media.MtpService has leaked IntentReceiver com.android.providers.media.MtpService$3@2cdbb23 that was originally registered here. Are you missing a call to unregisterReceiver()?
08-24 15:45:08.816 29806 29806 E ActivityThread: android.app.IntentReceiverLeaked: Service com.android.providers.media.MtpService has leaked IntentReceiver com.android.providers.media.MtpService$3@2cdbb23 that was originally registered here. Are you missing a call to unregisterReceiver()?
08-24 15:45:08.816 29806 29806 E ActivityThread: 	at android.app.LoadedApk$ReceiverDispatcher.<init>(LoadedApk.java:1199)
08-24 15:45:08.816 29806 29806 E ActivityThread: 	at android.app.LoadedApk.getReceiverDispatcher(LoadedApk.java:951)
08-24 15:45:08.816 29806 29806 E ActivityThread: 	at android.app.ContextImpl.registerReceiverInternal(ContextImpl.java:1314)
08-24 15:45:08.816 29806 29806 E ActivityThread: 	at android.app.ContextImpl.registerReceiver(ContextImpl.java:1294)
08-24 15:45:08.816 29806 29806 E ActivityThread: 	at android.app.ContextImpl.registerReceiver(ContextImpl.java:1288)
08-24 15:45:08.816 29806 29806 E ActivityThread: 	at android.content.ContextWrapper.registerReceiver(ContextWrapper.java:586)
08-24 15:45:08.816 29806 29806 E ActivityThread: 	at com.android.providers.media.MtpService.onCreate(MtpService.java:101)
08-24 15:45:08.816 29806 29806 E ActivityThread: 	at android.app.ActivityThread.handleCreateService(ActivityThread.java:3253)
08-24 15:45:08.816 29806 29806 E ActivityThread: 	at android.app.ActivityThread.-wrap5(ActivityThread.java)
08-24 15:45:08.816 29806 29806 E ActivityThread: 	at android.app.ActivityThread$H.handleMessage(ActivityThread.java:1617)
08-24 15:45:08.816 29806 29806 E ActivityThread: 	at android.os.Handler.dispatchMessage(Handler.java:110)
08-24 15:45:08.816 29806 29806 E ActivityThread: 	at android.os.Looper.loop(Looper.java:203)
08-24 15:45:08.816 29806 29806 E ActivityThread: 	at android.app.ActivityThread.main(ActivityThread.java:6251)
08-24 15:45:08.816 29806 29806 E ActivityThread: 	at java.lang.reflect.Method.invoke(Native Method)
08-24 15:45:08.816 29806 29806 E ActivityThread: 	at com.android.internal.os.ZygoteInit$MethodAndArgsCaller.run(ZygoteInit.java:1068)
08-24 15:45:08.816 29806 29806 E ActivityThread: 	at com.android.internal.os.ZygoteInit.main(ZygoteInit.java:929)
08-24 15:45:17.741  2703  3353 E ActivityThread: Failed to find provider info for com.transsion.hilauncher.unreadprovider
08-24 15:45:17.956  2703  3353 E ActivityThread: Failed to find provider info for com.transsion.hilauncher.unreadprovider
08-24 15:45:28.930  2503  3427 E ActivityManager: applyOptionsLocked: Unknown animationType=0
08-24 15:45:34.578  2703  3353 E ActivityThread: Failed to find provider info for com.transsion.hilauncher.unreadprovider
08-24 15:45:51.160 29806 29806 E ActivityThread: Service com.android.providers.media.MtpService has leaked IntentReceiver com.android.providers.media.MtpService$3@f9d63aa that was originally registered here. Are you missing a call to unregisterReceiver()?
08-24 15:45:51.160 29806 29806 E ActivityThread: android.app.IntentReceiverLeaked: Service com.android.providers.media.MtpService has leaked IntentReceiver com.android.providers.media.MtpService$3@f9d63aa that was originally registered here. Are you missing a call to unregisterReceiver()?
08-24 15:45:51.160 29806 29806 E ActivityThread: 	at android.app.LoadedApk$ReceiverDispatcher.<init>(LoadedApk.java:1199)
08-24 15:45:51.160 29806 29806 E ActivityThread: 	at android.app.LoadedApk.getReceiverDispatcher(LoadedApk.java:951)
08-24 15:45:51.160 29806 29806 E ActivityThread: 	at android.app.ContextImpl.registerReceiverInternal(ContextImpl.java:1314)
08-24 15:45:51.160 29806 29806 E ActivityThread: 	at android.app.ContextImpl.registerReceiver(ContextImpl.java:1294)
08-24 15:45:51.160 29806 29806 E ActivityThread: 	at android.app.ContextImpl.registerReceiver(ContextImpl.java:1288)
08-24 15:45:51.160 29806 29806 E ActivityThread: 	at android.content.ContextWrapper.registerReceiver(ContextWrapper.java:586)
08-24 15:45:51.160 29806 29806 E ActivityThread: 	at com.android.providers.media.MtpService.onCreate(MtpService.java:101)
08-24 15:45:51.160 29806 29806 E ActivityThread: 	at android.app.ActivityThread.handleCreateService(ActivityThread.java:3253)
08-24 15:45:51.160 29806 29806 E ActivityThread: 	at android.app.ActivityThread.-wrap5(ActivityThread.java)
08-24 15:45:51.160 29806 29806 E ActivityThread: 	at android.app.ActivityThread$H.handleMessage(ActivityThread.java:1617)
08-24 15:45:51.160 29806 29806 E ActivityThread: 	at android.os.Handler.dispatchMessage(Handler.java:110)
08-24 15:45:51.160 29806 29806 E ActivityThread: 	at android.os.Looper.loop(Looper.java:203)
08-24 15:45:51.160 29806 29806 E ActivityThread: 	at android.app.ActivityThread.main(ActivityThread.java:6251)
08-24 15:45:51.160 29806 29806 E ActivityThread: 	at java.lang.reflect.Method.invoke(Native Method)
08-24 15:45:51.160 29806 29806 E ActivityThread: 	at com.android.internal.os.ZygoteInit$MethodAndArgsCaller.run(ZygoteInit.java:1068)
08-24 15:45:51.160 29806 29806 E ActivityThread: 	at com.android.internal.os.ZygoteInit.main(ZygoteInit.java:929)
08-24 15:45:51.899 29806 29806 E ActivityThread: Service com.android.providers.media.MtpService has leaked IntentReceiver com.android.providers.media.MtpService$3@442734d that was originally registered here. Are you missing a call to unregisterReceiver()?
08-24 15:45:51.899 29806 29806 E ActivityThread: android.app.IntentReceiverLeaked: Service com.android.providers.media.MtpService has leaked IntentReceiver com.android.providers.media.MtpService$3@442734d that was originally registered here. Are you missing a call to unregisterReceiver()?
08-24 15:45:51.899 29806 29806 E ActivityThread: 	at android.app.LoadedApk$ReceiverDispatcher.<init>(LoadedApk.java:1199)
08-24 15:45:51.899 29806 29806 E ActivityThread: 	at android.app.LoadedApk.getReceiverDispatcher(LoadedApk.java:951)
08-24 15:45:51.899 29806 29806 E ActivityThread: 	at android.app.ContextImpl.registerReceiverInternal(ContextImpl.java:1314)
08-24 15:45:51.899 29806 29806 E ActivityThread: 	at android.app.ContextImpl.registerReceiver(ContextImpl.java:1294)
08-24 15:45:51.899 29806 29806 E ActivityThread: 	at android.app.ContextImpl.registerReceiver(ContextImpl.java:1288)
08-24 15:45:51.899 29806 29806 E ActivityThread: 	at android.content.ContextWrapper.registerReceiver(ContextWrapper.java:586)
