--------- beginning of system
08-24 15:22:00.952 29806 29806 E ActivityThread: Service com.android.providers.media.MtpService has leaked IntentReceiver com.android.providers.media.MtpService$3@b966351 that was originally registered here. Are you missing a call to unregisterReceiver()?
08-24 15:22:00.952 29806 29806 E ActivityThread: android.app.IntentReceiverLeaked: Service com.android.providers.media.MtpService has leaked IntentReceiver com.android.providers.media.MtpService$3@b966351 that was originally registered here. Are you missing a call to unregisterReceiver()?
08-24 15:22:00.952 29806 29806 E ActivityThread: 	at android.app.LoadedApk$ReceiverDispatcher.<init>(LoadedApk.java:1199)
08-24 15:22:00.952 29806 29806 E ActivityThread: 	at android.app.LoadedApk.getReceiverDispatcher(LoadedApk.java:951)
08-24 15:22:00.952 29806 29806 E ActivityThread: 	at android.app.ContextImpl.registerReceiverInternal(ContextImpl.java:1314)
08-24 15:22:00.952 29806 29806 E ActivityThread: 	at android.app.ContextImpl.registerReceiver(ContextImpl.java:1294)
08-24 15:22:00.952 29806 29806 E ActivityThread: 	at android.app.ContextImpl.registerReceiver(ContextImpl.java:1288)
08-24 15:22:00.952 29806 29806 E ActivityThread: 	at android.content.ContextWrapper.registerReceiver(ContextWrapper.java:586)
08-24 15:22:00.952 29806 29806 E ActivityThread: 	at com.android.providers.media.MtpService.onCreate(MtpService.java:101)
08-24 15:22:00.952 29806 29806 E ActivityThread: 	at android.app.ActivityThread.handleCreateService(ActivityThread.java:3253)
08-24 15:22:00.952 29806 29806 E ActivityThread: 	at android.app.ActivityThread.-wrap5(ActivityThread.java)
08-24 15:22:00.952 29806 29806 E ActivityThread: 	at android.app.ActivityThread$H.handleMessage(ActivityThread.java:1617)
08-24 15:22:00.952 29806 29806 E ActivityThread: 	at android.os.Handler.dispatchMessage(Handler.java:110)
08-24 15:22:00.952 29806 29806 E ActivityThread: 	at android.os.Looper.loop(Looper.java:203)
08-24 15:22:00.952 29806 29806 E ActivityThread: 	at android.app.ActivityThread.main(ActivityThread.java:6251)
08-24 15:22:00.952 29806 29806 E ActivityThread: 	at java.lang.reflect.Method.invoke(Native Method)
08-24 15:22:00.952 29806 29806 E ActivityThread: 	at com.android.internal.os.ZygoteInit$MethodAndArgsCaller.run(ZygoteInit.java:1068)
08-24 15:22:00.952 29806 29806 E ActivityThread: 	at com.android.internal.os.ZygoteInit.main(ZygoteInit.java:929)
08-24 15:22:02.088 29806 29806 E ActivityThread: Service com.android.providers.media.MtpService has leaked IntentReceiver com.android.providers.media.MtpService$3@5959690 that was originally registered here. Are you missing a call to unregisterReceiver()?
08-24 15:22:02.088 29806 29806 E ActivityThread: android.app.IntentReceiverLeaked: Service com.android.providers.media.MtpService has leaked IntentReceiver com.android.providers.media.MtpService$3@5959690 that was originally registered here. Are you missing a call to unregisterReceiver()?
08-24 15:22:02.088 29806 29806 E ActivityThread: 	at android.app.LoadedApk$ReceiverDispatcher.<init>(LoadedApk.java:1199)
08-24 15:22:02.088 29806 29806 E ActivityThread: 	at android.app.LoadedApk.getReceiverDispatcher(LoadedApk.java:951)
08-24 15:22:02.088 29806 29806 E ActivityThread: 	at android.app.ContextImpl.registerReceiverInternal(ContextImpl.java:1314)
08-24 15:22:02.088 29806 29806 E ActivityThread: 	at android.app.ContextImpl.registerReceiver(ContextImpl.java:1294)
08-24 15:22:02.088 29806 29806 E ActivityThread: 	at android.app.ContextImpl.registerReceiver(ContextImpl.java:1288)
08-24 15:22:02.088 29806 29806 E ActivityThread: 	at android.content.ContextWrapper.registerReceiver(ContextWrapper.java:586)
08-24 15:22:02.088 29806 29806 E ActivityThread: 	at com.android.providers.media.MtpService.onCreate(MtpService.java:101)
08-24 15:22:02.088 29806 29806 E ActivityThread: 	at android.app.ActivityThread.handleCreateService(ActivityThread.java:3253)
08-24 15:22:02.088 29806 29806 E ActivityThread: 	at android.app.ActivityThread.-wrap5(ActivityThread.java)
08-24 15:22:02.088 29806 29806 E ActivityThread: 	at android.app.ActivityThread$H.handleMessage(ActivityThread.java:1617)
08-24 15:22:02.088 29806 29806 E ActivityThread: 	at android.os.Handler.dispatchMessage(Handler.java:110)
08-24 15:22:02.088 29806 29806 E ActivityThread: 	at android.os.Looper.loop(Looper.java:203)
08-24 15:22:02.088 29806 29806 E ActivityThread: 	at android.app.ActivityThread.main(ActivityThread.java:6251)
08-24 15:22:02.088 29806 29806 E ActivityThread: 	at java.lang.reflect.Method.invoke(Native Method)
08-24 15:22:02.088 29806 29806 E ActivityThread: 	at com.android.internal.os.ZygoteInit$MethodAndArgsCaller.run(ZygoteInit.java:1068)
08-24 15:22:02.088 29806 29806 E ActivityThread: 	at com.android.internal.os.ZygoteInit.main(ZygoteInit.java:929)
08-24 15:22:03.372 29806 29806 E ActivityThread: Service com.android.providers.media.MtpService has leaked IntentReceiver com.android.providers.media.MtpService$3@63a03cb that was originally registered here. Are you missing a call to unregisterReceiver()?
08-24 15:22:03.372 29806 29806 E ActivityThread: android.app.IntentReceiverLeaked: Service com.android.providers.media.MtpService has leaked IntentReceiver com.android.providers.media.MtpService$3@63a03cb that was originally registered here. Are you missing a call to unregisterReceiver()?
08-24 15:22:03.372 29806 29806 E ActivityThread: 	at android.app.LoadedApk$ReceiverDispatcher.<init>(LoadedApk.java:1199)
08-24 15:22:03.372 29806 29806 E ActivityThread: 	at android.app.LoadedApk.getReceiverDispatcher(LoadedApk.java:951)
08-24 15:22:03.372 29806 29806 E ActivityThread: 	at android.app.ContextImpl.registerReceiverInternal(ContextImpl.java:1314)
08-24 15:22:03.372 29806 29806 E ActivityThread: 	at android.app.ContextImpl.registerReceiver(ContextImpl.java:1294)
08-24 15:22:03.372 29806 29806 E ActivityThread: 	at android.app.ContextImpl.registerReceiver(ContextImpl.java:1288)
08-24 15:22:03.372 29806 29806 E ActivityThread: 	at android.content.ContextWrapper.registerReceiver(ContextWrapper.java:586)
08-24 15:22:03.372 29806 29806 E ActivityThread: 	at com.android.providers.media.MtpService.onCreate(MtpService.java:101)
08-24 15:22:03.372 29806 29806 E ActivityThread: 	at android.app.ActivityThread.handleCreateService(ActivityThread.java:3253)
08-24 15:22:03.372 29806 29806 E ActivityThread: 	at android.app.ActivityThread.-wrap5(ActivityThread.java)
08-24 15:22:03.372 29806 29806 E ActivityThread: 	at android.app.ActivityThread$H.handleMessage(ActivityThread.java:1617)
08-24 15:22:03.372 29806 29806 E ActivityThread: 	at android.os.Handler.dispatchMessage(Handler.java:110)
08-24 15:22:03.372 29806 29806 E ActivityThread: 	at android.os.Looper.loop(Looper.java:203)
08-24 15:22:03.372 29806 29806 E ActivityThread: 	at android.app.ActivityThread.main(ActivityThread.java:6251)
08-24 15:22:03.372 29806 29806 E ActivityThread: 	at java.lang.reflect.Method.invoke(Native Method)
08-24 15:22:03.372 29806 29806 E ActivityThread: 	at com.android.internal.os.ZygoteInit$MethodAndArgsCaller.run(ZygoteInit.java:1068)
08-24 15:22:03.372 29806 29806 E ActivityThread: 	at com.android.internal.os.ZygoteInit.main(ZygoteInit.java:929)
08-24 15:22:04.622 29806 29806 E ActivityThread: Service com.android.providers.media.MtpService has leaked IntentReceiver com.android.providers.media.MtpService$3@f1146f2 that was originally registered here. Are you missing a call to unregisterReceiver()?
08-24 15:22:04.622 29806 29806 E ActivityThread: android.app.IntentReceiverLeaked: Service com.android.providers.media.MtpService has leaked IntentReceiver com.android.providers.media.MtpService$3@f1146f2 that was originally registered here. Are you missing a call to unregisterReceiver()?
08-24 15:22:04.622 29806 29806 E ActivityThread: 	at android.app.LoadedApk$ReceiverDispatcher.<init>(LoadedApk.java:1199)
08-24 15:22:04.622 29806 29806 E ActivityThread: 	at android.app.LoadedApk.getReceiverDispatcher(LoadedApk.java:951)
08-24 15:22:04.622 29806 29806 E ActivityThread: 	at android.app.ContextImpl.registerReceiverInternal(ContextImpl.java:1314)
08-24 15:22:04.622 29806 29806 E ActivityThread: 	at android.app.ContextImpl.registerReceiver(ContextImpl.java:1294)
08-24 15:22:04.622 29806 29806 E ActivityThread: 	at android.app.ContextImpl.registerReceiver(ContextImpl.java:1288)
08-24 15:22:04.622 29806 29806 E ActivityThread: 	at android.content.ContextWrapper.registerReceiver(ContextWrapper.java:586)
08-24 15:22:04.622 29806 29806 E ActivityThread: 	at com.android.providers.media.MtpService.onCreate(MtpService.java:101)
08-24 15:22:04.622 29806 29806 E ActivityThread: 	at android.app.ActivityThread.handleCreateService(ActivityThread.java:3253)
08-24 15:22:04.622 29806 29806 E ActivityThread: 	at android.app.ActivityThread.-wrap5(ActivityThread.java)
08-24 15:22:04.622 29806 29806 E ActivityThread: 	at android.app.ActivityThread$H.handleMessage(ActivityThread.java:1617)
08-24 15:22:04.622 29806 29806 E ActivityThread: 	at android.os.Handler.dispatchMessage(Handler.java:110)
08-24 15:22:04.622 29806 29806 E ActivityThread: 	at android.os.Looper.loop(Looper.java:203)
08-24 15:22:04.622 29806 29806 E ActivityThread: 	at android.app.ActivityThread.main(ActivityThread.java:6251)
08-24 15:22:04.622 29806 29806 E ActivityThread: 	at java.lang.reflect.Method.invoke(Native Method)
08-24 15:22:04.622 29806 29806 E ActivityThread: 	at com.android.internal.os.ZygoteInit$MethodAndArgsCaller.run(ZygoteInit.java:1068)
08-24 15:22:04.622 29806 29806 E ActivityThread: 	at com.android.internal.os.ZygoteInit.main(ZygoteInit.java:929)
08-24 15:22:06.961 29806 29806 E ActivityThread: Service com.android.providers.media.MtpService has leaked IntentReceiver com.android.providers.media.MtpService$3@a1e3bb5 that was originally registered here. Are you missing a call to unregisterReceiver()?
08-24 15:22:06.961 29806 29806 E ActivityThread: android.app.IntentReceiverLeaked: Service com.android.providers.media.MtpService has leaked IntentReceiver com.android.providers.media.MtpService$3@a1e3bb5 that was originally registered here. Are you missing a call to unregisterReceiver()?
08-24 15:22:06.961 29806 29806 E ActivityThread: 	at android.app.LoadedApk$ReceiverDispatcher.<init>(LoadedApk.java:1199)
08-24 15:22:06.961 29806 29806 E ActivityThread: 	at android.app.LoadedApk.getReceiverDispatcher(LoadedApk.java:951)
08-24 15:22:06.961 29806 29806 E ActivityThread: 	at android.app.ContextImpl.registerReceiverInternal(ContextImpl.java:1314)
08-24 15:22:06.961 29806 29806 E ActivityThread: 	at android.app.ContextImpl.registerReceiver(ContextImpl.java:1294)
08-24 15:22:06.961 29806 29806 E ActivityThread: 	at android.app.ContextImpl.registerReceiver(ContextImpl.java:1288)
08-24 15:22:06.961 29806 29806 E ActivityThread: 	at android.content.ContextWrapper.registerReceiver(ContextWrapper.java:586)
08-24 15:22:06.961 29806 29806 E ActivityThread: 	at com.android.providers.media.MtpService.onCreate(MtpService.java:101)
08-24 15:22:06.961 29806 29806 E ActivityThread: 	at android.app.ActivityThread.handleCreateService(ActivityThread.java:3253)
08-24 15:22:06.961 29806 29806 E ActivityThread: 	at android.app.ActivityThread.-wrap5(ActivityThread.java)
08-24 15:22:06.961 29806 29806 E ActivityThread: 	at android.app.ActivityThread$H.handleMessage(ActivityThread.java:1617)
08-24 15:22:06.961 29806 29806 E ActivityThread: 	at android.os.Handler.dispatchMessage(Handler.java:110)
08-24 15:22:06.961 29806 29806 E ActivityThread: 	at android.os.Looper.loop(Looper.java:203)
08-24 15:22:06.961 29806 29806 E ActivityThread: 	at android.app.ActivityThread.main(ActivityThread.java:6251)
08-24 15:22:06.961 29806 29806 E ActivityThread: 	at java.lang.reflect.Method.invoke(Native Method)
08-24 15:22:06.961 29806 29806 E ActivityThread: 	at com.android.internal.os.ZygoteInit$MethodAndArgsCaller.run(ZygoteInit.java:1068)
08-24 15:22:06.961 29806 29806 E ActivityThread: 	at com.android.internal.os.ZygoteInit.main(ZygoteInit.java:929)
08-24 15:22:08.242 29806 29806 E ActivityThread: Service com.android.providers.media.MtpService has leaked IntentReceiver com.android.providers.media.MtpService$3@2193c84 that was originally registered here. Are you missing a call to unregisterReceiver()?
08-24 15:22:08.242 29806 29806 E ActivityThread: android.app.IntentReceiverLeaked: Service com.android.providers.media.MtpService has leaked IntentReceiver com.android.providers.media.MtpService$3@2193c84 that was originally registered here. Are you missing a call to unregisterReceiver()?
08-24 15:22:08.242 29806 29806 E ActivityThread: 	at android.app.LoadedApk$ReceiverDispatcher.<init>(LoadedApk.java:1199)
08-24 15:22:08.242 29806 29806 E ActivityThread: 	at android.app.LoadedApk.getReceiverDispatcher(LoadedApk.java:951)
08-24 15:22:08.242 29806 29806 E ActivityThread: 	at android.app.ContextImpl.registerReceiverInternal(ContextImpl.java:1314)
08-24 15:22:08.242 29806 29806 E ActivityThread: 	at android.app.ContextImpl.registerReceiver(ContextImpl.java:1294)
08-24 15:22:08.242 29806 29806 E ActivityThread: 	at android.app.ContextImpl.registerReceiver(ContextImpl.java:1288)
08-24 15:22:08.242 29806 29806 E ActivityThread: 	at android.content.ContextWrapper.registerReceiver(ContextWrapper.java:586)
08-24 15:22:08.242 29806 29806 E ActivityThread: 	at com.android.providers.media.MtpService.onCreate(MtpService.java:101)
08-24 15:22:08.242 29806 29806 E ActivityThread: 	at android.app.ActivityThread.handleCreateService(ActivityThread.java:3253)
08-24 15:22:08.242 29806 29806 E ActivityThread: 	at android.app.ActivityThread.-wrap5(ActivityThread.java)
08-24 15:22:08.242 29806 29806 E ActivityThread: 	at android.app.ActivityThread$H.handleMessage(ActivityThread.java:1617)
08-24 15:22:08.242 29806 29806 E ActivityThread: 	at android.os.Handler.dispatchMessage(Handler.java:110)
08-24 15:22:08.242 29806 29806 E ActivityThread: 	at android.os.Looper.loop(Looper.java:203)
08-24 15:22:08.242 29806 29806 E ActivityThread: 	at android.app.ActivityThread.main(ActivityThread.java:6251)
08-24 15:22:08.242 29806 29806 E ActivityThread: 	at java.lang.reflect.Method.invoke(Native Method)
08-24 15:22:08.242 29806 29806 E ActivityThread: 	at com.android.internal.os.ZygoteInit$MethodAndArgsCaller.run(ZygoteInit.java:1068)
08-24 15:22:08.242 29806 29806 E ActivityThread: 	at com.android.internal.os.ZygoteInit.main(ZygoteInit.java:929)
08-24 15:22:09.024 29806 29806 E ActivityThread: Service com.android.providers.media.MtpService has leaked IntentReceiver com.android.providers.media.MtpService$3@b1e5d8f that was originally registered here. Are you missing a call to unregisterReceiver()?
08-24 15:22:09.024 29806 29806 E ActivityThread: android.app.IntentReceiverLeaked: Service com.android.providers.media.MtpService has leaked IntentReceiver com.android.providers.media.MtpService$3@b1e5d8f that was originally registered here. Are you missing a call to unregisterReceiver()?
08-24 15:22:09.024 29806 29806 E ActivityThread: 	at android.app.LoadedApk$ReceiverDispatcher.<init>(LoadedApk.java:1199)
08-24 15:22:09.024 29806 29806 E ActivityThread: 	at android.app.LoadedApk.getReceiverDispatcher(LoadedApk.java:951)
08-24 15:22:09.024 29806 29806 E ActivityThread: 	at android.app.ContextImpl.registerReceiverInternal(ContextImpl.java:1314)
08-24 15:22:09.024 29806 29806 E ActivityThread: 	at android.app.ContextImpl.registerReceiver(ContextImpl.java:1294)
08-24 15:22:09.024 29806 29806 E ActivityThread: 	at android.app.ContextImpl.registerReceiver(ContextImpl.java:1288)
08-24 15:22:09.024 29806 29806 E ActivityThread: 	at android.content.ContextWrapper.registerReceiver(ContextWrapper.java:586)
08-24 15:22:09.024 29806 29806 E ActivityThread: 	at com.android.providers.media.MtpService.onCreate(MtpService.java:101)
08-24 15:22:09.024 29806 29806 E ActivityThread: 	at android.app.ActivityThread.handleCreateService(ActivityThread.java:3253)
08-24 15:22:09.024 29806 29806 E ActivityThread: 	at android.app.ActivityThread.-wrap5(ActivityThread.java)
08-24 15:22:09.024 29806 29806 E ActivityThread: 	at android.app.ActivityThread$H.handleMessage(ActivityThread.java:1617)
08-24 15:22:09.024 29806 29806 E ActivityThread: 	at android.os.Handler.dispatchMessage(Handler.java:110)
08-24 15:22:09.024 29806 29806 E ActivityThread: 	at android.os.Looper.loop(Looper.java:203)
08-24 15:22:09.024 29806 29806 E ActivityThread: 	at android.app.ActivityThread.main(ActivityThread.java:6251)
08-24 15:22:09.024 29806 29806 E ActivityThread: 	at java.lang.reflect.Method.invoke(Native Method)
08-24 15:22:09.024 29806 29806 E ActivityThread: 	at com.android.internal.os.ZygoteInit$MethodAndArgsCaller.run(ZygoteInit.java:1068)
08-24 15:22:09.024 29806 29806 E ActivityThread: 	at com.android.internal.os.ZygoteInit.main(ZygoteInit.java:929)
08-24 15:22:10.447 29806 29806 E ActivityThread: Service com.android.providers.media.MtpService has leaked IntentReceiver com.android.providers.media.MtpService$3@23593c6 that was originally registered here. Are you missing a call to unregisterReceiver()?
08-24 15:22:10.447 29806 29806 E ActivityThread: android.app.IntentReceiverLeaked: Service com.android.providers.media.MtpService has leaked IntentReceiver com.android.providers.media.MtpService$3@23593c6 that was originally registered here. Are you missing a call to unregisterReceiver()?
08-24 15:22:10.447 29806 29806 E ActivityThread: 	at android.app.LoadedApk$ReceiverDispatcher.<init>(LoadedApk.java:1199)
08-24 15:22:10.447 29806 29806 E ActivityThread: 	at android.app.LoadedApk.getReceiverDispatcher(LoadedApk.java:951)
08-24 15:22:10.447 29806 29806 E ActivityThread: 	at android.app.ContextImpl.registerReceiverInternal(ContextImpl.java:1314)
08-24 15:22:10.447 29806 29806 E ActivityThread: 	at android.app.ContextImpl.registerReceiver(ContextImpl.java:1294)
08-24 15:22:10.447 29806 29806 E ActivityThread: 	at android.app.ContextImpl.registerReceiver(ContextImpl.java:1288)
08-24 15:22:10.447 29806 29806 E ActivityThread: 	at android.content.ContextWrapper.registerReceiver(ContextWrapper.java:586)
08-24 15:22:10.447 29806 29806 E ActivityThread: 	at com.android.providers.media.MtpService.onCreate(MtpService.java:101)
08-24 15:22:10.447 29806 29806 E ActivityThread: 	at android.app.ActivityThread.handleCreateService(ActivityThread.java:3253)
08-24 15:22:10.447 29806 29806 E ActivityThread: 	at android.app.ActivityThread.-wrap5(ActivityThread.java)
08-24 15:22:10.447 29806 29806 E ActivityThread: 	at android.app.ActivityThread$H.handleMessage(ActivityThread.java:1617)
08-24 15:22:10.447 29806 29806 E ActivityThread: 	at android.os.Handler.dispatchMessage(Handler.java:110)
08-24 15:22:10.447 29806 29806 E ActivityThread: 	at android.os.Looper.loop(Looper.java:203)
08-24 15:22:10.447 29806 29806 E ActivityThread: 	at android.app.ActivityThread.main(ActivityThread.java:6251)
08-24 15:22:10.447 29806 29806 E ActivityThread: 	at java.lang.reflect.Method.invoke(Native Method)
08-24 15:22:10.447 29806 29806 E ActivityThread: 	at com.android.internal.os.ZygoteInit$MethodAndArgsCaller.run(ZygoteInit.java:1068)
08-24 15:22:10.447 29806 29806 E ActivityThread: 	at com.android.internal.os.ZygoteInit.main(ZygoteInit.java:929)
08-24 15:22:13.943 29806 29806 E ActivityThread: Service com.android.providers.media.MtpService has leaked IntentReceiver com.android.providers.media.MtpService$3@2a077d9 that was originally registered here. Are you missing a call to unregisterReceiver()?
08-24 15:22:13.943 29806 29806 E ActivityThread: android.app.IntentReceiverLeaked: Service com.android.providers.media.MtpService has leaked IntentReceiver com.android.providers.media.MtpService$3@2a077d9 that was originally registered here. Are you missing a call to unregisterReceiver()?
08-24 15:22:13.943 29806 29806 E ActivityThread: 	at android.app.LoadedApk$ReceiverDispatcher.<init>(LoadedApk.java:1199)
08-24 15:22:13.943 29806 29806 E ActivityThread: 	at android.app.LoadedApk.getReceiverDispatcher(LoadedApk.java:951)
08-24 15:22:13.943 29806 29806 E ActivityThread: 	at android.app.ContextImpl.registerReceiverInternal(ContextImpl.java:1314)
08-24 15:22:13.943 29806 29806 E ActivityThread: 	at android.app.ContextImpl.registerReceiver(ContextImpl.java:1294)
08-24 15:22:13.943 29806 29806 E ActivityThread: 	at android.app.ContextImpl.registerReceiver(ContextImpl.java:1288)
08-24 15:22:13.943 29806 29806 E ActivityThread: 	at android.content.ContextWrapper.registerReceiver(ContextWrapper.java:586)
08-24 15:22:13.943 29806 29806 E ActivityThread: 	at com.android.providers.media.MtpService.onCreate(MtpService.java:101)
08-24 15:22:13.943 29806 29806 E ActivityThread: 	at android.app.ActivityThread.handleCreateService(ActivityThread.java:3253)
08-24 15:22:13.943 29806 29806 E ActivityThread: 	at android.app.ActivityThread.-wrap5(ActivityThread.java)
08-24 15:22:13.943 29806 29806 E ActivityThread: 	at android.app.ActivityThread$H.handleMessage(ActivityThread.java:1617)
08-24 15:22:13.943 29806 29806 E ActivityThread: 	at android.os.Handler.dispatchMessage(Handler.java:110)
08-24 15:22:13.943 29806 29806 E ActivityThread: 	at android.os.Looper.loop(Looper.java:203)
08-24 15:22:13.943 29806 29806 E ActivityThread: 	at android.app.ActivityThread.main(ActivityThread.java:6251)
08-24 15:22:13.943 29806 29806 E ActivityThread: 	at java.lang.reflect.Method.invoke(Native Method)
08-24 15:22:13.943 29806 29806 E ActivityThread: 	at com.android.internal.os.ZygoteInit$MethodAndArgsCaller.run(ZygoteInit.java:1068)
08-24 15:22:13.943 29806 29806 E ActivityThread: 	at com.android.internal.os.ZygoteInit.main(ZygoteInit.java:929)
08-24 15:22:15.868 29806 29806 E ActivityThread: Service com.android.providers.media.MtpService has leaked IntentReceiver com.android.providers.media.MtpService$3@5981538 that was originally registered here. Are you missing a call to unregisterReceiver()?
08-24 15:22:15.868 29806 29806 E ActivityThread: android.app.IntentReceiverLeaked: Service com.android.providers.media.MtpService has leaked IntentReceiver com.android.providers.media.MtpService$3@5981538 that was originally registered here. Are you missing a call to unregisterReceiver()?
08-24 15:22:15.868 29806 29806 E ActivityThread: 	at android.app.LoadedApk$ReceiverDispatcher.<init>(LoadedApk.java:1199)
08-24 15:22:15.868 29806 29806 E ActivityThread: 	at android.app.LoadedApk.getReceiverDispatcher(LoadedApk.java:951)
08-24 15:22:15.868 29806 29806 E ActivityThread: 	at android.app.ContextImpl.registerReceiverInternal(ContextImpl.java:1314)
08-24 15:22:15.868 29806 29806 E ActivityThread: 	at android.app.ContextImpl.registerReceiver(ContextImpl.java:1294)
08-24 15:22:15.868 29806 29806 E ActivityThread: 	at android.app.ContextImpl.registerReceiver(ContextImpl.java:1288)
08-24 15:22:15.868 29806 29806 E ActivityThread: 	at android.content.ContextWrapper.registerReceiver(ContextWrapper.java:586)
08-24 15:22:15.868 29806 29806 E ActivityThread: 	at com.android.providers.media.MtpService.onCreate(MtpService.java:101)
08-24 15:22:15.868 29806 29806 E ActivityThread: 	at android.app.ActivityThread.handleCreateService(ActivityThread.java:3253)
08-24 15:22:15.868 29806 29806 E ActivityThread: 	at android.app.ActivityThread.-wrap5(ActivityThread.java)
08-24 15:22:15.868 29806 29806 E ActivityThread: 	at android.app.ActivityThread$H.handleMessage(ActivityThread.java:1617)
08-24 15:22:15.868 29806 29806 E ActivityThread: 	at android.os.Handler.dispatchMessage(Handler.java:110)
08-24 15:22:15.868 29806 29806 E ActivityThread: 	at android.os.Looper.loop(Looper.java:203)
08-24 15:22:15.868 29806 29806 E ActivityThread: 	at android.app.ActivityThread.main(ActivityThread.java:6251)
08-24 15:22:15.868 29806 29806 E ActivityThread: 	at java.lang.reflect.Method.invoke(Native Method)
08-24 15:22:15.868 29806 29806 E ActivityThread: 	at com.android.internal.os.ZygoteInit$MethodAndArgsCaller.run(ZygoteInit.java:1068)
08-24 15:22:15.868 29806 29806 E ActivityThread: 	at com.android.internal.os.ZygoteInit.main(ZygoteInit.java:929)
08-24 15:22:18.061 29806 29806 E ActivityThread: Service com.android.providers.media.MtpService has leaked IntentReceiver com.android.providers.media.MtpService$3@98c5350 that was originally registered here. Are you missing a call to unregisterReceiver()?
08-24 15:22:18.061 29806 29806 E ActivityThread: android.app.IntentReceiverLeaked: Service com.android.providers.media.MtpService has leaked IntentReceiver com.android.providers.media.MtpService$3@98c5350 that was originally registered here. Are you missing a call to unregisterReceiver()?
08-24 15:22:18.061 29806 29806 E ActivityThread: 	at android.app.LoadedApk$ReceiverDispatcher.<init>(LoadedApk.java:1199)
08-24 15:22:18.061 29806 29806 E ActivityThread: 	at android.app.LoadedApk.getReceiverDispatcher(LoadedApk.java:951)
08-24 15:22:18.061 29806 29806 E ActivityThread: 	at android.app.ContextImpl.registerReceiverInternal(ContextImpl.java:1314)
08-24 15:22:18.061 29806 29806 E ActivityThread: 	at android.app.ContextImpl.registerReceiver(ContextImpl.java:1294)
08-24 15:22:18.061 29806 29806 E ActivityThread: 	at android.app.ContextImpl.registerReceiver(ContextImpl.java:1288)
08-24 15:22:18.061 29806 29806 E ActivityThread: 	at android.content.ContextWrapper.registerReceiver(ContextWrapper.java:586)
08-24 15:22:18.061 29806 29806 E ActivityThread: 	at com.android.providers.media.MtpService.onCreate(MtpService.java:101)
08-24 15:22:18.061 29806 29806 E ActivityThread: 	at android.app.ActivityThread.handleCreateService(ActivityThread.java:3253)
08-24 15:22:18.061 29806 29806 E ActivityThread: 	at android.app.ActivityThread.-wrap5(ActivityThread.java)
08-24 15:22:18.061 29806 29806 E ActivityThread: 	at android.app.ActivityThread$H.handleMessage(ActivityThread.java:1617)
08-24 15:22:18.061 29806 29806 E ActivityThread: 	at android.os.Handler.dispatchMessage(Handler.java:110)
08-24 15:22:18.061 29806 29806 E ActivityThread: 	at android.os.Looper.loop(Looper.java:203)
08-24 15:22:18.061 29806 29806 E ActivityThread: 	at android.app.ActivityThread.main(ActivityThread.java:6251)
08-24 15:22:18.061 29806 29806 E ActivityThread: 	at java.lang.reflect.Method.invoke(Native Method)
08-24 15:22:18.061 29806 29806 E ActivityThread: 	at com.android.internal.os.ZygoteInit$MethodAndArgsCaller.run(ZygoteInit.java:1068)
08-24 15:22:18.061 29806 29806 E ActivityThread: 	at com.android.internal.os.ZygoteInit.main(ZygoteInit.java:929)
08-24 15:22:21.672 29806 29806 E ActivityThread: Service com.android.providers.media.MtpService has leaked IntentReceiver com.android.providers.media.MtpService$3@cfdf38b that was originally registered here. Are you missing a call to unregisterReceiver()?
08-24 15:22:21.672 29806 29806 E ActivityThread: android.app.IntentReceiverLeaked: Service com.android.providers.media.MtpService has leaked IntentReceiver com.android.providers.media.MtpService$3@cfdf38b that was originally registered here. Are you missing a call to unregisterReceiver()?
08-24 15:22:21.672 29806 29806 E ActivityThread: 	at android.app.LoadedApk$ReceiverDispatcher.<init>(LoadedApk.java:1199)
08-24 15:22:21.672 29806 29806 E ActivityThread: 	at android.app.LoadedApk.getReceiverDispatcher(LoadedApk.java:951)
08-24 15:22:21.672 29806 29806 E ActivityThread: 	at android.app.ContextImpl.registerReceiverInternal(ContextImpl.java:1314)
08-24 15:22:21.672 29806 29806 E ActivityThread: 	at android.app.ContextImpl.registerReceiver(ContextImpl.java:1294)
08-24 15:22:21.672 29806 29806 E ActivityThread: 	at android.app.ContextImpl.registerReceiver(ContextImpl.java:1288)
08-24 15:22:21.672 29806 29806 E ActivityThread: 	at android.content.ContextWrapper.registerReceiver(ContextWrapper.java:586)
08-24 15:22:21.672 29806 29806 E ActivityThread: 	at com.android.providers.media.MtpService.onCreate(MtpService.java:101)
08-24 15:22:21.672 29806 29806 E ActivityThread: 	at android.app.ActivityThread.handleCreateService(ActivityThread.java:3253)
08-24 15:22:21.672 29806 29806 E ActivityThread: 	at android.app.ActivityThread.-wrap5(ActivityThread.java)
08-24 15:22:21.672 29806 29806 E ActivityThread: 	at android.app.ActivityThread$H.handleMessage(ActivityThread.java:1617)
08-24 15:22:21.672 29806 29806 E ActivityThread: 	at android.os.Handler.dispatchMessage(Handler.java:110)
08-24 15:22:21.672 29806 29806 E ActivityThread: 	at android.os.Looper.loop(Looper.java:203)
08-24 15:22:21.672 29806 29806 E ActivityThread: 	at android.app.ActivityThread.main(ActivityThread.java:6251)
08-24 15:22:21.672 29806 29806 E ActivityThread: 	at java.lang.reflect.Method.invoke(Native Method)
08-24 15:22:21.672 29806 29806 E ActivityThread: 	at com.android.internal.os.ZygoteInit$MethodAndArgsCaller.run(ZygoteInit.java:1068)
08-24 15:22:21.672 29806 29806 E ActivityThread: 	at com.android.internal.os.ZygoteInit.main(ZygoteInit.java:929)
08-24 15:27:13.948  2503  2588 E BatteryStatsService: no controller energy info supplied
08-24 15:27:13.948  2503  2588 E BatteryStatsService: no controller energy info supplied
08-24 15:27:13.988  2503  2588 E BatteryStatsService: modem info is invalid: ModemActivityInfo{ mTimestamp=0 mSleepTimeMs=0 mIdleTimeMs=0 mTxTimeMs[]=[0, 0, 0, 0, 0] mRxTimeMs=0 mEnergyUsed=0}
08-24 15:28:58.821 30835 30952 E ActivityThread: Failed to find provider info for com.transsion.hilauncher.unreadprovider
08-24 15:31:00.540  2503  2735 E ConnectivityService: RemoteException caught trying to send a callback msg for NetworkRequest [ id=86, legacyType=-1, [ Capabilities: INTERNET&NOT_RESTRICTED&TRUSTED] ]
08-24 15:31:57.184  2503  2588 E BatteryStatsService: no controller energy info supplied
08-24 15:31:57.184  2503  2588 E BatteryStatsService: no controller energy info supplied
08-24 15:31:57.327  2503  2588 E BatteryStatsService: modem info is invalid: ModemActivityInfo{ mTimestamp=0 mSleepTimeMs=0 mIdleTimeMs=0 mTxTimeMs[]=[0, 0, 0, 0, 0] mRxTimeMs=0 mEnergyUsed=0}
08-24 15:31:58.863  2503  2588 E BatteryStatsService: no controller energy info supplied
08-24 15:31:58.864  2503  2588 E BatteryStatsService: no controller energy info supplied
08-24 15:31:58.922  2503  2588 E BatteryStatsService: modem info is invalid: ModemActivityInfo{ mTimestamp=0 mSleepTimeMs=0 mIdleTimeMs=0 mTxTimeMs[]=[0, 0, 0, 0, 0] mRxTimeMs=0 mEnergyUsed=0}
08-24 15:32:43.806  2503  2503 E NotificationService: Suppressing notification from package by user request.
08-24 15:32:46.182  2037  2114 E FileSourceProxy: Open dupFd fail for file /data/system_de/0/ringtones/ringtone_cache
08-24 15:32:46.863  2503  2503 E NotificationService: Suppressing notification from package by user request.
08-24 15:32:47.110  2503  2503 E NotificationService: Suppressing notification from package by user request.
08-24 15:32:49.433  2503  2503 E NotificationService: Suppressing notification from package by user request.
08-24 15:33:44.329  2503  2503 E NotificationService: Suppressing notification from package by user request.
08-24 15:35:03.132  2503  2588 E BatteryStatsService: no controller energy info supplied
08-24 15:35:03.132  2503  2588 E BatteryStatsService: no controller energy info supplied
08-24 15:35:03.168  2503  2588 E BatteryStatsService: modem info is invalid: ModemActivityInfo{ mTimestamp=0 mSleepTimeMs=0 mIdleTimeMs=0 mTxTimeMs[]=[0, 0, 0, 0, 0] mRxTimeMs=0 mEnergyUsed=0}
08-24 15:35:04.184 29806 29806 E ActivityThread: Service com.android.providers.media.MtpService has leaked IntentReceiver com.android.providers.media.MtpService$3@c62d6b9 that was originally registered here. Are you missing a call to unregisterReceiver()?
08-24 15:35:04.184 29806 29806 E ActivityThread: android.app.IntentReceiverLeaked: Service com.android.providers.media.MtpService has leaked IntentReceiver com.android.providers.media.MtpService$3@c62d6b9 that was originally registered here. Are you missing a call to unregisterReceiver()?
08-24 15:35:04.184 29806 29806 E ActivityThread: 	at android.app.LoadedApk$ReceiverDispatcher.<init>(LoadedApk.java:1199)
08-24 15:35:04.184 29806 29806 E ActivityThread: 	at android.app.LoadedApk.getReceiverDispatcher(LoadedApk.java:951)
08-24 15:35:04.184 29806 29806 E ActivityThread: 	at android.app.ContextImpl.registerReceiverInternal(ContextImpl.java:1314)
08-24 15:35:04.184 29806 29806 E ActivityThread: 	at android.app.ContextImpl.registerReceiver(ContextImpl.java:1294)
08-24 15:35:04.184 29806 29806 E ActivityThread: 	at android.app.ContextImpl.registerReceiver(ContextImpl.java:1288)
08-24 15:35:04.184 29806 29806 E ActivityThread: 	at android.content.ContextWrapper.registerReceiver(ContextWrapper.java:586)
08-24 15:35:04.184 29806 29806 E ActivityThread: 	at com.android.providers.media.MtpService.onCreate(MtpService.java:101)
08-24 15:35:04.184 29806 29806 E ActivityThread: 	at android.app.ActivityThread.handleCreateService(ActivityThread.java:3253)
08-24 15:35:04.184 29806 29806 E ActivityThread: 	at android.app.ActivityThread.-wrap5(ActivityThread.java)
08-24 15:35:04.184 29806 29806 E ActivityThread: 	at android.app.ActivityThread$H.handleMessage(ActivityThread.java:1617)
08-24 15:35:04.184 29806 29806 E ActivityThread: 	at android.os.Handler.dispatchMessage(Handler.java:110)
08-24 15:35:04.184 29806 29806 E ActivityThread: 	at android.os.Looper.loop(Looper.java:203)
08-24 15:35:04.184 29806 29806 E ActivityThread: 	at android.app.ActivityThread.main(ActivityThread.java:6251)
08-24 15:35:04.184 29806 29806 E ActivityThread: 	at java.lang.reflect.Method.invoke(Native Method)
08-24 15:35:04.184 29806 29806 E ActivityThread: 	at com.android.internal.os.ZygoteInit$MethodAndArgsCaller.run(ZygoteInit.java:1068)
08-24 15:35:04.184 29806 29806 E ActivityThread: 	at com.android.internal.os.ZygoteInit.main(ZygoteInit.java:929)
08-24 15:35:05.358  2503  2588 E BatteryStatsService: no controller energy info supplied
08-24 15:35:05.358  2503  2588 E BatteryStatsService: no controller energy info supplied
08-24 15:35:05.392  2503  2588 E BatteryStatsService: modem info is invalid: ModemActivityInfo{ mTimestamp=0 mSleepTimeMs=0 mIdleTimeMs=0 mTxTimeMs[]=[0, 0, 0, 0, 0] mRxTimeMs=0 mEnergyUsed=0}
08-24 15:35:08.737 29806 29806 E ActivityThread: Service com.android.providers.media.MtpService has leaked IntentReceiver com.android.providers.media.MtpService$3@39ba3f1 that was originally registered here. Are you missing a call to unregisterReceiver()?
08-24 15:35:08.737 29806 29806 E ActivityThread: android.app.IntentReceiverLeaked: Service com.android.providers.media.MtpService has leaked IntentReceiver com.android.providers.media.MtpService$3@39ba3f1 that was originally registered here. Are you missing a call to unregisterReceiver()?
08-24 15:35:08.737 29806 29806 E ActivityThread: 	at android.app.LoadedApk$ReceiverDispatcher.<init>(LoadedApk.java:1199)
08-24 15:35:08.737 29806 29806 E ActivityThread: 	at android.app.LoadedApk.getReceiverDispatcher(LoadedApk.java:951)
08-24 15:35:08.737 29806 29806 E ActivityThread: 	at android.app.ContextImpl.registerReceiverInternal(ContextImpl.java:1314)
08-24 15:35:08.737 29806 29806 E ActivityThread: 	at android.app.ContextImpl.registerReceiver(ContextImpl.java:1294)
08-24 15:35:08.737 29806 29806 E ActivityThread: 	at android.app.ContextImpl.registerReceiver(ContextImpl.java:1288)
08-24 15:35:08.737 29806 29806 E ActivityThread: 	at android.content.ContextWrapper.registerReceiver(ContextWrapper.java:586)
08-24 15:35:08.737 29806 29806 E ActivityThread: 	at com.android.providers.media.MtpService.onCreate(MtpService.java:101)
08-24 15:35:08.737 29806 29806 E ActivityThread: 	at android.app.ActivityThread.handleCreateService(ActivityThread.java:3253)
08-24 15:35:08.737 29806 29806 E ActivityThread: 	at android.app.ActivityThread.-wrap5(ActivityThread.java)
08-24 15:35:08.737 29806 29806 E ActivityThread: 	at android.app.ActivityThread$H.handleMessage(ActivityThread.java:1617)
08-24 15:35:08.737 29806 29806 E ActivityThread: 	at android.os.Handler.dispatchMessage(Handler.java:110)
08-24 15:35:08.737 29806 29806 E ActivityThread: 	at android.os.Looper.loop(Looper.java:203)
08-24 15:35:08.737 29806 29806 E ActivityThread: 	at android.app.ActivityThread.main(ActivityThread.java:6251)
08-24 15:35:08.737 29806 29806 E ActivityThread: 	at java.lang.reflect.Method.invoke(Native Method)
08-24 15:35:08.737 29806 29806 E ActivityThread: 	at com.android.internal.os.ZygoteInit$MethodAndArgsCaller.run(ZygoteInit.java:1068)
08-24 15:35:08.737 29806 29806 E ActivityThread: 	at com.android.internal.os.ZygoteInit.main(ZygoteInit.java:929)
08-24 15:35:10.892 29806 29806 E ActivityThread: Service com.android.providers.media.MtpService has leaked IntentReceiver com.android.providers.media.MtpService$3@2c3b9b0 that was originally registered here. Are you missing a call to unregisterReceiver()?
08-24 15:35:10.892 29806 29806 E ActivityThread: android.app.IntentReceiverLeaked: Service com.android.providers.media.MtpService has leaked IntentReceiver com.android.providers.media.MtpService$3@2c3b9b0 that was originally registered here. Are you missing a call to unregisterReceiver()?
08-24 15:35:10.892 29806 29806 E ActivityThread: 	at android.app.LoadedApk$ReceiverDispatcher.<init>(LoadedApk.java:1199)
08-24 15:35:10.892 29806 29806 E ActivityThread: 	at android.app.LoadedApk.getReceiverDispatcher(LoadedApk.java:951)
08-24 15:35:10.892 29806 29806 E ActivityThread: 	at android.app.ContextImpl.registerReceiverInternal(ContextImpl.java:1314)
08-24 15:35:10.892 29806 29806 E ActivityThread: 	at android.app.ContextImpl.registerReceiver(ContextImpl.java:1294)
08-24 15:35:10.892 29806 29806 E ActivityThread: 	at android.app.ContextImpl.registerReceiver(ContextImpl.java:1288)
08-24 15:35:10.892 29806 29806 E ActivityThread: 	at android.content.ContextWrapper.registerReceiver(ContextWrapper.java:586)
08-24 15:35:10.892 29806 29806 E ActivityThread: 	at com.android.providers.media.MtpService.onCreate(MtpService.java:101)
08-24 15:35:10.892 29806 29806 E ActivityThread: 	at android.app.ActivityThread.handleCreateService(ActivityThread.java:3253)
08-24 15:35:10.892 29806 29806 E ActivityThread: 	at android.app.ActivityThread.-wrap5(ActivityThread.java)
08-24 15:35:10.892 29806 29806 E ActivityThread: 	at android.app.ActivityThread$H.handleMessage(ActivityThread.java:1617)
08-24 15:35:10.892 29806 29806 E ActivityThread: 	at android.os.Handler.dispatchMessage(Handler.java:110)
08-24 15:35:10.892 29806 29806 E ActivityThread: 	at android.os.Looper.loop(Looper.java:203)
08-24 15:35:10.892 29806 29806 E ActivityThread: 	at android.app.ActivityThread.main(ActivityThread.java:6251)
08-24 15:35:10.892 29806 29806 E ActivityThread: 	at java.lang.reflect.Method.invoke(Native Method)
08-24 15:35:10.892 29806 29806 E ActivityThread: 	at com.android.internal.os.ZygoteInit$MethodAndArgsCaller.run(ZygoteInit.java:1068)
08-24 15:35:10.892 29806 29806 E ActivityThread: 	at com.android.internal.os.ZygoteInit.main(ZygoteInit.java:929)
08-24 15:35:12.991 29806 29806 E ActivityThread: Service com.android.providers.media.MtpService has leaked IntentReceiver com.android.providers.media.MtpService$3@324136b that was originally registered here. Are you missing a call to unregisterReceiver()?
08-24 15:35:12.991 29806 29806 E ActivityThread: android.app.IntentReceiverLeaked: Service com.android.providers.media.MtpService has leaked IntentReceiver com.android.providers.media.MtpService$3@324136b that was originally registered here. Are you missing a call to unregisterReceiver()?
08-24 15:35:12.991 29806 29806 E ActivityThread: 	at android.app.LoadedApk$ReceiverDispatcher.<init>(LoadedApk.java:1199)
08-24 15:35:12.991 29806 29806 E ActivityThread: 	at android.app.LoadedApk.getReceiverDispatcher(LoadedApk.java:951)
08-24 15:35:12.991 29806 29806 E ActivityThread: 	at android.app.ContextImpl.registerReceiverInternal(ContextImpl.java:1314)
08-24 15:35:12.991 29806 29806 E ActivityThread: 	at android.app.ContextImpl.registerReceiver(ContextImpl.java:1294)
08-24 15:35:12.991 29806 29806 E ActivityThread: 	at android.app.ContextImpl.registerReceiver(ContextImpl.java:1288)
08-24 15:35:12.991 29806 29806 E ActivityThread: 	at android.content.ContextWrapper.registerReceiver(ContextWrapper.java:586)
08-24 15:35:12.991 29806 29806 E ActivityThread: 	at com.android.providers.media.MtpService.onCreate(MtpService.java:101)
08-24 15:35:12.991 29806 29806 E ActivityThread: 	at android.app.ActivityThread.handleCreateService(ActivityThread.java:3253)
08-24 15:35:12.991 29806 29806 E ActivityThread: 	at android.app.ActivityThread.-wrap5(ActivityThread.java)
08-24 15:35:12.991 29806 29806 E ActivityThread: 	at android.app.ActivityThread$H.handleMessage(ActivityThread.java:1617)
08-24 15:35:12.991 29806 29806 E ActivityThread: 	at android.os.Handler.dispatchMessage(Handler.java:110)
08-24 15:35:12.991 29806 29806 E ActivityThread: 	at android.os.Looper.loop(Looper.java:203)
08-24 15:35:12.991 29806 29806 E ActivityThread: 	at android.app.ActivityThread.main(ActivityThread.java:6251)
08-24 15:35:12.991 29806 29806 E ActivityThread: 	at java.lang.reflect.Method.invoke(Native Method)
08-24 15:35:12.991 29806 29806 E ActivityThread: 	at com.android.internal.os.ZygoteInit$MethodAndArgsCaller.run(ZygoteInit.java:1068)
08-24 15:35:12.991 29806 29806 E ActivityThread: 	at com.android.internal.os.ZygoteInit.main(ZygoteInit.java:929)
08-24 15:35:15.426 30835 30952 E ActivityThread: Failed to find provider info for com.transsion.hilauncher.unreadprovider
08-24 15:35:15.585 30835 30952 E ActivityThread: Failed to find provider info for com.transsion.hilauncher.unreadprovider
08-24 15:35:21.019 29806 29806 E ActivityThread: Service com.android.providers.media.MtpService has leaked IntentReceiver com.android.providers.media.MtpService$3@d0eee0 that was originally registered here. Are you missing a call to unregisterReceiver()?
08-24 15:35:21.019 29806 29806 E ActivityThread: android.app.IntentReceiverLeaked: Service com.android.providers.media.MtpService has leaked IntentReceiver com.android.providers.media.MtpService$3@d0eee0 that was originally registered here. Are you missing a call to unregisterReceiver()?
08-24 15:35:21.019 29806 29806 E ActivityThread: 	at android.app.LoadedApk$ReceiverDispatcher.<init>(LoadedApk.java:1199)
08-24 15:35:21.019 29806 29806 E ActivityThread: 	at android.app.LoadedApk.getReceiverDispatcher(LoadedApk.java:951)
08-24 15:35:21.019 29806 29806 E ActivityThread: 	at android.app.ContextImpl.registerReceiverInternal(ContextImpl.java:1314)
08-24 15:35:21.019 29806 29806 E ActivityThread: 	at android.app.ContextImpl.registerReceiver(ContextImpl.java:1294)
08-24 15:35:21.019 29806 29806 E ActivityThread: 	at android.app.ContextImpl.registerReceiver(ContextImpl.java:1288)
08-24 15:35:21.019 29806 29806 E ActivityThread: 	at android.content.ContextWrapper.registerReceiver(ContextWrapper.java:586)
08-24 15:35:21.019 29806 29806 E ActivityThread: 	at com.android.providers.media.MtpService.onCreate(MtpService.java:101)
08-24 15:35:21.019 29806 29806 E ActivityThread: 	at android.app.ActivityThread.handleCreateService(ActivityThread.java:3253)
08-24 15:35:21.019 29806 29806 E ActivityThread: 	at android.app.ActivityThread.-wrap5(ActivityThread.java)
08-24 15:35:21.019 29806 29806 E ActivityThread: 	at android.app.ActivityThread$H.handleMessage(ActivityThread.java:1617)
08-24 15:35:21.019 29806 29806 E ActivityThread: 	at android.os.Handler.dispatchMessage(Handler.java:110)
08-24 15:35:21.019 29806 29806 E ActivityThread: 	at android.os.Looper.loop(Looper.java:203)
08-24 15:35:21.019 29806 29806 E ActivityThread: 	at android.app.ActivityThread.main(ActivityThread.java:6251)
08-24 15:35:21.019 29806 29806 E ActivityThread: 	at java.lang.reflect.Method.invoke(Native Method)
08-24 15:35:21.019 29806 29806 E ActivityThread: 	at com.android.internal.os.ZygoteInit$MethodAndArgsCaller.run(ZygoteInit.java:1068)
08-24 15:35:21.019 29806 29806 E ActivityThread: 	at com.android.internal.os.ZygoteInit.main(ZygoteInit.java:929)
08-24 15:35:24.133 30835 30952 E ActivityThread: Failed to find provider info for com.transsion.hilauncher.unreadprovider
08-24 15:35:24.149 29806 29806 E ActivityThread: Service com.android.providers.media.MtpService has leaked IntentReceiver com.android.providers.media.MtpService$3@494ad5b that was originally registered here. Are you missing a call to unregisterReceiver()?
08-24 15:35:24.149 29806 29806 E ActivityThread: android.app.IntentReceiverLeaked: Service com.android.providers.media.MtpService has leaked IntentReceiver com.android.providers.media.MtpService$3@494ad5b that was originally registered here. Are you missing a call to unregisterReceiver()?
08-24 15:35:24.149 29806 29806 E ActivityThread: 	at android.app.LoadedApk$ReceiverDispatcher.<init>(LoadedApk.java:1199)
08-24 15:35:24.149 29806 29806 E ActivityThread: 	at android.app.LoadedApk.getReceiverDispatcher(LoadedApk.java:951)
08-24 15:35:24.149 29806 29806 E ActivityThread: 	at android.app.ContextImpl.registerReceiverInternal(ContextImpl.java:1314)
08-24 15:35:24.149 29806 29806 E ActivityThread: 	at android.app.ContextImpl.registerReceiver(ContextImpl.java:1294)
08-24 15:35:24.149 29806 29806 E ActivityThread: 	at android.app.ContextImpl.registerReceiver(ContextImpl.java:1288)
08-24 15:35:24.149 29806 29806 E ActivityThread: 	at android.content.ContextWrapper.registerReceiver(ContextWrapper.java:586)
08-24 15:35:24.149 29806 29806 E ActivityThread: 	at com.android.providers.media.MtpService.onCreate(MtpService.java:101)
08-24 15:35:24.149 29806 29806 E ActivityThread: 	at android.app.ActivityThread.handleCreateService(ActivityThread.java:3253)
08-24 15:35:24.149 29806 29806 E ActivityThread: 	at android.app.ActivityThread.-wrap5(ActivityThread.java)
08-24 15:35:24.149 29806 29806 E ActivityThread: 	at android.app.ActivityThread$H.handleMessage(ActivityThread.java:1617)
08-24 15:35:24.149 29806 29806 E ActivityThread: 	at android.os.Handler.dispatchMessage(Handler.java:110)
08-24 15:35:24.149 29806 29806 E ActivityThread: 	at android.os.Looper.loop(Looper.java:203)
08-24 15:35:24.149 29806 29806 E ActivityThread: 	at android.app.ActivityThread.main(ActivityThread.java:6251)
08-24 15:35:24.149 29806 29806 E ActivityThread: 	at java.lang.reflect.Method.invoke(Native Method)
08-24 15:35:24.149 29806 29806 E ActivityThread: 	at com.android.internal.os.ZygoteInit$MethodAndArgsCaller.run(ZygoteInit.java:1068)
08-24 15:35:24.149 29806 29806 E ActivityThread: 	at com.android.internal.os.ZygoteInit.main(ZygoteInit.java:929)
08-24 15:35:24.306 30835 30952 E ActivityThread: Failed to find provider info for com.transsion.hilauncher.unreadprovider
08-24 15:35:27.823 29806 29806 E ActivityThread: Service com.android.providers.media.MtpService has leaked IntentReceiver com.android.providers.media.MtpService$3@6a046c2 that was originally registered here. Are you missing a call to unregisterReceiver()?
08-24 15:35:27.823 29806 29806 E ActivityThread: android.app.IntentReceiverLeaked: Service com.android.providers.media.MtpService has leaked IntentReceiver com.android.providers.media.MtpService$3@6a046c2 that was originally registered here. Are you missing a call to unregisterReceiver()?
08-24 15:35:27.823 29806 29806 E ActivityThread: 	at android.app.LoadedApk$ReceiverDispatcher.<init>(LoadedApk.java:1199)
08-24 15:35:27.823 29806 29806 E ActivityThread: 	at android.app.LoadedApk.getReceiverDispatcher(LoadedApk.java:951)
08-24 15:35:27.823 29806 29806 E ActivityThread: 	at android.app.ContextImpl.registerReceiverInternal(ContextImpl.java:1314)
08-24 15:35:27.823 29806 29806 E ActivityThread: 	at android.app.ContextImpl.registerReceiver(ContextImpl.java:1294)
08-24 15:35:27.823 29806 29806 E ActivityThread: 	at android.app.ContextImpl.registerReceiver(ContextImpl.java:1288)
08-24 15:35:27.823 29806 29806 E ActivityThread: 	at android.content.ContextWrapper.registerReceiver(ContextWrapper.java:586)
08-24 15:35:27.823 29806 29806 E ActivityThread: 	at com.android.providers.media.MtpService.onCreate(MtpService.java:101)
08-24 15:35:27.823 29806 29806 E ActivityThread: 	at android.app.ActivityThread.handleCreateService(ActivityThread.java:3253)
08-24 15:35:27.823 29806 29806 E ActivityThread: 	at android.app.ActivityThread.-wrap5(ActivityThread.java)
08-24 15:35:27.823 29806 29806 E ActivityThread: 	at android.app.ActivityThread$H.handleMessage(ActivityThread.java:1617)
08-24 15:35:27.823 29806 29806 E ActivityThread: 	at android.os.Handler.dispatchMessage(Handler.java:110)
08-24 15:35:27.823 29806 29806 E ActivityThread: 	at android.os.Looper.loop(Looper.java:203)
08-24 15:35:27.823 29806 29806 E ActivityThread: 	at android.app.ActivityThread.main(ActivityThread.java:6251)
08-24 15:35:27.823 29806 29806 E ActivityThread: 	at java.lang.reflect.Method.invoke(Native Method)
08-24 15:35:27.823 29806 29806 E ActivityThread: 	at com.android.internal.os.ZygoteInit$MethodAndArgsCaller.run(ZygoteInit.java:1068)
08-24 15:35:27.823 29806 29806 E ActivityThread: 	at com.android.internal.os.ZygoteInit.main(ZygoteInit.java:929)
08-24 15:35:28.617 29806 29806 E ActivityThread: Service com.android.providers.media.MtpService has leaked IntentReceiver com.android.providers.media.MtpService$3@2e9aac5 that was originally registered here. Are you missing a call to unregisterReceiver()?
08-24 15:35:28.617 29806 29806 E ActivityThread: android.app.IntentReceiverLeaked: Service com.android.providers.media.MtpService has leaked IntentReceiver com.android.providers.media.MtpService$3@2e9aac5 that was originally registered here. Are you missing a call to unregisterReceiver()?
08-24 15:35:28.617 29806 29806 E ActivityThread: 	at android.app.LoadedApk$ReceiverDispatcher.<init>(LoadedApk.java:1199)
08-24 15:35:28.617 29806 29806 E ActivityThread: 	at android.app.LoadedApk.getReceiverDispatcher(LoadedApk.java:951)
08-24 15:35:28.617 29806 29806 E ActivityThread: 	at android.app.ContextImpl.registerReceiverInternal(ContextImpl.java:1314)
