08-24 15:47:20.782   566   566 D ActivityThread: BDC-Calling onReceive: intent=Intent { act=com.rlk.powersavemanagement.ACTION_AVAILABLE_TIME flg=0x10 cmp=com.rlk.powersavemanagement/.PowerAppWidgetProviderHios (has extras) }, receiver=com.rlk.powersavemanagement.PowerAppWidgetProviderHios@66aaba6
08-24 15:47:20.782   566   566 D PowerSave/AppWidgetHios: onReceive intent.action=com.rlk.powersavemanagement.ACTION_AVAILABLE_TIME
08-24 15:47:20.782   566   566 I zhuwei  : time changed...update widget
08-24 15:47:20.782   566   566 D PowerSave/AppWidgetHios: updateWidget PowerSaveService.mTimes=[I@41bd9e7
08-24 15:47:20.782  2503  5530 I AppWidgetServiceImpl: getAppWidgetIds() 0
08-24 15:47:20.783   566   566 I PowerSave/AppWidgetHios: hasInstances number is 3
08-24 15:47:20.786   566   566 D PowerSave/AppWidgetHios: powerRemoteView mAvailableTimes is:11 h 22 min ,batteryPercentage is: 69
08-24 15:47:20.786   566   566 D PowerSave/Utils: isUltraPowerOn(context) isOn=false
08-24 15:47:20.786   566   566 D PowerSave/AppWidgetHios: powerRemoteView isPowerSaveOn :false, isUltraPowerOn:false
08-24 15:47:20.787   566   566 D PowerSave/AppWidgetHios: details is 69arc is -24480
08-24 15:47:20.787   566   566 D PowerSave/AppWidgetHios: angle is =====111.6
08-24 15:47:20.787   566   566 D PowerSave/AppWidgetHios: getArcBitmap angle:111.6
08-24 15:47:20.790   566   566 E PowerSave/AppWidgetHios: Battery percent test widthMeasureSpec:0-----heightMeasureSpec:0view.getWidth:0
08-24 15:47:20.795  2503  2580 I AppWidgetServiceImpl: updateAppWidgetProvider() 0
08-24 15:47:20.800  3488  3488 D AppWidgetHost: updateAppWidgetView HANDLE_UPDATE 
08-24 15:47:20.800  3488  3488 D AppWidgetHost: updateAppWidgetView appWidgetId 6 com.transsion.hilauncher.an@6e6ffe8
08-24 15:47:20.802  3488  3488 D AppWidgetHost: updateAppWidgetView HANDLE_UPDATE 
08-24 15:47:20.802  3488  3488 D AppWidgetHost: updateAppWidgetView appWidgetId 4 com.transsion.hilauncher.an@6e6ffe8
08-24 15:47:20.803  3488  3488 D AppWidgetHost: updateAppWidgetView HANDLE_UPDATE 
08-24 15:47:20.803  3488  3488 D AppWidgetHost: updateAppWidgetView appWidgetId 8 com.transsion.hilauncher.an@6e6ffe8
08-24 15:47:20.965  2503  3458 D BatteryService: fmy [BatteryListener][batteryPropertiesChanged]BatteryService.this.update
08-24 15:47:20.965  2503  3458 D BatteryService: fmy [update]processValuesLocked
08-24 15:47:20.965  2503  3458 D BatteryService: mBatteryVoltage=3906, batteryLevel=50
08-24 15:47:20.965  2503  3458 V NotificationService: breath light mode = 2
08-24 15:47:20.965  2503  3458 D BatteryService: fmy Before sendIntentLocked
08-24 15:47:20.965  2503  3458 D BatteryService: fmy [sendIntentLocked]new Intent Intent.ACTION_BATTERY_CHANGED
08-24 15:47:20.965  2503  3458 D BatteryService: fmy After sendIntentLocked
08-24 15:47:20.966  2503  2503 D BatteryService: fmy [processValuesLocked]broadcastStickyIntent
08-24 15:47:20.966  2503  2503 V ActivityManager: Broadcast sticky: Intent { act=android.intent.action.BATTERY_CHANGED flg=0x60000010 (has extras) } ordered=false userid=-1 callerApp=null
08-24 15:47:20.967  2503  2503 I DeviceIdleController: updateChargingLocked: charging=true
08-24 15:47:20.967  2503  2503 I DeviceIdleController: becomeActiveLocked, reason = charging
08-24 15:47:20.967  2503  2503 D WifiService: onReceive, action:android.intent.action.BATTERY_CHANGED
08-24 15:47:20.968  2820  2820 D KeyguardUpdateMonitor: received broadcast android.intent.action.BATTERY_CHANGED
08-24 15:47:20.970  2503  2730 D WifiController: ApEnabledState{ when=-3ms what=155652 arg1=2 target=com.android.internal.util.StateMachine$SmHandler }
08-24 15:47:20.970  2503  2730 D WifiController: DefaultState{ when=-3ms what=155652 arg1=2 target=com.android.internal.util.StateMachine$SmHandler }
08-24 15:47:20.970  2503  2730 D WifiController: battery changed pluggedType: 2
08-24 15:47:20.974  2820  2820 D KeyguardUpdateMonitor: handleBatteryUpdate
08-24 15:47:20.974  2820  2820 D BatteryController: isQuickCharge state = 0
08-24 15:47:20.974  2820  2820 E wwd     : BatteryControllerImpl onReceive mLevel = 69
08-24 15:47:20.974  2820  2820 E wwd     : BatteryControllerImpl fireBatteryLevelChanged i = 0, cb = com.android.systemui.statusbar.phone.PhoneStatusBar$38@5a79f2b
08-24 15:47:20.976  2820  2820 E wwd     : BatteryControllerImpl fireBatteryLevelChanged i = 1, cb = com.android.systemui.HiosBatteryStateImageView{8a2c0dc V.ED..... ........ 0,9-18,39 #7f13033b app:id/battery_plugged_state}
08-24 15:47:20.976  2820  2820 E wwd     : BatteryControllerImpl fireBatteryLevelChanged i = 2, cb = com.android.systemui.HiosBatteryStateImageView{9d988ba V.ED..... ........ 0,8-48,40 #7f13033c app:id/battery_charge_bg}
08-24 15:47:20.976  2820  2820 E wwd     : BatteryControllerImpl fireBatteryLevelChanged i = 3, cb = com.android.systemui.HiosBatteryMeterView{324136b V.ED..... ........ 0,8-50,39 #7f13033d app:id/battery}
08-24 15:47:20.976   566   566 D PowerSave/PowerSaveService: onReceive action:android.intent.action.BATTERY_CHANGED
08-24 15:47:20.977   566   566 D PowerSave/PowerSaveService: onReceive currentVoltage:3906 , currentLevel:69,mLevel:0.69
08-24 15:47:20.977  2820  2820 E wwd     : BatteryControllerImpl fireBatteryLevelChanged i = 4, cb = com.android.systemui.HiosBatteryStateImageView{d292fcd V.ED..... ......ID 0,9-18,39 #7f13033b app:id/battery_plugged_state}
08-24 15:47:20.977   566   566 D PowerSave/AppWidgetHios: updateWidget PowerSaveService.mTimes=[I@41bd9e7
08-24 15:47:20.977  2820  2820 E wwd     : BatteryControllerImpl fireBatteryLevelChanged i = 5, cb = com.android.systemui.HiosBatteryStateImageView{a3c0393 V.ED..... ......ID 0,8-48,40 #7f13033c app:id/battery_charge_bg}
08-24 15:47:20.977  2820  2820 E wwd     : BatteryControllerImpl fireBatteryLevelChanged i = 6, cb = com.android.systemui.HiosBatteryMeterView{b567fd0 V.ED..... ......ID 0,8-50,39 #7f13033d app:id/battery}
08-24 15:47:20.977  2503  3115 I AppWidgetServiceImpl: getAppWidgetIds() 0
08-24 15:47:20.977  2820  2820 V PhoneStatusBar: onReceive: Intent { act=android.intent.action.BATTERY_CHANGED flg=0x60000010 (has extras) }
08-24 15:47:20.977  2820  2820 D PhoneStatusBar: mPlugStatus = 2
08-24 15:47:20.977  2820  2820 V PhoneStatusBar: ACTION_BATTERY_CHANGED mIsCharging=true
08-24 15:47:20.977  2820  2820 V PhoneStatusBar: ACTION_BATTERY_CHANGED mNeedShowQuickCharge=true
08-24 15:47:20.978   566   566 I PowerSave/AppWidgetHios: hasInstances number is 3
08-24 15:47:20.980   566   566 D PowerSave/AppWidgetHios: powerRemoteView mAvailableTimes is:11 h 22 min ,batteryPercentage is: 69
08-24 15:47:20.980   566   566 D PowerSave/Utils: isUltraPowerOn(context) isOn=false
08-24 15:47:20.980   566   566 D PowerSave/AppWidgetHios: powerRemoteView isPowerSaveOn :false, isUltraPowerOn:false
08-24 15:47:20.980   566   566 D PowerSave/AppWidgetHios: details is 69arc is -24480
08-24 15:47:20.980   566   566 D PowerSave/AppWidgetHios: angle is =====111.6
08-24 15:47:20.980   566   566 D PowerSave/AppWidgetHios: getArcBitmap angle:111.6
08-24 15:47:20.980   566   566 D PowerSave/AppWidgetHios: recycleBitmap isRecycled:true
08-24 15:47:20.983   566   566 E PowerSave/AppWidgetHios: Battery percent test widthMeasureSpec:0-----heightMeasureSpec:0view.getWidth:0
08-24 15:47:20.986   246   994 I BufferQueueProducer: [StatusBar](this:0x7f7ad1f000,id:19,api:1,p:2820,c:246) queueBuffer: fps=3.75 dur=1332.69 max=617.96 min=69.73
08-24 15:47:20.994  2503  5240 I AppWidgetServiceImpl: updateAppWidgetProvider() 0
08-24 15:47:20.997  3488  3488 D AppWidgetHost: updateAppWidgetView HANDLE_UPDATE 
08-24 15:47:20.998  3488  3488 D AppWidgetHost: updateAppWidgetView appWidgetId 6 com.transsion.hilauncher.an@6e6ffe8
08-24 15:47:20.999   566  4520 D PowerSave/Utils: isLowerSaveOn(context) isOn=false
08-24 15:47:20.999  3488  3488 D AppWidgetHost: updateAppWidgetView HANDLE_UPDATE 
08-24 15:47:20.999  3488  3488 D AppWidgetHost: updateAppWidgetView appWidgetId 4 com.transsion.hilauncher.an@6e6ffe8
08-24 15:47:21.000   566  4520 D PowerSave/Utils: isUltraPowerOn(context) isOn=false
08-24 15:47:21.000   566  4520 D PowerSave/PowerSaveService: responseBatteryChange isUltraPowerOn : false
08-24 15:47:21.000   566  4520 E PowerSave/PowerSaveService: lowerPowerFlag:1isCharging:true
08-24 15:47:21.001  3488  3488 D AppWidgetHost: updateAppWidgetView HANDLE_UPDATE 
08-24 15:47:21.001  3488  3488 D AppWidgetHost: updateAppWidgetView appWidgetId 8 com.transsion.hilauncher.an@6e6ffe8
08-24 15:47:21.006   246   246 I DisplayDevice: [Built-in Screen (type:0)] fps:4.502146,dur:1332.70,max:622.16,min:53.34
08-24 15:47:21.129 29806  4516 D MtpDatabase: sessionEnded, mDatabaseModified = false
08-24 15:47:21.129 29806  4516 D MtpServerJNI: server cleanup
08-24 15:47:21.129  1678  4354 I         : remote usb: read terminated (message)
08-24 15:47:21.129 29806  4516 I StagefrightMediaScanner: StagefrightMediaScanner destructor
08-24 15:47:21.129  1678  4354 I         : (null): remote read failed for transport
08-24 15:47:21.129  1678  4354 I         : (null): read_transport thread is exiting
08-24 15:47:21.129  1678  1678 I         : recv: SYNC 00000000 00000000 0000 
08-24 15:47:21.130  2503  2644 V UsbDeviceManager: USB UEVENT: {USB_STATE=DISCONNECTED, SUBSYSTEM=android_usb, SEQNUM=6556, ACTION=change, DEVPATH=/devices/virtual/android_usb/android0}
08-24 15:47:21.132  1678  4518 E adbd    : error reading protocol FD 19: Connection reset by peer
08-24 15:47:21.132  1678  4353 I         : (null): write_transport thread is exiting, fd 14
08-24 15:47:21.134  1678  4518 I         : post waitpid (pid=4517) status=0001
08-24 15:47:21.155  2820  2820 E wwd     : BatteryControllerImpl onReceive mLevel = 69
08-24 15:47:21.156  2820  2820 E wwd     : BatteryControllerImpl fireBatteryLevelChanged i = 0, cb = com.android.systemui.statusbar.phone.PhoneStatusBar$38@5a79f2b
08-24 15:47:21.157  2820  2820 E wwd     : BatteryControllerImpl fireBatteryLevelChanged i = 1, cb = com.android.systemui.HiosBatteryStateImageView{8a2c0dc V.ED..... ........ 0,9-18,39 #7f13033b app:id/battery_plugged_state}
08-24 15:47:21.157  2820  2820 E wwd     : BatteryControllerImpl fireBatteryLevelChanged i = 2, cb = com.android.systemui.HiosBatteryStateImageView{9d988ba V.ED..... ........ 0,8-48,40 #7f13033c app:id/battery_charge_bg}
08-24 15:47:21.157  2820  2820 E wwd     : BatteryControllerImpl fireBatteryLevelChanged i = 3, cb = com.android.systemui.HiosBatteryMeterView{324136b V.ED..... ........ 0,8-50,39 #7f13033d app:id/battery}
08-24 15:47:21.158  2820  2820 E wwd     : BatteryControllerImpl fireBatteryLevelChanged i = 4, cb = com.android.systemui.HiosBatteryStateImageView{d292fcd V.ED..... ......ID 0,9-18,39 #7f13033b app:id/battery_plugged_state}
08-24 15:47:21.158  2820  2820 E wwd     : BatteryControllerImpl fireBatteryLevelChanged i = 5, cb = com.android.systemui.HiosBatteryStateImageView{a3c0393 V.ED..... ......ID 0,8-48,40 #7f13033c app:id/battery_charge_bg}
08-24 15:47:21.158  2820  2820 E wwd     : BatteryControllerImpl fireBatteryLevelChanged i = 6, cb = com.android.systemui.HiosBatteryMeterView{b567fd0 V.ED..... ......ID 0,8-50,39 #7f13033d app:id/battery}
08-24 15:47:21.160   566   566 E PowerSave/AppWidgetHios: Battery percent test widthMeasureSpec:0-----heightMeasureSpec:0view.getWidth:0
08-24 15:47:21.184   566  4523 E PowerSave/PowerSaveService: lowerPowerFlag:1isCharging:true
08-24 15:47:21.195 29806 29806 E ActivityThread: Service com.android.providers.media.MtpService has leaked IntentReceiver com.android.providers.media.MtpService$3@d407f18 that was originally registered here. Are you missing a call to unregisterReceiver()?
08-24 15:47:21.195 29806 29806 E ActivityThread: android.app.IntentReceiverLeaked: Service com.android.providers.media.MtpService has leaked IntentReceiver com.android.providers.media.MtpService$3@d407f18 that was originally registered here. Are you missing a call to unregisterReceiver()?
08-24 15:47:21.195 29806 29806 E ActivityThread: 	at android.app.LoadedApk$ReceiverDispatcher.<init>(LoadedApk.java:1199)
08-24 15:47:21.195 29806 29806 E ActivityThread: 	at android.app.LoadedApk.getReceiverDispatcher(LoadedApk.java:951)
08-24 15:47:21.195 29806 29806 E ActivityThread: 	at android.app.ContextImpl.registerReceiverInternal(ContextImpl.java:1314)
08-24 15:47:21.195 29806 29806 E ActivityThread: 	at android.app.ContextImpl.registerReceiver(ContextImpl.java:1294)
08-24 15:47:21.195 29806 29806 E ActivityThread: 	at android.app.ContextImpl.registerReceiver(ContextImpl.java:1288)
08-24 15:47:21.195 29806 29806 E ActivityThread: 	at android.content.ContextWrapper.registerReceiver(ContextWrapper.java:586)
08-24 15:47:21.195 29806 29806 E ActivityThread: 	at com.android.providers.media.MtpService.onCreate(MtpService.java:101)
08-24 15:47:21.195 29806 29806 E ActivityThread: 	at android.app.ActivityThread.handleCreateService(ActivityThread.java:3253)
08-24 15:47:21.195 29806 29806 E ActivityThread: 	at android.app.ActivityThread.-wrap5(ActivityThread.java)
08-24 15:47:21.195 29806 29806 E ActivityThread: 	at android.app.ActivityThread$H.handleMessage(ActivityThread.java:1617)
08-24 15:47:21.195 29806 29806 E ActivityThread: 	at android.os.Handler.dispatchMessage(Handler.java:110)
08-24 15:47:21.195 29806 29806 E ActivityThread: 	at android.os.Looper.loop(Looper.java:203)
08-24 15:47:21.195 29806 29806 E ActivityThread: 	at android.app.ActivityThread.main(ActivityThread.java:6251)
08-24 15:47:21.195 29806 29806 E ActivityThread: 	at java.lang.reflect.Method.invoke(Native Method)
08-24 15:47:21.195 29806 29806 E ActivityThread: 	at com.android.internal.os.ZygoteInit$MethodAndArgsCaller.run(ZygoteInit.java:1068)
08-24 15:47:21.195 29806 29806 E ActivityThread: 	at com.android.internal.os.ZygoteInit.main(ZygoteInit.java:929)
08-24 15:47:21.252  2820  2820 E wwd     : BatteryControllerImpl onReceive mLevel = 69
08-24 15:47:21.252  2820  2820 E wwd     : BatteryControllerImpl fireBatteryLevelChanged i = 0, cb = com.android.systemui.statusbar.phone.PhoneStatusBar$38@5a79f2b
08-24 15:47:21.256  2820  2820 E wwd     : BatteryControllerImpl fireBatteryLevelChanged i = 1, cb = com.android.systemui.HiosBatteryStateImageView{8a2c0dc V.ED..... ........ 0,9-18,39 #7f13033b app:id/battery_plugged_state}
08-24 15:47:21.256  2820  2820 E wwd     : BatteryControllerImpl fireBatteryLevelChanged i = 2, cb = com.android.systemui.HiosBatteryStateImageView{9d988ba V.ED..... ........ 0,8-48,40 #7f13033c app:id/battery_charge_bg}
08-24 15:47:21.256  2820  2820 E wwd     : BatteryControllerImpl fireBatteryLevelChanged i = 3, cb = com.android.systemui.HiosBatteryMeterView{324136b V.ED..... ........ 0,8-50,39 #7f13033d app:id/battery}
08-24 15:47:21.257  2820  2820 E wwd     : BatteryControllerImpl fireBatteryLevelChanged i = 4, cb = com.android.systemui.HiosBatteryStateImageView{d292fcd V.ED..... ......ID 0,9-18,39 #7f13033b app:id/battery_plugged_state}
08-24 15:47:21.257  2820  2820 E wwd     : BatteryControllerImpl fireBatteryLevelChanged i = 5, cb = com.android.systemui.HiosBatteryStateImageView{a3c0393 V.ED..... ......ID 0,8-48,40 #7f13033c app:id/battery_charge_bg}
08-24 15:47:21.257  2820  2820 E wwd     : BatteryControllerImpl fireBatteryLevelChanged i = 6, cb = com.android.systemui.HiosBatteryMeterView{b567fd0 V.ED..... ......ID 0,8-50,39 #7f13033d app:id/battery}
08-24 15:47:21.279   566   566 E PowerSave/AppWidgetHios: Battery percent test widthMeasureSpec:0-----heightMeasureSpec:0view.getWidth:0
08-24 15:47:21.303   566  4524 E PowerSave/PowerSaveService: lowerPowerFlag:1isCharging:true
08-24 15:47:21.763  1529  1532 E GED     : Failed to execute ioctl 3222824709, BridgeID(5), err(-1)
08-24 15:47:21.763  1529  1532 E GasService: Error on query GED info, err=1
08-24 15:47:22.206  2820  2820 E wwd     : BatteryControllerImpl onReceive mLevel = 69
08-24 15:47:22.207  2820  2820 E wwd     : BatteryControllerImpl fireBatteryLevelChanged i = 0, cb = com.android.systemui.statusbar.phone.PhoneStatusBar$38@5a79f2b
08-24 15:47:22.213  2820  2820 E wwd     : BatteryControllerImpl fireBatteryLevelChanged i = 1, cb = com.android.systemui.HiosBatteryStateImageView{8a2c0dc V.ED..... ........ 0,9-18,39 #7f13033b app:id/battery_plugged_state}
08-24 15:47:22.214  2820  2820 E wwd     : BatteryControllerImpl fireBatteryLevelChanged i = 2, cb = com.android.systemui.HiosBatteryStateImageView{9d988ba V.ED..... ........ 0,8-48,40 #7f13033c app:id/battery_charge_bg}
08-24 15:47:22.215  2820  2820 E wwd     : BatteryControllerImpl fireBatteryLevelChanged i = 3, cb = com.android.systemui.HiosBatteryMeterView{324136b V.ED..... ........ 0,8-50,39 #7f13033d app:id/battery}
08-24 15:47:22.215  2820  2820 E wwd     : BatteryControllerImpl fireBatteryLevelChanged i = 4, cb = com.android.systemui.HiosBatteryStateImageView{d292fcd V.ED..... ......ID 0,9-18,39 #7f13033b app:id/battery_plugged_state}
08-24 15:47:22.215  2820  2820 E wwd     : BatteryControllerImpl fireBatteryLevelChanged i = 5, cb = com.android.systemui.HiosBatteryStateImageView{a3c0393 V.ED..... ......ID 0,8-48,40 #7f13033c app:id/battery_charge_bg}
08-24 15:47:22.215  2820  2820 E wwd     : BatteryControllerImpl fireBatteryLevelChanged i = 6, cb = com.android.systemui.HiosBatteryMeterView{b567fd0 V.ED..... ......ID 0,8-50,39 #7f13033d app:id/battery}
08-24 15:47:22.238   566   566 E PowerSave/AppWidgetHios: Battery percent test widthMeasureSpec:0-----heightMeasureSpec:0view.getWidth:0
08-24 15:47:22.255   566  4526 E PowerSave/PowerSaveService: lowerPowerFlag:1isCharging:true
08-24 15:47:22.372  2820  2820 E wwd     : BatteryControllerImpl onReceive mLevel = 69
08-24 15:47:22.372  2820  2820 E wwd     : BatteryControllerImpl fireBatteryLevelChanged i = 0, cb = com.android.systemui.statusbar.phone.PhoneStatusBar$38@5a79f2b
08-24 15:47:22.376  2820  2820 E wwd     : BatteryControllerImpl fireBatteryLevelChanged i = 1, cb = com.android.systemui.HiosBatteryStateImageView{8a2c0dc V.ED..... ........ 0,9-18,39 #7f13033b app:id/battery_plugged_state}
08-24 15:47:22.376  2820  2820 E wwd     : BatteryControllerImpl fireBatteryLevelChanged i = 2, cb = com.android.systemui.HiosBatteryStateImageView{9d988ba V.ED..... ........ 0,8-48,40 #7f13033c app:id/battery_charge_bg}
08-24 15:47:22.376  2820  2820 E wwd     : BatteryControllerImpl fireBatteryLevelChanged i = 3, cb = com.android.systemui.HiosBatteryMeterView{324136b V.ED..... ........ 0,8-50,39 #7f13033d app:id/battery}
08-24 15:47:22.376  2820  2820 E wwd     : BatteryControllerImpl fireBatteryLevelChanged i = 4, cb = com.android.systemui.HiosBatteryStateImageView{d292fcd V.ED..... ......ID 0,9-18,39 #7f13033b app:id/battery_plugged_state}
08-24 15:47:22.377  2820  2820 E wwd     : BatteryControllerImpl fireBatteryLevelChanged i = 5, cb = com.android.systemui.HiosBatteryStateImageView{a3c0393 V.ED..... ......ID 0,8-48,40 #7f13033c app:id/battery_charge_bg}
08-24 15:47:22.377  2820  2820 E wwd     : BatteryControllerImpl fireBatteryLevelChanged i = 6, cb = com.android.systemui.HiosBatteryMeterView{b567fd0 V.ED..... ......ID 0,8-50,39 #7f13033d app:id/battery}
08-24 15:47:22.383   566   566 E PowerSave/AppWidgetHios: Battery percent test widthMeasureSpec:0-----heightMeasureSpec:0view.getWidth:0
08-24 15:47:22.397   566  4529 E PowerSave/PowerSaveService: lowerPowerFlag:1isCharging:true
08-24 15:47:22.435 29806 29806 E ActivityThread: Service com.android.providers.media.MtpService has leaked IntentReceiver com.android.providers.media.MtpService$3@21ca673 that was originally registered here. Are you missing a call to unregisterReceiver()?
08-24 15:47:22.435 29806 29806 E ActivityThread: android.app.IntentReceiverLeaked: Service com.android.providers.media.MtpService has leaked IntentReceiver com.android.providers.media.MtpService$3@21ca673 that was originally registered here. Are you missing a call to unregisterReceiver()?
08-24 15:47:22.435 29806 29806 E ActivityThread: 	at android.app.LoadedApk$ReceiverDispatcher.<init>(LoadedApk.java:1199)
08-24 15:47:22.435 29806 29806 E ActivityThread: 	at android.app.LoadedApk.getReceiverDispatcher(LoadedApk.java:951)
08-24 15:47:22.435 29806 29806 E ActivityThread: 	at android.app.ContextImpl.registerReceiverInternal(ContextImpl.java:1314)
08-24 15:47:22.435 29806 29806 E ActivityThread: 	at android.app.ContextImpl.registerReceiver(ContextImpl.java:1294)
08-24 15:47:22.435 29806 29806 E ActivityThread: 	at android.app.ContextImpl.registerReceiver(ContextImpl.java:1288)
08-24 15:47:22.435 29806 29806 E ActivityThread: 	at android.content.ContextWrapper.registerReceiver(ContextWrapper.java:586)
08-24 15:47:22.435 29806 29806 E ActivityThread: 	at com.android.providers.media.MtpService.onCreate(MtpService.java:101)
08-24 15:47:22.435 29806 29806 E ActivityThread: 	at android.app.ActivityThread.handleCreateService(ActivityThread.java:3253)
08-24 15:47:22.435 29806 29806 E ActivityThread: 	at android.app.ActivityThread.-wrap5(ActivityThread.java)
08-24 15:47:22.435 29806 29806 E ActivityThread: 	at android.app.ActivityThread$H.handleMessage(ActivityThread.java:1617)
08-24 15:47:22.435 29806 29806 E ActivityThread: 	at android.os.Handler.dispatchMessage(Handler.java:110)
08-24 15:47:22.435 29806 29806 E ActivityThread: 	at android.os.Looper.loop(Looper.java:203)
08-24 15:47:22.435 29806 29806 E ActivityThread: 	at android.app.ActivityThread.main(ActivityThread.java:6251)
08-24 15:47:22.435 29806 29806 E ActivityThread: 	at java.lang.reflect.Method.invoke(Native Method)
08-24 15:47:22.435 29806 29806 E ActivityThread: 	at com.android.internal.os.ZygoteInit$MethodAndArgsCaller.run(ZygoteInit.java:1068)
08-24 15:47:22.435 29806 29806 E ActivityThread: 	at com.android.internal.os.ZygoteInit.main(ZygoteInit.java:929)
08-24 15:47:22.773  1529  1532 E GED     : Failed to execute ioctl 3222824709, BridgeID(5), err(-1)
08-24 15:47:22.773  1529  1532 E GasService: Error on query GED info, err=1
08-24 15:47:22.899  2120  2180 E MAL-RDS :  (  rds_ru_3gpp_status_ind, 1638) [RDS-E][RU][EVENT_RU_DM_3GPP_STATUS_IND] Invalid u43gpp_status:0x8
08-24 15:47:23.431   566   566 E PowerSave/AppWidgetHios: Battery percent test widthMeasureSpec:0-----heightMeasureSpec:0view.getWidth:0
08-24 15:47:23.746 29806 29806 E ActivityThread: Service com.android.providers.media.MtpService has leaked IntentReceiver com.android.providers.media.MtpService$3@a02ec3a that was originally registered here. Are you missing a call to unregisterReceiver()?
08-24 15:47:23.746 29806 29806 E ActivityThread: android.app.IntentReceiverLeaked: Service com.android.providers.media.MtpService has leaked IntentReceiver com.android.providers.media.MtpService$3@a02ec3a that was originally registered here. Are you missing a call to unregisterReceiver()?
08-24 15:47:23.746 29806 29806 E ActivityThread: 	at android.app.LoadedApk$ReceiverDispatcher.<init>(LoadedApk.java:1199)
08-24 15:47:23.746 29806 29806 E ActivityThread: 	at android.app.LoadedApk.getReceiverDispatcher(LoadedApk.java:951)
08-24 15:47:23.746 29806 29806 E ActivityThread: 	at android.app.ContextImpl.registerReceiverInternal(ContextImpl.java:1314)
08-24 15:47:23.746 29806 29806 E ActivityThread: 	at android.app.ContextImpl.registerReceiver(ContextImpl.java:1294)
08-24 15:47:23.746 29806 29806 E ActivityThread: 	at android.app.ContextImpl.registerReceiver(ContextImpl.java:1288)
08-24 15:47:23.746 29806 29806 E ActivityThread: 	at android.content.ContextWrapper.registerReceiver(ContextWrapper.java:586)
08-24 15:47:23.746 29806 29806 E ActivityThread: 	at com.android.providers.media.MtpService.onCreate(MtpService.java:101)
08-24 15:47:23.746 29806 29806 E ActivityThread: 	at android.app.ActivityThread.handleCreateService(ActivityThread.java:3253)
08-24 15:47:23.746 29806 29806 E ActivityThread: 	at android.app.ActivityThread.-wrap5(ActivityThread.java)
08-24 15:47:23.746 29806 29806 E ActivityThread: 	at android.app.ActivityThread$H.handleMessage(ActivityThread.java:1617)
08-24 15:47:23.746 29806 29806 E ActivityThread: 	at android.os.Handler.dispatchMessage(Handler.java:110)
08-24 15:47:23.746 29806 29806 E ActivityThread: 	at android.os.Looper.loop(Looper.java:203)
08-24 15:47:23.746 29806 29806 E ActivityThread: 	at android.app.ActivityThread.main(ActivityThread.java:6251)
08-24 15:47:23.746 29806 29806 E ActivityThread: 	at java.lang.reflect.Method.invoke(Native Method)
08-24 15:47:23.746 29806 29806 E ActivityThread: 	at com.android.internal.os.ZygoteInit$MethodAndArgsCaller.run(ZygoteInit.java:1068)
08-24 15:47:23.746 29806 29806 E ActivityThread: 	at com.android.internal.os.ZygoteInit.main(ZygoteInit.java:929)
08-24 15:47:23.776  1529  1532 E GED     : Failed to execute ioctl 3222824709, BridgeID(5), err(-1)
08-24 15:47:23.776  1529  1532 E GasService: Error on query GED info, err=1
08-24 15:47:24.170  5606  8122 E memtrack_graphic: open dir: /d/ion/clients/.
08-24 15:47:24.461 29806 29806 E ActivityThread: Service com.android.providers.media.MtpService has leaked IntentReceiver com.android.providers.media.MtpService$3@954ce1d that was originally registered here. Are you missing a call to unregisterReceiver()?
08-24 15:47:24.461 29806 29806 E ActivityThread: android.app.IntentReceiverLeaked: Service com.android.providers.media.MtpService has leaked IntentReceiver com.android.providers.media.MtpService$3@954ce1d that was originally registered here. Are you missing a call to unregisterReceiver()?
08-24 15:47:24.461 29806 29806 E ActivityThread: 	at android.app.LoadedApk$ReceiverDispatcher.<init>(LoadedApk.java:1199)
08-24 15:47:24.461 29806 29806 E ActivityThread: 	at android.app.LoadedApk.getReceiverDispatcher(LoadedApk.java:951)
08-24 15:47:24.461 29806 29806 E ActivityThread: 	at android.app.ContextImpl.registerReceiverInternal(ContextImpl.java:1314)
08-24 15:47:24.461 29806 29806 E ActivityThread: 	at android.app.ContextImpl.registerReceiver(ContextImpl.java:1294)
08-24 15:47:24.461 29806 29806 E ActivityThread: 	at android.app.ContextImpl.registerReceiver(ContextImpl.java:1288)
08-24 15:47:24.461 29806 29806 E ActivityThread: 	at android.content.ContextWrapper.registerReceiver(ContextWrapper.java:586)
08-24 15:47:24.461 29806 29806 E ActivityThread: 	at com.android.providers.media.MtpService.onCreate(MtpService.java:101)
08-24 15:47:24.461 29806 29806 E ActivityThread: 	at android.app.ActivityThread.handleCreateService(ActivityThread.java:3253)
08-24 15:47:24.461 29806 29806 E ActivityThread: 	at android.app.ActivityThread.-wrap5(ActivityThread.java)
08-24 15:47:24.461 29806 29806 E ActivityThread: 	at android.app.ActivityThread$H.handleMessage(ActivityThread.java:1617)
08-24 15:47:24.461 29806 29806 E ActivityThread: 	at android.os.Handler.dispatchMessage(Handler.java:110)
08-24 15:47:24.461 29806 29806 E ActivityThread: 	at android.os.Looper.loop(Looper.java:203)
08-24 15:47:24.461 29806 29806 E ActivityThread: 	at android.app.ActivityThread.main(ActivityThread.java:6251)
08-24 15:47:24.461 29806 29806 E ActivityThread: 	at java.lang.reflect.Method.invoke(Native Method)
08-24 15:47:24.461 29806 29806 E ActivityThread: 	at com.android.internal.os.ZygoteInit$MethodAndArgsCaller.run(ZygoteInit.java:1068)
08-24 15:47:24.461 29806 29806 E ActivityThread: 	at com.android.internal.os.ZygoteInit.main(ZygoteInit.java:929)
08-24 15:47:24.776  1529  1532 E GED     : Failed to execute ioctl 3222824709, BridgeID(5), err(-1)
08-24 15:47:24.776  1529  1532 E GasService: Error on query GED info, err=1
08-24 15:47:24.900  2820  2820 E wwd     : BatteryControllerImpl onReceive mLevel = 69
08-24 15:47:24.900  2820  2820 E wwd     : BatteryControllerImpl fireBatteryLevelChanged i = 0, cb = com.android.systemui.statusbar.phone.PhoneStatusBar$38@5a79f2b
08-24 15:47:24.902  2820  2820 E wwd     : BatteryControllerImpl fireBatteryLevelChanged i = 1, cb = com.android.systemui.HiosBatteryStateImageView{8a2c0dc V.ED..... ........ 0,9-18,39 #7f13033b app:id/battery_plugged_state}
08-24 15:47:24.902  2820  2820 E wwd     : BatteryControllerImpl fireBatteryLevelChanged i = 2, cb = com.android.systemui.HiosBatteryStateImageView{9d988ba V.ED..... ........ 0,8-48,40 #7f13033c app:id/battery_charge_bg}
08-24 15:47:24.903  2820  2820 E wwd     : BatteryControllerImpl fireBatteryLevelChanged i = 3, cb = com.android.systemui.HiosBatteryMeterView{324136b V.ED..... ........ 0,8-50,39 #7f13033d app:id/battery}
08-24 15:47:24.903  2820  2820 E wwd     : BatteryControllerImpl fireBatteryLevelChanged i = 4, cb = com.android.systemui.HiosBatteryStateImageView{d292fcd V.ED..... ......ID 0,9-18,39 #7f13033b app:id/battery_plugged_state}
08-24 15:47:24.903  2820  2820 E wwd     : BatteryControllerImpl fireBatteryLevelChanged i = 5, cb = com.android.systemui.HiosBatteryStateImageView{a3c0393 V.ED..... ......ID 0,8-48,40 #7f13033c app:id/battery_charge_bg}
08-24 15:47:24.903  2820  2820 E wwd     : BatteryControllerImpl fireBatteryLevelChanged i = 6, cb = com.android.systemui.HiosBatteryMeterView{b567fd0 V.ED..... ......ID 0,8-50,39 #7f13033d app:id/battery}
08-24 15:47:24.981   566   566 E PowerSave/AppWidgetHios: Battery percent test widthMeasureSpec:0-----heightMeasureSpec:0view.getWidth:0
08-24 15:47:25.006   566  4536 E PowerSave/PowerSaveService: lowerPowerFlag:1isCharging:true
08-24 15:47:25.461  2120  2180 E MAL-RDS :  (  rds_ru_3gpp_status_ind, 1638) [RDS-E][RU][EVENT_RU_DM_3GPP_STATUS_IND] Invalid u43gpp_status:0x8
08-24 15:47:25.778  1529  1532 E GED     : Failed to execute ioctl 3222824709, BridgeID(5), err(-1)
08-24 15:47:25.778  1529  1532 E GasService: Error on query GED info, err=1
08-24 15:47:25.993 29806 29806 E ActivityThread: Service com.android.providers.media.MtpService has leaked IntentReceiver com.android.providers.media.MtpService$3@729d08c that was originally registered here. Are you missing a call to unregisterReceiver()?
08-24 15:47:25.993 29806 29806 E ActivityThread: android.app.IntentReceiverLeaked: Service com.android.providers.media.MtpService has leaked IntentReceiver com.android.providers.media.MtpService$3@729d08c that was originally registered here. Are you missing a call to unregisterReceiver()?
08-24 15:47:25.993 29806 29806 E ActivityThread: 	at android.app.LoadedApk$ReceiverDispatcher.<init>(LoadedApk.java:1199)
08-24 15:47:25.993 29806 29806 E ActivityThread: 	at android.app.LoadedApk.getReceiverDispatcher(LoadedApk.java:951)
08-24 15:47:25.993 29806 29806 E ActivityThread: 	at android.app.ContextImpl.registerReceiverInternal(ContextImpl.java:1314)
08-24 15:47:25.993 29806 29806 E ActivityThread: 	at android.app.ContextImpl.registerReceiver(ContextImpl.java:1294)
08-24 15:47:25.993 29806 29806 E ActivityThread: 	at android.app.ContextImpl.registerReceiver(ContextImpl.java:1288)
08-24 15:47:25.993 29806 29806 E ActivityThread: 	at android.content.ContextWrapper.registerReceiver(ContextWrapper.java:586)
08-24 15:47:25.993 29806 29806 E ActivityThread: 	at com.android.providers.media.MtpService.onCreate(MtpService.java:101)
08-24 15:47:25.993 29806 29806 E ActivityThread: 	at android.app.ActivityThread.handleCreateService(ActivityThread.java:3253)
08-24 15:47:25.993 29806 29806 E ActivityThread: 	at android.app.ActivityThread.-wrap5(ActivityThread.java)
08-24 15:47:25.993 29806 29806 E ActivityThread: 	at android.app.ActivityThread$H.handleMessage(ActivityThread.java:1617)
08-24 15:47:25.993 29806 29806 E ActivityThread: 	at android.os.Handler.dispatchMessage(Handler.java:110)
08-24 15:47:25.993 29806 29806 E ActivityThread: 	at android.os.Looper.loop(Looper.java:203)
08-24 15:47:25.993 29806 29806 E ActivityThread: 	at android.app.ActivityThread.main(ActivityThread.java:6251)
08-24 15:47:25.993 29806 29806 E ActivityThread: 	at java.lang.reflect.Method.invoke(Native Method)
08-24 15:47:25.993 29806 29806 E ActivityThread: 	at com.android.internal.os.ZygoteInit$MethodAndArgsCaller.run(ZygoteInit.java:1068)
08-24 15:47:25.993 29806 29806 E ActivityThread: 	at com.android.internal.os.ZygoteInit.main(ZygoteInit.java:929)
08-24 15:47:26.089   566   566 E PowerSave/AppWidgetHios: Battery percent test widthMeasureSpec:0-----heightMeasureSpec:0view.getWidth:0
08-24 15:47:26.779  1529  1532 E GED     : Failed to execute ioctl 3222824709, BridgeID(5), err(-1)
08-24 15:47:26.779  1529  1532 E GasService: Error on query GED info, err=1
08-24 15:47:26.807  2820  2820 E wwd     : BatteryControllerImpl onReceive mLevel = 69
08-24 15:47:26.807  2820  2820 E wwd     : BatteryControllerImpl fireBatteryLevelChanged i = 0, cb = com.android.systemui.statusbar.phone.PhoneStatusBar$38@5a79f2b
08-24 15:47:26.808  2820  2820 E wwd     : BatteryControllerImpl fireBatteryLevelChanged i = 1, cb = com.android.systemui.HiosBatteryStateImageView{8a2c0dc V.ED..... ........ 0,9-18,39 #7f13033b app:id/battery_plugged_state}
08-24 15:47:26.809  2820  2820 E wwd     : BatteryControllerImpl fireBatteryLevelChanged i = 2, cb = com.android.systemui.HiosBatteryStateImageView{9d988ba V.ED..... ........ 0,8-48,40 #7f13033c app:id/battery_charge_bg}
08-24 15:47:26.810  2820  2820 E wwd     : BatteryControllerImpl fireBatteryLevelChanged i = 3, cb = com.android.systemui.HiosBatteryMeterView{324136b V.ED..... ........ 0,8-50,39 #7f13033d app:id/battery}
08-24 15:47:26.810  2820  2820 E wwd     : BatteryControllerImpl fireBatteryLevelChanged i = 4, cb = com.android.systemui.HiosBatteryStateImageView{d292fcd V.ED..... ......ID 0,9-18,39 #7f13033b app:id/battery_plugged_state}
08-24 15:47:26.810  2820  2820 E wwd     : BatteryControllerImpl fireBatteryLevelChanged i = 5, cb = com.android.systemui.HiosBatteryStateImageView{a3c0393 V.ED..... ......ID 0,8-48,40 #7f13033c app:id/battery_charge_bg}
08-24 15:47:26.812  2820  2820 E wwd     : BatteryControllerImpl fireBatteryLevelChanged i = 6, cb = com.android.systemui.HiosBatteryMeterView{b567fd0 V.ED..... ......ID 0,8-50,39 #7f13033d app:id/battery}
08-24 15:47:26.899   566   566 E PowerSave/AppWidgetHios: Battery percent test widthMeasureSpec:0-----heightMeasureSpec:0view.getWidth:0
08-24 15:47:26.915 29806 29806 E ActivityThread: Service com.android.providers.media.MtpService has leaked IntentReceiver com.android.providers.media.MtpService$3@217d9b7 that was originally registered here. Are you missing a call to unregisterReceiver()?
08-24 15:47:26.915 29806 29806 E ActivityThread: android.app.IntentReceiverLeaked: Service com.android.providers.media.MtpService has leaked IntentReceiver com.android.providers.media.MtpService$3@217d9b7 that was originally registered here. Are you missing a call to unregisterReceiver()?
08-24 15:47:26.915 29806 29806 E ActivityThread: 	at android.app.LoadedApk$ReceiverDispatcher.<init>(LoadedApk.java:1199)
08-24 15:47:26.915 29806 29806 E ActivityThread: 	at android.app.LoadedApk.getReceiverDispatcher(LoadedApk.java:951)
08-24 15:47:26.915 29806 29806 E ActivityThread: 	at android.app.ContextImpl.registerReceiverInternal(ContextImpl.java:1314)
08-24 15:47:26.915 29806 29806 E ActivityThread: 	at android.app.ContextImpl.registerReceiver(ContextImpl.java:1294)
08-24 15:47:26.915 29806 29806 E ActivityThread: 	at android.app.ContextImpl.registerReceiver(ContextImpl.java:1288)
08-24 15:47:26.915 29806 29806 E ActivityThread: 	at android.content.ContextWrapper.registerReceiver(ContextWrapper.java:586)
08-24 15:47:26.915 29806 29806 E ActivityThread: 	at com.android.providers.media.MtpService.onCreate(MtpService.java:101)
08-24 15:47:26.915 29806 29806 E ActivityThread: 	at android.app.ActivityThread.handleCreateService(ActivityThread.java:3253)
08-24 15:47:26.915 29806 29806 E ActivityThread: 	at android.app.ActivityThread.-wrap5(ActivityThread.java)
08-24 15:47:26.915 29806 29806 E ActivityThread: 	at android.app.ActivityThread$H.handleMessage(ActivityThread.java:1617)
08-24 15:47:26.915 29806 29806 E ActivityThread: 	at android.os.Handler.dispatchMessage(Handler.java:110)
08-24 15:47:26.915 29806 29806 E ActivityThread: 	at android.os.Looper.loop(Looper.java:203)
08-24 15:47:26.915 29806 29806 E ActivityThread: 	at android.app.ActivityThread.main(ActivityThread.java:6251)
08-24 15:47:26.915 29806 29806 E ActivityThread: 	at java.lang.reflect.Method.invoke(Native Method)
08-24 15:47:26.915 29806 29806 E ActivityThread: 	at com.android.internal.os.ZygoteInit$MethodAndArgsCaller.run(ZygoteInit.java:1068)
08-24 15:47:26.915 29806 29806 E ActivityThread: 	at com.android.internal.os.ZygoteInit.main(ZygoteInit.java:929)
08-24 15:47:26.950   566  4543 E PowerSave/PowerSaveService: lowerPowerFlag:1isCharging:true
08-24 15:47:26.962  2820  2820 E wwd     : BatteryControllerImpl onReceive mLevel = 69
08-24 15:47:26.962  2820  2820 E wwd     : BatteryControllerImpl fireBatteryLevelChanged i = 0, cb = com.android.systemui.statusbar.phone.PhoneStatusBar$38@5a79f2b
08-24 15:47:26.963  2820  2820 E wwd     : BatteryControllerImpl fireBatteryLevelChanged i = 1, cb = com.android.systemui.HiosBatteryStateImageView{8a2c0dc V.ED..... ........ 0,9-18,39 #7f13033b app:id/battery_plugged_state}
08-24 15:47:26.963  2820  2820 E wwd     : BatteryControllerImpl fireBatteryLevelChanged i = 2, cb = com.android.systemui.HiosBatteryStateImageView{9d988ba V.ED..... ........ 0,8-48,40 #7f13033c app:id/battery_charge_bg}
08-24 15:47:26.964  2820  2820 E wwd     : BatteryControllerImpl fireBatteryLevelChanged i = 3, cb = com.android.systemui.HiosBatteryMeterView{324136b V.ED..... ........ 0,8-50,39 #7f13033d app:id/battery}
08-24 15:47:26.965  2820  2820 E wwd     : BatteryControllerImpl fireBatteryLevelChanged i = 4, cb = com.android.systemui.HiosBatteryStateImageView{d292fcd V.ED..... ......ID 0,9-18,39 #7f13033b app:id/battery_plugged_state}
08-24 15:47:26.970  2820  2820 E wwd     : BatteryControllerImpl fireBatteryLevelChanged i = 5, cb = com.android.systemui.HiosBatteryStateImageView{a3c0393 V.ED..... ......ID 0,8-48,40 #7f13033c app:id/battery_charge_bg}
08-24 15:47:26.970  2820  2820 E wwd     : BatteryControllerImpl fireBatteryLevelChanged i = 6, cb = com.android.systemui.HiosBatteryMeterView{b567fd0 V.ED..... ......ID 0,8-50,39 #7f13033d app:id/battery}
08-24 15:47:26.985   566   566 E PowerSave/AppWidgetHios: Battery percent test widthMeasureSpec:0-----heightMeasureSpec:0view.getWidth:0
08-24 15:47:26.999   566  4544 E PowerSave/PowerSaveService: lowerPowerFlag:1isCharging:true
08-24 15:47:27.783  1529  1532 E GED     : Failed to execute ioctl 3222824709, BridgeID(5), err(-1)
08-24 15:47:27.783  1529  1532 E GasService: Error on query GED info, err=1
08-24 15:47:28.023  2120  2180 E MAL-RDS :  (  rds_ru_3gpp_status_ind, 1638) [RDS-E][RU][EVENT_RU_DM_3GPP_STATUS_IND] Invalid u43gpp_status:0x8
08-24 15:47:28.056   566   566 E PowerSave/AppWidgetHios: Battery percent test widthMeasureSpec:0-----heightMeasureSpec:0view.getWidth:0
08-24 15:47:28.314   566   566 E PowerSave/AppWidgetHios: Battery percent test widthMeasureSpec:0-----heightMeasureSpec:0view.getWidth:0
08-24 15:47:28.340   566  4545 E PowerSave/PowerSaveService: lowerPowerFlag:1isCharging:true
08-24 15:47:28.348  2820  2820 E wwd     : BatteryControllerImpl onReceive mLevel = 69
08-24 15:47:28.348  2820  2820 E wwd     : BatteryControllerImpl fireBatteryLevelChanged i = 0, cb = com.android.systemui.statusbar.phone.PhoneStatusBar$38@5a79f2b
08-24 15:47:28.349  2820  2820 E wwd     : BatteryControllerImpl fireBatteryLevelChanged i = 1, cb = com.android.systemui.HiosBatteryStateImageView{8a2c0dc V.ED..... ........ 0,9-18,39 #7f13033b app:id/battery_plugged_state}
08-24 15:47:28.349  2820  2820 E wwd     : BatteryControllerImpl fireBatteryLevelChanged i = 2, cb = com.android.systemui.HiosBatteryStateImageView{9d988ba V.ED..... ........ 0,8-48,40 #7f13033c app:id/battery_charge_bg}
08-24 15:47:28.350  2820  2820 E wwd     : BatteryControllerImpl fireBatteryLevelChanged i = 3, cb = com.android.systemui.HiosBatteryMeterView{324136b V.ED..... ........ 0,8-50,39 #7f13033d app:id/battery}
08-24 15:47:28.350  2820  2820 E wwd     : BatteryControllerImpl fireBatteryLevelChanged i = 4, cb = com.android.systemui.HiosBatteryStateImageView{d292fcd V.ED..... ......ID 0,9-18,39 #7f13033b app:id/battery_plugged_state}
08-24 15:47:28.350  2820  2820 E wwd     : BatteryControllerImpl fireBatteryLevelChanged i = 5, cb = com.android.systemui.HiosBatteryStateImageView{a3c0393 V.ED..... ......ID 0,8-48,40 #7f13033c app:id/battery_charge_bg}
08-24 15:47:28.350  2820  2820 E wwd     : BatteryControllerImpl fireBatteryLevelChanged i = 6, cb = com.android.systemui.HiosBatteryMeterView{b567fd0 V.ED..... ......ID 0,8-50,39 #7f13033d app:id/battery}
08-24 15:47:28.526  2820  2820 E wwd     : BatteryControllerImpl onReceive mLevel = 69
08-24 15:47:28.526  2820  2820 E wwd     : BatteryControllerImpl fireBatteryLevelChanged i = 0, cb = com.android.systemui.statusbar.phone.PhoneStatusBar$38@5a79f2b
08-24 15:47:28.528  2820  2820 E wwd     : BatteryControllerImpl fireBatteryLevelChanged i = 1, cb = com.android.systemui.HiosBatteryStateImageView{8a2c0dc V.ED..... ........ 0,9-18,39 #7f13033b app:id/battery_plugged_state}
08-24 15:47:28.528  2820  2820 E wwd     : BatteryControllerImpl fireBatteryLevelChanged i = 2, cb = com.android.systemui.HiosBatteryStateImageView{9d988ba V.ED..... ........ 0,8-48,40 #7f13033c app:id/battery_charge_bg}
08-24 15:47:28.529  2820  2820 E wwd     : BatteryControllerImpl fireBatteryLevelChanged i = 3, cb = com.android.systemui.HiosBatteryMeterView{324136b V.ED..... ........ 0,8-50,39 #7f13033d app:id/battery}
08-24 15:47:28.529  2820  2820 E wwd     : BatteryControllerImpl fireBatteryLevelChanged i = 4, cb = com.android.systemui.HiosBatteryStateImageView{d292fcd V.ED..... ......ID 0,9-18,39 #7f13033b app:id/battery_plugged_state}
08-24 15:47:28.529  2820  2820 E wwd     : BatteryControllerImpl fireBatteryLevelChanged i = 5, cb = com.android.systemui.HiosBatteryStateImageView{a3c0393 V.ED..... ......ID 0,8-48,40 #7f13033c app:id/battery_charge_bg}
08-24 15:47:28.530  2820  2820 E wwd     : BatteryControllerImpl fireBatteryLevelChanged i = 6, cb = com.android.systemui.HiosBatteryMeterView{b567fd0 V.ED..... ......ID 0,8-50,39 #7f13033d app:id/battery}
08-24 15:47:28.559   566   566 E PowerSave/AppWidgetHios: Battery percent test widthMeasureSpec:0-----heightMeasureSpec:0view.getWidth:0
08-24 15:47:28.577   566  4546 E PowerSave/PowerSaveService: lowerPowerFlag:1isCharging:true
08-24 15:47:28.783  1529  1532 E GED     : Failed to execute ioctl 3222824709, BridgeID(5), err(-1)
08-24 15:47:28.783  1529  1532 E GasService: Error on query GED info, err=1
08-24 15:47:29.607   566   566 E PowerSave/AppWidgetHios: Battery percent test widthMeasureSpec:0-----heightMeasureSpec:0view.getWidth:0
08-24 15:47:29.671 29806 29806 E ActivityThread: Service com.android.providers.media.MtpService has leaked IntentReceiver com.android.providers.media.MtpService$3@60874bc that was originally registered here. Are you missing a call to unregisterReceiver()?
08-24 15:47:29.671 29806 29806 E ActivityThread: android.app.IntentReceiverLeaked: Service com.android.providers.media.MtpService has leaked IntentReceiver com.android.providers.media.MtpService$3@60874bc that was originally registered here. Are you missing a call to unregisterReceiver()?
08-24 15:47:29.671 29806 29806 E ActivityThread: 	at android.app.LoadedApk$ReceiverDispatcher.<init>(LoadedApk.java:1199)
08-24 15:47:29.671 29806 29806 E ActivityThread: 	at android.app.LoadedApk.getReceiverDispatcher(LoadedApk.java:951)
08-24 15:47:29.671 29806 29806 E ActivityThread: 	at android.app.ContextImpl.registerReceiverInternal(ContextImpl.java:1314)
08-24 15:47:29.671 29806 29806 E ActivityThread: 	at android.app.ContextImpl.registerReceiver(ContextImpl.java:1294)
08-24 15:47:29.671 29806 29806 E ActivityThread: 	at android.app.ContextImpl.registerReceiver(ContextImpl.java:1288)
08-24 15:47:29.671 29806 29806 E ActivityThread: 	at android.content.ContextWrapper.registerReceiver(ContextWrapper.java:586)
08-24 15:47:29.671 29806 29806 E ActivityThread: 	at com.android.providers.media.MtpService.onCreate(MtpService.java:101)
08-24 15:47:29.671 29806 29806 E ActivityThread: 	at android.app.ActivityThread.handleCreateService(ActivityThread.java:3253)
08-24 15:47:29.671 29806 29806 E ActivityThread: 	at android.app.ActivityThread.-wrap5(ActivityThread.java)
08-24 15:47:29.671 29806 29806 E ActivityThread: 	at android.app.ActivityThread$H.handleMessage(ActivityThread.java:1617)
08-24 15:47:29.671 29806 29806 E ActivityThread: 	at android.os.Handler.dispatchMessage(Handler.java:110)
08-24 15:47:29.671 29806 29806 E ActivityThread: 	at android.os.Looper.loop(Looper.java:203)
08-24 15:47:29.671 29806 29806 E ActivityThread: 	at android.app.ActivityThread.main(ActivityThread.java:6251)
08-24 15:47:29.671 29806 29806 E ActivityThread: 	at java.lang.reflect.Method.invoke(Native Method)
08-24 15:47:29.671 29806 29806 E ActivityThread: 	at com.android.internal.os.ZygoteInit$MethodAndArgsCaller.run(ZygoteInit.java:1068)
08-24 15:47:29.671 29806 29806 E ActivityThread: 	at com.android.internal.os.ZygoteInit.main(ZygoteInit.java:929)
08-24 15:47:29.727  2820  2820 E wwd     : BatteryControllerImpl onReceive mLevel = 69
08-24 15:47:29.727  2820  2820 E wwd     : BatteryControllerImpl fireBatteryLevelChanged i = 0, cb = com.android.systemui.statusbar.phone.PhoneStatusBar$38@5a79f2b
08-24 15:47:29.729  2820  2820 E wwd     : BatteryControllerImpl fireBatteryLevelChanged i = 1, cb = com.android.systemui.HiosBatteryStateImageView{8a2c0dc V.ED..... ........ 0,9-18,39 #7f13033b app:id/battery_plugged_state}
08-24 15:47:29.730  2820  2820 E wwd     : BatteryControllerImpl fireBatteryLevelChanged i = 2, cb = com.android.systemui.HiosBatteryStateImageView{9d988ba V.ED..... ........ 0,8-48,40 #7f13033c app:id/battery_charge_bg}
08-24 15:47:29.730  2820  2820 E wwd     : BatteryControllerImpl fireBatteryLevelChanged i = 3, cb = com.android.systemui.HiosBatteryMeterView{324136b V.ED..... ........ 0,8-50,39 #7f13033d app:id/battery}
08-24 15:47:29.731  2820  2820 E wwd     : BatteryControllerImpl fireBatteryLevelChanged i = 4, cb = com.android.systemui.HiosBatteryStateImageView{d292fcd V.ED..... ......ID 0,9-18,39 #7f13033b app:id/battery_plugged_state}
08-24 15:47:29.731  2820  2820 E wwd     : BatteryControllerImpl fireBatteryLevelChanged i = 5, cb = com.android.systemui.HiosBatteryStateImageView{a3c0393 V.ED..... ......ID 0,8-48,40 #7f13033c app:id/battery_charge_bg}
08-24 15:47:29.731  2820  2820 E wwd     : BatteryControllerImpl fireBatteryLevelChanged i = 6, cb = com.android.systemui.HiosBatteryMeterView{b567fd0 V.ED..... ......ID 0,8-50,39 #7f13033d app:id/battery}
08-24 15:47:29.749   566   566 E PowerSave/AppWidgetHios: Battery percent test widthMeasureSpec:0-----heightMeasureSpec:0view.getWidth:0
08-24 15:47:29.773   566  4552 E PowerSave/PowerSaveService: lowerPowerFlag:1isCharging:true
08-24 15:47:29.784  1529  1532 E GED     : Failed to execute ioctl 3222824709, BridgeID(5), err(-1)
08-24 15:47:29.784  1529  1532 E GasService: Error on query GED info, err=1
08-24 15:47:30.444  3051 31520 E memtrack_graphic: open dir: /d/ion/clients/.
08-24 15:47:30.580  2120  2180 E MAL-RDS :  (  rds_ru_3gpp_status_ind, 1638) [RDS-E][RU][EVENT_RU_DM_3GPP_STATUS_IND] Invalid u43gpp_status:0x8
08-24 15:47:30.792  1529  1532 E GED     : Failed to execute ioctl 3222824709, BridgeID(5), err(-1)
08-24 15:47:30.792  1529  1532 E GasService: Error on query GED info, err=1
08-24 15:47:30.793  2820  2820 E wwd     : BatteryControllerImpl onReceive mLevel = 69
08-24 15:47:30.793  2820  2820 E wwd     : BatteryControllerImpl fireBatteryLevelChanged i = 0, cb = com.android.systemui.statusbar.phone.PhoneStatusBar$38@5a79f2b
08-24 15:47:30.796  2820  2820 E wwd     : BatteryControllerImpl fireBatteryLevelChanged i = 1, cb = com.android.systemui.HiosBatteryStateImageView{8a2c0dc V.ED..... ........ 0,9-18,39 #7f13033b app:id/battery_plugged_state}
08-24 15:47:30.798  2820  2820 E wwd     : BatteryControllerImpl fireBatteryLevelChanged i = 2, cb = com.android.systemui.HiosBatteryStateImageView{9d988ba V.ED..... ........ 0,8-48,40 #7f13033c app:id/battery_charge_bg}
08-24 15:47:30.801  2820  2820 E wwd     : BatteryControllerImpl fireBatteryLevelChanged i = 3, cb = com.android.systemui.HiosBatteryMeterView{324136b V.ED..... ........ 0,8-50,39 #7f13033d app:id/battery}
08-24 15:47:30.801  2820  2820 E wwd     : BatteryControllerImpl fireBatteryLevelChanged i = 4, cb = com.android.systemui.HiosBatteryStateImageView{d292fcd V.ED..... ......ID 0,9-18,39 #7f13033b app:id/battery_plugged_state}
08-24 15:47:30.803  2820  2820 E wwd     : BatteryControllerImpl fireBatteryLevelChanged i = 5, cb = com.android.systemui.HiosBatteryStateImageView{a3c0393 V.ED..... ......ID 0,8-48,40 #7f13033c app:id/battery_charge_bg}
08-24 15:47:30.803  2820  2820 E wwd     : BatteryControllerImpl fireBatteryLevelChanged i = 6, cb = com.android.systemui.HiosBatteryMeterView{b567fd0 V.ED..... ......ID 0,8-50,39 #7f13033d app:id/battery}
08-24 15:47:30.843   566   566 E PowerSave/AppWidgetHios: Battery percent test widthMeasureSpec:0-----heightMeasureSpec:0view.getWidth:0
08-24 15:47:30.872   566   566 E PowerSave/AppWidgetHios: Battery percent test widthMeasureSpec:0-----heightMeasureSpec:0view.getWidth:0
08-24 15:47:30.904   566  4558 E PowerSave/PowerSaveService: lowerPowerFlag:1isCharging:true
08-24 15:47:31.000 29806 29806 E ActivityThread: Service com.android.providers.media.MtpService has leaked IntentReceiver com.android.providers.media.MtpService$3@99c9ea7 that was originally registered here. Are you missing a call to unregisterReceiver()?
08-24 15:47:31.000 29806 29806 E ActivityThread: android.app.IntentReceiverLeaked: Service com.android.providers.media.MtpService has leaked IntentReceiver com.android.providers.media.MtpService$3@99c9ea7 that was originally registered here. Are you missing a call to unregisterReceiver()?
08-24 15:47:31.000 29806 29806 E ActivityThread: 	at android.app.LoadedApk$ReceiverDispatcher.<init>(LoadedApk.java:1199)
