08-24 15:46:46.893 29806 29806 E ActivityThread: android.app.IntentReceiverLeaked: Service com.android.providers.media.MtpService has leaked IntentReceiver com.android.providers.media.MtpService$3@b3cb000 that was originally registered here. Are you missing a call to unregisterReceiver()?
08-24 15:46:46.893 29806 29806 E ActivityThread: 	at android.app.LoadedApk$ReceiverDispatcher.<init>(LoadedApk.java:1199)
08-24 15:46:46.893 29806 29806 E ActivityThread: 	at android.app.LoadedApk.getReceiverDispatcher(LoadedApk.java:951)
08-24 15:46:46.893 29806 29806 E ActivityThread: 	at android.app.ContextImpl.registerReceiverInternal(ContextImpl.java:1314)
08-24 15:46:46.893 29806 29806 E ActivityThread: 	at android.app.ContextImpl.registerReceiver(ContextImpl.java:1294)
08-24 15:46:46.893 29806 29806 E ActivityThread: 	at android.app.ContextImpl.registerReceiver(ContextImpl.java:1288)
08-24 15:46:46.893 29806 29806 E ActivityThread: 	at android.content.ContextWrapper.registerReceiver(ContextWrapper.java:586)
08-24 15:46:46.893 29806 29806 E ActivityThread: 	at com.android.providers.media.MtpService.onCreate(MtpService.java:101)
08-24 15:46:46.893 29806 29806 E ActivityThread: 	at android.app.ActivityThread.handleCreateService(ActivityThread.java:3253)
08-24 15:46:46.893 29806 29806 E ActivityThread: 	at android.app.ActivityThread.-wrap5(ActivityThread.java)
08-24 15:46:46.893 29806 29806 E ActivityThread: 	at android.app.ActivityThread$H.handleMessage(ActivityThread.java:1617)
08-24 15:46:46.893 29806 29806 E ActivityThread: 	at android.os.Handler.dispatchMessage(Handler.java:110)
08-24 15:46:46.893 29806 29806 E ActivityThread: 	at android.os.Looper.loop(Looper.java:203)
08-24 15:46:46.893 29806 29806 E ActivityThread: 	at android.app.ActivityThread.main(ActivityThread.java:6251)
08-24 15:46:46.893 29806 29806 E ActivityThread: 	at java.lang.reflect.Method.invoke(Native Method)
08-24 15:46:46.893 29806 29806 E ActivityThread: 	at com.android.internal.os.ZygoteInit$MethodAndArgsCaller.run(ZygoteInit.java:1068)
08-24 15:46:46.893 29806 29806 E ActivityThread: 	at com.android.internal.os.ZygoteInit.main(ZygoteInit.java:929)
--------- beginning of main
08-24 15:47:10.451  2820  2820 E wwd     : BatteryControllerImpl fireBatteryLevelChanged i = 0, cb = com.android.systemui.statusbar.phone.PhoneStatusBar$38@5a79f2b
08-24 15:47:10.453  2820  2820 E wwd     : BatteryControllerImpl fireBatteryLevelChanged i = 1, cb = com.android.systemui.HiosBatteryStateImageView{8a2c0dc V.ED..... ........ 0,9-18,39 #7f13033b app:id/battery_plugged_state}
08-24 15:47:10.458  2820  2820 E wwd     : BatteryControllerImpl fireBatteryLevelChanged i = 2, cb = com.android.systemui.HiosBatteryStateImageView{9d988ba V.ED..... ........ 0,8-48,40 #7f13033c app:id/battery_charge_bg}
08-24 15:47:10.459  2820  2820 E wwd     : BatteryControllerImpl fireBatteryLevelChanged i = 3, cb = com.android.systemui.HiosBatteryMeterView{324136b V.ED..... ........ 0,8-50,39 #7f13033d app:id/battery}
08-24 15:47:10.459  2820  2820 E wwd     : BatteryControllerImpl fireBatteryLevelChanged i = 4, cb = com.android.systemui.HiosBatteryStateImageView{d292fcd V.ED..... ......ID 0,9-18,39 #7f13033b app:id/battery_plugged_state}
08-24 15:47:10.460  2820  2820 E wwd     : BatteryControllerImpl fireBatteryLevelChanged i = 5, cb = com.android.systemui.HiosBatteryStateImageView{a3c0393 V.ED..... ......ID 0,8-48,40 #7f13033c app:id/battery_charge_bg}
08-24 15:47:10.460  2820  2820 E wwd     : BatteryControllerImpl fireBatteryLevelChanged i = 6, cb = com.android.systemui.HiosBatteryMeterView{b567fd0 V.ED..... ......ID 0,8-50,39 #7f13033d app:id/battery}
08-24 15:47:10.471   566   566 E PowerSave/AppWidgetHios: Battery percent test widthMeasureSpec:0-----heightMeasureSpec:0view.getWidth:0
08-24 15:47:10.512   566  4490 E PowerSave/PowerSaveService: lowerPowerFlag:1isCharging:true
08-24 15:47:10.546  2820  2820 E wwd     : BatteryControllerImpl onReceive mLevel = 69
08-24 15:47:10.546  2820  2820 E wwd     : BatteryControllerImpl fireBatteryLevelChanged i = 0, cb = com.android.systemui.statusbar.phone.PhoneStatusBar$38@5a79f2b
08-24 15:47:10.548  2820  2820 E wwd     : BatteryControllerImpl fireBatteryLevelChanged i = 1, cb = com.android.systemui.HiosBatteryStateImageView{8a2c0dc V.ED..... ........ 0,9-18,39 #7f13033b app:id/battery_plugged_state}
08-24 15:47:10.549  2820  2820 E wwd     : BatteryControllerImpl fireBatteryLevelChanged i = 2, cb = com.android.systemui.HiosBatteryStateImageView{9d988ba V.ED..... ........ 0,8-48,40 #7f13033c app:id/battery_charge_bg}
08-24 15:47:10.549  2820  2820 E wwd     : BatteryControllerImpl fireBatteryLevelChanged i = 3, cb = com.android.systemui.HiosBatteryMeterView{324136b V.ED..... ........ 0,8-50,39 #7f13033d app:id/battery}
08-24 15:47:10.550  2820  2820 E wwd     : BatteryControllerImpl fireBatteryLevelChanged i = 4, cb = com.android.systemui.HiosBatteryStateImageView{d292fcd V.ED..... ......ID 0,9-18,39 #7f13033b app:id/battery_plugged_state}
08-24 15:47:10.550  2820  2820 E wwd     : BatteryControllerImpl fireBatteryLevelChanged i = 5, cb = com.android.systemui.HiosBatteryStateImageView{a3c0393 V.ED..... ......ID 0,8-48,40 #7f13033c app:id/battery_charge_bg}
08-24 15:47:10.550  2820  2820 E wwd     : BatteryControllerImpl fireBatteryLevelChanged i = 6, cb = com.android.systemui.HiosBatteryMeterView{b567fd0 V.ED..... ......ID 0,8-50,39 #7f13033d app:id/battery}
08-24 15:47:10.576   566   566 E PowerSave/AppWidgetHios: Battery percent test widthMeasureSpec:0-----heightMeasureSpec:0view.getWidth:0
08-24 15:47:10.615   566  4491 E PowerSave/PowerSaveService: lowerPowerFlag:1isCharging:true
08-24 15:47:10.757  1529  1532 E GED     : Failed to execute ioctl 3222824709, BridgeID(5), err(-1)
08-24 15:47:10.757  1529  1532 E GasService: Error on query GED info, err=1
08-24 15:47:11.027  2820  2820 E wwd     : BatteryControllerImpl onReceive mLevel = 69
08-24 15:47:11.027  2820  2820 E wwd     : BatteryControllerImpl fireBatteryLevelChanged i = 0, cb = com.android.systemui.statusbar.phone.PhoneStatusBar$38@5a79f2b
08-24 15:47:11.036  2820  2820 E wwd     : BatteryControllerImpl fireBatteryLevelChanged i = 1, cb = com.android.systemui.HiosBatteryStateImageView{8a2c0dc V.ED..... ........ 0,9-18,39 #7f13033b app:id/battery_plugged_state}
08-24 15:47:11.037  2820  2820 E wwd     : BatteryControllerImpl fireBatteryLevelChanged i = 2, cb = com.android.systemui.HiosBatteryStateImageView{9d988ba V.ED..... ........ 0,8-48,40 #7f13033c app:id/battery_charge_bg}
08-24 15:47:11.037  2820  2820 E wwd     : BatteryControllerImpl fireBatteryLevelChanged i = 3, cb = com.android.systemui.HiosBatteryMeterView{324136b V.ED..... ........ 0,8-50,39 #7f13033d app:id/battery}
08-24 15:47:11.037  2820  2820 E wwd     : BatteryControllerImpl fireBatteryLevelChanged i = 4, cb = com.android.systemui.HiosBatteryStateImageView{d292fcd V.ED..... ......ID 0,9-18,39 #7f13033b app:id/battery_plugged_state}
08-24 15:47:11.038  2820  2820 E wwd     : BatteryControllerImpl fireBatteryLevelChanged i = 5, cb = com.android.systemui.HiosBatteryStateImageView{a3c0393 V.ED..... ......ID 0,8-48,40 #7f13033c app:id/battery_charge_bg}
08-24 15:47:11.038  2820  2820 E wwd     : BatteryControllerImpl fireBatteryLevelChanged i = 6, cb = com.android.systemui.HiosBatteryMeterView{b567fd0 V.ED..... ......ID 0,8-50,39 #7f13033d app:id/battery}
08-24 15:47:11.057   566   566 E PowerSave/AppWidgetHios: Battery percent test widthMeasureSpec:0-----heightMeasureSpec:0view.getWidth:0
08-24 15:47:11.086   566  4492 E PowerSave/PowerSaveService: lowerPowerFlag:1isCharging:true
08-24 15:47:11.117  2820  2820 E wwd     : BatteryControllerImpl onReceive mLevel = 69
08-24 15:47:11.117  2820  2820 E wwd     : BatteryControllerImpl fireBatteryLevelChanged i = 0, cb = com.android.systemui.statusbar.phone.PhoneStatusBar$38@5a79f2b
08-24 15:47:11.118  2820  2820 E wwd     : BatteryControllerImpl fireBatteryLevelChanged i = 1, cb = com.android.systemui.HiosBatteryStateImageView{8a2c0dc V.ED..... ........ 0,9-18,39 #7f13033b app:id/battery_plugged_state}
08-24 15:47:11.119  2820  2820 E wwd     : BatteryControllerImpl fireBatteryLevelChanged i = 2, cb = com.android.systemui.HiosBatteryStateImageView{9d988ba V.ED..... ........ 0,8-48,40 #7f13033c app:id/battery_charge_bg}
08-24 15:47:11.122  2820  2820 E wwd     : BatteryControllerImpl fireBatteryLevelChanged i = 3, cb = com.android.systemui.HiosBatteryMeterView{324136b V.ED..... ........ 0,8-50,39 #7f13033d app:id/battery}
08-24 15:47:11.122  2820  2820 E wwd     : BatteryControllerImpl fireBatteryLevelChanged i = 4, cb = com.android.systemui.HiosBatteryStateImageView{d292fcd V.ED..... ......ID 0,9-18,39 #7f13033b app:id/battery_plugged_state}
08-24 15:47:11.129  2820  2820 E wwd     : BatteryControllerImpl fireBatteryLevelChanged i = 5, cb = com.android.systemui.HiosBatteryStateImageView{a3c0393 V.ED..... ......ID 0,8-48,40 #7f13033c app:id/battery_charge_bg}
08-24 15:47:11.129  2820  2820 E wwd     : BatteryControllerImpl fireBatteryLevelChanged i = 6, cb = com.android.systemui.HiosBatteryMeterView{b567fd0 V.ED..... ......ID 0,8-50,39 #7f13033d app:id/battery}
08-24 15:47:11.143   566   566 E PowerSave/AppWidgetHios: Battery percent test widthMeasureSpec:0-----heightMeasureSpec:0view.getWidth:0
08-24 15:47:11.172   566  4493 E PowerSave/PowerSaveService: lowerPowerFlag:1isCharging:true
08-24 15:47:11.706  2820  2820 E wwd     : BatteryControllerImpl onReceive mLevel = 69
08-24 15:47:11.706  2820  2820 E wwd     : BatteryControllerImpl fireBatteryLevelChanged i = 0, cb = com.android.systemui.statusbar.phone.PhoneStatusBar$38@5a79f2b
08-24 15:47:11.710  2820  2820 E wwd     : BatteryControllerImpl fireBatteryLevelChanged i = 1, cb = com.android.systemui.HiosBatteryStateImageView{8a2c0dc V.ED..... ........ 0,9-18,39 #7f13033b app:id/battery_plugged_state}
08-24 15:47:11.713  2820  2820 E wwd     : BatteryControllerImpl fireBatteryLevelChanged i = 2, cb = com.android.systemui.HiosBatteryStateImageView{9d988ba V.ED..... ........ 0,8-48,40 #7f13033c app:id/battery_charge_bg}
08-24 15:47:11.713  2820  2820 E wwd     : BatteryControllerImpl fireBatteryLevelChanged i = 3, cb = com.android.systemui.HiosBatteryMeterView{324136b V.ED..... ........ 0,8-50,39 #7f13033d app:id/battery}
08-24 15:47:11.716  2820  2820 E wwd     : BatteryControllerImpl fireBatteryLevelChanged i = 4, cb = com.android.systemui.HiosBatteryStateImageView{d292fcd V.ED..... ......ID 0,9-18,39 #7f13033b app:id/battery_plugged_state}
08-24 15:47:11.716  2820  2820 E wwd     : BatteryControllerImpl fireBatteryLevelChanged i = 5, cb = com.android.systemui.HiosBatteryStateImageView{a3c0393 V.ED..... ......ID 0,8-48,40 #7f13033c app:id/battery_charge_bg}
08-24 15:47:11.717  2820  2820 E wwd     : BatteryControllerImpl fireBatteryLevelChanged i = 6, cb = com.android.systemui.HiosBatteryMeterView{b567fd0 V.ED..... ......ID 0,8-50,39 #7f13033d app:id/battery}
08-24 15:47:11.738   566   566 E PowerSave/AppWidgetHios: Battery percent test widthMeasureSpec:0-----heightMeasureSpec:0view.getWidth:0
08-24 15:47:11.758  1529  1532 E GED     : Failed to execute ioctl 3222824709, BridgeID(5), err(-1)
08-24 15:47:11.758  1529  1532 E GasService: Error on query GED info, err=1
08-24 15:47:11.774   566  4495 E PowerSave/PowerSaveService: lowerPowerFlag:1isCharging:true
08-24 15:47:11.797  2820  2820 E wwd     : BatteryControllerImpl onReceive mLevel = 69
08-24 15:47:11.797  2820  2820 E wwd     : BatteryControllerImpl fireBatteryLevelChanged i = 0, cb = com.android.systemui.statusbar.phone.PhoneStatusBar$38@5a79f2b
08-24 15:47:11.802  2820  2820 E wwd     : BatteryControllerImpl fireBatteryLevelChanged i = 1, cb = com.android.systemui.HiosBatteryStateImageView{8a2c0dc V.ED..... ........ 0,9-18,39 #7f13033b app:id/battery_plugged_state}
08-24 15:47:11.802  2820  2820 E wwd     : BatteryControllerImpl fireBatteryLevelChanged i = 2, cb = com.android.systemui.HiosBatteryStateImageView{9d988ba V.ED..... ........ 0,8-48,40 #7f13033c app:id/battery_charge_bg}
08-24 15:47:11.803  2820  2820 E wwd     : BatteryControllerImpl fireBatteryLevelChanged i = 3, cb = com.android.systemui.HiosBatteryMeterView{324136b V.ED..... ........ 0,8-50,39 #7f13033d app:id/battery}
08-24 15:47:11.803  2820  2820 E wwd     : BatteryControllerImpl fireBatteryLevelChanged i = 4, cb = com.android.systemui.HiosBatteryStateImageView{d292fcd V.ED..... ......ID 0,9-18,39 #7f13033b app:id/battery_plugged_state}
08-24 15:47:11.803  2820  2820 E wwd     : BatteryControllerImpl fireBatteryLevelChanged i = 5, cb = com.android.systemui.HiosBatteryStateImageView{a3c0393 V.ED..... ......ID 0,8-48,40 #7f13033c app:id/battery_charge_bg}
08-24 15:47:11.803  2820  2820 E wwd     : BatteryControllerImpl fireBatteryLevelChanged i = 6, cb = com.android.systemui.HiosBatteryMeterView{b567fd0 V.ED..... ......ID 0,8-50,39 #7f13033d app:id/battery}
08-24 15:47:11.811   566   566 E PowerSave/AppWidgetHios: Battery percent test widthMeasureSpec:0-----heightMeasureSpec:0view.getWidth:0
08-24 15:47:11.837   566  4496 E PowerSave/PowerSaveService: lowerPowerFlag:1isCharging:true
08-24 15:47:12.663  2120  2180 E MAL-RDS :  (  rds_ru_3gpp_status_ind, 1638) [RDS-E][RU][EVENT_RU_DM_3GPP_STATUS_IND] Invalid u43gpp_status:0x8
08-24 15:47:12.759  1529  1532 E GED     : Failed to execute ioctl 3222824709, BridgeID(5), err(-1)
08-24 15:47:12.759  1529  1532 E GasService: Error on query GED info, err=1
08-24 15:47:12.872   566   566 E PowerSave/AppWidgetHios: Battery percent test widthMeasureSpec:0-----heightMeasureSpec:0view.getWidth:0
08-24 15:47:13.759  1529  1532 E GED     : Failed to execute ioctl 3222824709, BridgeID(5), err(-1)
08-24 15:47:13.759  1529  1532 E GasService: Error on query GED info, err=1
08-24 15:47:13.776  2820  2820 E wwd     : BatteryControllerImpl onReceive mLevel = 69
08-24 15:47:13.776  2820  2820 E wwd     : BatteryControllerImpl fireBatteryLevelChanged i = 0, cb = com.android.systemui.statusbar.phone.PhoneStatusBar$38@5a79f2b
08-24 15:47:13.780  2820  2820 E wwd     : BatteryControllerImpl fireBatteryLevelChanged i = 1, cb = com.android.systemui.HiosBatteryStateImageView{8a2c0dc V.ED..... ........ 0,9-18,39 #7f13033b app:id/battery_plugged_state}
08-24 15:47:13.780  2820  2820 E wwd     : BatteryControllerImpl fireBatteryLevelChanged i = 2, cb = com.android.systemui.HiosBatteryStateImageView{9d988ba V.ED..... ........ 0,8-48,40 #7f13033c app:id/battery_charge_bg}
08-24 15:47:13.781  2820  2820 E wwd     : BatteryControllerImpl fireBatteryLevelChanged i = 3, cb = com.android.systemui.HiosBatteryMeterView{324136b V.ED..... ........ 0,8-50,39 #7f13033d app:id/battery}
08-24 15:47:13.790  2820  2820 E wwd     : BatteryControllerImpl fireBatteryLevelChanged i = 4, cb = com.android.systemui.HiosBatteryStateImageView{d292fcd V.ED..... ......ID 0,9-18,39 #7f13033b app:id/battery_plugged_state}
08-24 15:47:13.790  2820  2820 E wwd     : BatteryControllerImpl fireBatteryLevelChanged i = 5, cb = com.android.systemui.HiosBatteryStateImageView{a3c0393 V.ED..... ......ID 0,8-48,40 #7f13033c app:id/battery_charge_bg}
08-24 15:47:13.791  2820  2820 E wwd     : BatteryControllerImpl fireBatteryLevelChanged i = 6, cb = com.android.systemui.HiosBatteryMeterView{b567fd0 V.ED..... ......ID 0,8-50,39 #7f13033d app:id/battery}
08-24 15:47:13.801   566   566 E PowerSave/AppWidgetHios: Battery percent test widthMeasureSpec:0-----heightMeasureSpec:0view.getWidth:0
08-24 15:47:13.838   566  4497 E PowerSave/PowerSaveService: lowerPowerFlag:1isCharging:true
08-24 15:47:14.357  2820  2820 E wwd     : BatteryControllerImpl onReceive mLevel = 69
08-24 15:47:14.357  2820  2820 E wwd     : BatteryControllerImpl fireBatteryLevelChanged i = 0, cb = com.android.systemui.statusbar.phone.PhoneStatusBar$38@5a79f2b
08-24 15:47:14.359  2820  2820 E wwd     : BatteryControllerImpl fireBatteryLevelChanged i = 1, cb = com.android.systemui.HiosBatteryStateImageView{8a2c0dc V.ED..... ........ 0,9-18,39 #7f13033b app:id/battery_plugged_state}
08-24 15:47:14.364  2820  2820 E wwd     : BatteryControllerImpl fireBatteryLevelChanged i = 2, cb = com.android.systemui.HiosBatteryStateImageView{9d988ba V.ED..... ........ 0,8-48,40 #7f13033c app:id/battery_charge_bg}
08-24 15:47:14.365  2820  2820 E wwd     : BatteryControllerImpl fireBatteryLevelChanged i = 3, cb = com.android.systemui.HiosBatteryMeterView{324136b V.ED..... ........ 0,8-50,39 #7f13033d app:id/battery}
08-24 15:47:14.365  2820  2820 E wwd     : BatteryControllerImpl fireBatteryLevelChanged i = 4, cb = com.android.systemui.HiosBatteryStateImageView{d292fcd V.ED..... ......ID 0,9-18,39 #7f13033b app:id/battery_plugged_state}
08-24 15:47:14.365  2820  2820 E wwd     : BatteryControllerImpl fireBatteryLevelChanged i = 5, cb = com.android.systemui.HiosBatteryStateImageView{a3c0393 V.ED..... ......ID 0,8-48,40 #7f13033c app:id/battery_charge_bg}
08-24 15:47:14.366  2820  2820 E wwd     : BatteryControllerImpl fireBatteryLevelChanged i = 6, cb = com.android.systemui.HiosBatteryMeterView{b567fd0 V.ED..... ......ID 0,8-50,39 #7f13033d app:id/battery}
08-24 15:47:14.404   566   566 E PowerSave/AppWidgetHios: Battery percent test widthMeasureSpec:0-----heightMeasureSpec:0view.getWidth:0
08-24 15:47:14.427   566  4498 E PowerSave/PowerSaveService: lowerPowerFlag:1isCharging:true
08-24 15:47:14.455  2820  2820 E wwd     : BatteryControllerImpl onReceive mLevel = 69
08-24 15:47:14.456  2820  2820 E wwd     : BatteryControllerImpl fireBatteryLevelChanged i = 0, cb = com.android.systemui.statusbar.phone.PhoneStatusBar$38@5a79f2b
08-24 15:47:14.457  2820  2820 E wwd     : BatteryControllerImpl fireBatteryLevelChanged i = 1, cb = com.android.systemui.HiosBatteryStateImageView{8a2c0dc V.ED..... ........ 0,9-18,39 #7f13033b app:id/battery_plugged_state}
08-24 15:47:14.458  2820  2820 E wwd     : BatteryControllerImpl fireBatteryLevelChanged i = 2, cb = com.android.systemui.HiosBatteryStateImageView{9d988ba V.ED..... ........ 0,8-48,40 #7f13033c app:id/battery_charge_bg}
08-24 15:47:14.458  2820  2820 E wwd     : BatteryControllerImpl fireBatteryLevelChanged i = 3, cb = com.android.systemui.HiosBatteryMeterView{324136b V.ED..... ........ 0,8-50,39 #7f13033d app:id/battery}
08-24 15:47:14.458  2820  2820 E wwd     : BatteryControllerImpl fireBatteryLevelChanged i = 4, cb = com.android.systemui.HiosBatteryStateImageView{d292fcd V.ED..... ......ID 0,9-18,39 #7f13033b app:id/battery_plugged_state}
08-24 15:47:14.459  2820  2820 E wwd     : BatteryControllerImpl fireBatteryLevelChanged i = 5, cb = com.android.systemui.HiosBatteryStateImageView{a3c0393 V.ED..... ......ID 0,8-48,40 #7f13033c app:id/battery_charge_bg}
08-24 15:47:14.460   566   566 E PowerSave/AppWidgetHios: Battery percent test widthMeasureSpec:0-----heightMeasureSpec:0view.getWidth:0
08-24 15:47:14.461  2820  2820 E wwd     : BatteryControllerImpl fireBatteryLevelChanged i = 6, cb = com.android.systemui.HiosBatteryMeterView{b567fd0 V.ED..... ......ID 0,8-50,39 #7f13033d app:id/battery}
08-24 15:47:14.503   566  4499 E PowerSave/PowerSaveService: lowerPowerFlag:1isCharging:true
08-24 15:47:14.560  2820  2820 E wwd     : BatteryControllerImpl onReceive mLevel = 69
08-24 15:47:14.560  2820  2820 E wwd     : BatteryControllerImpl fireBatteryLevelChanged i = 0, cb = com.android.systemui.statusbar.phone.PhoneStatusBar$38@5a79f2b
08-24 15:47:14.561  2820  2820 E wwd     : BatteryControllerImpl fireBatteryLevelChanged i = 1, cb = com.android.systemui.HiosBatteryStateImageView{8a2c0dc V.ED..... ........ 0,9-18,39 #7f13033b app:id/battery_plugged_state}
08-24 15:47:14.562  2820  2820 E wwd     : BatteryControllerImpl fireBatteryLevelChanged i = 2, cb = com.android.systemui.HiosBatteryStateImageView{9d988ba V.ED..... ........ 0,8-48,40 #7f13033c app:id/battery_charge_bg}
08-24 15:47:14.562  2820  2820 E wwd     : BatteryControllerImpl fireBatteryLevelChanged i = 3, cb = com.android.systemui.HiosBatteryMeterView{324136b V.ED..... ........ 0,8-50,39 #7f13033d app:id/battery}
08-24 15:47:14.562  2820  2820 E wwd     : BatteryControllerImpl fireBatteryLevelChanged i = 4, cb = com.android.systemui.HiosBatteryStateImageView{d292fcd V.ED..... ......ID 0,9-18,39 #7f13033b app:id/battery_plugged_state}
08-24 15:47:14.563  2820  2820 E wwd     : BatteryControllerImpl fireBatteryLevelChanged i = 5, cb = com.android.systemui.HiosBatteryStateImageView{a3c0393 V.ED..... ......ID 0,8-48,40 #7f13033c app:id/battery_charge_bg}
08-24 15:47:14.563  2820  2820 E wwd     : BatteryControllerImpl fireBatteryLevelChanged i = 6, cb = com.android.systemui.HiosBatteryMeterView{b567fd0 V.ED..... ......ID 0,8-50,39 #7f13033d app:id/battery}
08-24 15:47:14.578   566   566 E PowerSave/AppWidgetHios: Battery percent test widthMeasureSpec:0-----heightMeasureSpec:0view.getWidth:0
08-24 15:47:14.590   566  4500 E PowerSave/PowerSaveService: lowerPowerFlag:1isCharging:true
08-24 15:47:14.676  2820  2820 E wwd     : BatteryControllerImpl onReceive mLevel = 69
08-24 15:47:14.676  2820  2820 E wwd     : BatteryControllerImpl fireBatteryLevelChanged i = 0, cb = com.android.systemui.statusbar.phone.PhoneStatusBar$38@5a79f2b
08-24 15:47:14.678  2820  2820 E wwd     : BatteryControllerImpl fireBatteryLevelChanged i = 1, cb = com.android.systemui.HiosBatteryStateImageView{8a2c0dc V.ED..... ........ 0,9-18,39 #7f13033b app:id/battery_plugged_state}
08-24 15:47:14.679  2820  2820 E wwd     : BatteryControllerImpl fireBatteryLevelChanged i = 2, cb = com.android.systemui.HiosBatteryStateImageView{9d988ba V.ED..... ........ 0,8-48,40 #7f13033c app:id/battery_charge_bg}
08-24 15:47:14.680  2820  2820 E wwd     : BatteryControllerImpl fireBatteryLevelChanged i = 3, cb = com.android.systemui.HiosBatteryMeterView{324136b V.ED..... ........ 0,8-50,39 #7f13033d app:id/battery}
08-24 15:47:14.680  2820  2820 E wwd     : BatteryControllerImpl fireBatteryLevelChanged i = 4, cb = com.android.systemui.HiosBatteryStateImageView{d292fcd V.ED..... ......ID 0,9-18,39 #7f13033b app:id/battery_plugged_state}
08-24 15:47:14.681  2820  2820 E wwd     : BatteryControllerImpl fireBatteryLevelChanged i = 5, cb = com.android.systemui.HiosBatteryStateImageView{a3c0393 V.ED..... ......ID 0,8-48,40 #7f13033c app:id/battery_charge_bg}
08-24 15:47:14.681  2820  2820 E wwd     : BatteryControllerImpl fireBatteryLevelChanged i = 6, cb = com.android.systemui.HiosBatteryMeterView{b567fd0 V.ED..... ......ID 0,8-50,39 #7f13033d app:id/battery}
08-24 15:47:14.691   566   566 E PowerSave/AppWidgetHios: Battery percent test widthMeasureSpec:0-----heightMeasureSpec:0view.getWidth:0
08-24 15:47:14.717   566  4501 E PowerSave/PowerSaveService: lowerPowerFlag:1isCharging:true
08-24 15:47:14.748  2820  2820 E wwd     : BatteryControllerImpl onReceive mLevel = 69
08-24 15:47:14.749  2820  2820 E wwd     : BatteryControllerImpl fireBatteryLevelChanged i = 0, cb = com.android.systemui.statusbar.phone.PhoneStatusBar$38@5a79f2b
08-24 15:47:14.752  2820  2820 E wwd     : BatteryControllerImpl fireBatteryLevelChanged i = 1, cb = com.android.systemui.HiosBatteryStateImageView{8a2c0dc V.ED..... ........ 0,9-18,39 #7f13033b app:id/battery_plugged_state}
08-24 15:47:14.753  2820  2820 E wwd     : BatteryControllerImpl fireBatteryLevelChanged i = 2, cb = com.android.systemui.HiosBatteryStateImageView{9d988ba V.ED..... ........ 0,8-48,40 #7f13033c app:id/battery_charge_bg}
08-24 15:47:14.753  2820  2820 E wwd     : BatteryControllerImpl fireBatteryLevelChanged i = 3, cb = com.android.systemui.HiosBatteryMeterView{324136b V.ED..... ........ 0,8-50,39 #7f13033d app:id/battery}
08-24 15:47:14.754  2820  2820 E wwd     : BatteryControllerImpl fireBatteryLevelChanged i = 4, cb = com.android.systemui.HiosBatteryStateImageView{d292fcd V.ED..... ......ID 0,9-18,39 #7f13033b app:id/battery_plugged_state}
08-24 15:47:14.754  2820  2820 E wwd     : BatteryControllerImpl fireBatteryLevelChanged i = 5, cb = com.android.systemui.HiosBatteryStateImageView{a3c0393 V.ED..... ......ID 0,8-48,40 #7f13033c app:id/battery_charge_bg}
08-24 15:47:14.755  2820  2820 E wwd     : BatteryControllerImpl fireBatteryLevelChanged i = 6, cb = com.android.systemui.HiosBatteryMeterView{b567fd0 V.ED..... ......ID 0,8-50,39 #7f13033d app:id/battery}
08-24 15:47:14.760  1529  1532 E GED     : Failed to execute ioctl 3222824709, BridgeID(5), err(-1)
08-24 15:47:14.760  1529  1532 E GasService: Error on query GED info, err=1
08-24 15:47:14.766   566   566 E PowerSave/AppWidgetHios: Battery percent test widthMeasureSpec:0-----heightMeasureSpec:0view.getWidth:0
08-24 15:47:14.785   566  4502 E PowerSave/PowerSaveService: lowerPowerFlag:1isCharging:true
08-24 15:47:14.819  2820  2820 E wwd     : BatteryControllerImpl onReceive mLevel = 69
08-24 15:47:14.819  2820  2820 E wwd     : BatteryControllerImpl fireBatteryLevelChanged i = 0, cb = com.android.systemui.statusbar.phone.PhoneStatusBar$38@5a79f2b
08-24 15:47:14.821  2820  2820 E wwd     : BatteryControllerImpl fireBatteryLevelChanged i = 1, cb = com.android.systemui.HiosBatteryStateImageView{8a2c0dc V.ED..... ........ 0,9-18,39 #7f13033b app:id/battery_plugged_state}
08-24 15:47:14.821  2820  2820 E wwd     : BatteryControllerImpl fireBatteryLevelChanged i = 2, cb = com.android.systemui.HiosBatteryStateImageView{9d988ba V.ED..... ........ 0,8-48,40 #7f13033c app:id/battery_charge_bg}
08-24 15:47:14.822  2820  2820 E wwd     : BatteryControllerImpl fireBatteryLevelChanged i = 3, cb = com.android.systemui.HiosBatteryMeterView{324136b V.ED..... ........ 0,8-50,39 #7f13033d app:id/battery}
08-24 15:47:14.822  2820  2820 E wwd     : BatteryControllerImpl fireBatteryLevelChanged i = 4, cb = com.android.systemui.HiosBatteryStateImageView{d292fcd V.ED..... ......ID 0,9-18,39 #7f13033b app:id/battery_plugged_state}
08-24 15:47:14.822  2820  2820 E wwd     : BatteryControllerImpl fireBatteryLevelChanged i = 5, cb = com.android.systemui.HiosBatteryStateImageView{a3c0393 V.ED..... ......ID 0,8-48,40 #7f13033c app:id/battery_charge_bg}
08-24 15:47:14.823  2820  2820 E wwd     : BatteryControllerImpl fireBatteryLevelChanged i = 6, cb = com.android.systemui.HiosBatteryMeterView{b567fd0 V.ED..... ......ID 0,8-50,39 #7f13033d app:id/battery}
08-24 15:47:14.825   566   566 E PowerSave/AppWidgetHios: Battery percent test widthMeasureSpec:0-----heightMeasureSpec:0view.getWidth:0
08-24 15:47:14.852   566  4503 E PowerSave/PowerSaveService: lowerPowerFlag:1isCharging:true
08-24 15:47:15.222  2120  2180 E MAL-RDS :  (  rds_ru_3gpp_status_ind, 1638) [RDS-E][RU][EVENT_RU_DM_3GPP_STATUS_IND] Invalid u43gpp_status:0x8
08-24 15:47:15.426  2820  2820 E wwd     : BatteryControllerImpl onReceive mLevel = 69
08-24 15:47:15.426  2820  2820 E wwd     : BatteryControllerImpl fireBatteryLevelChanged i = 0, cb = com.android.systemui.statusbar.phone.PhoneStatusBar$38@5a79f2b
08-24 15:47:15.430  2820  2820 E wwd     : BatteryControllerImpl fireBatteryLevelChanged i = 1, cb = com.android.systemui.HiosBatteryStateImageView{8a2c0dc V.ED..... ........ 0,9-18,39 #7f13033b app:id/battery_plugged_state}
08-24 15:47:15.430  2820  2820 E wwd     : BatteryControllerImpl fireBatteryLevelChanged i = 2, cb = com.android.systemui.HiosBatteryStateImageView{9d988ba V.ED..... ........ 0,8-48,40 #7f13033c app:id/battery_charge_bg}
08-24 15:47:15.430  2820  2820 E wwd     : BatteryControllerImpl fireBatteryLevelChanged i = 3, cb = com.android.systemui.HiosBatteryMeterView{324136b V.ED..... ........ 0,8-50,39 #7f13033d app:id/battery}
08-24 15:47:15.431  2820  2820 E wwd     : BatteryControllerImpl fireBatteryLevelChanged i = 4, cb = com.android.systemui.HiosBatteryStateImageView{d292fcd V.ED..... ......ID 0,9-18,39 #7f13033b app:id/battery_plugged_state}
08-24 15:47:15.431  2820  2820 E wwd     : BatteryControllerImpl fireBatteryLevelChanged i = 5, cb = com.android.systemui.HiosBatteryStateImageView{a3c0393 V.ED..... ......ID 0,8-48,40 #7f13033c app:id/battery_charge_bg}
08-24 15:47:15.431  2820  2820 E wwd     : BatteryControllerImpl fireBatteryLevelChanged i = 6, cb = com.android.systemui.HiosBatteryMeterView{b567fd0 V.ED..... ......ID 0,8-50,39 #7f13033d app:id/battery}
08-24 15:47:15.441   566   566 E PowerSave/AppWidgetHios: Battery percent test widthMeasureSpec:0-----heightMeasureSpec:0view.getWidth:0
08-24 15:47:15.484   566  4505 E PowerSave/PowerSaveService: lowerPowerFlag:1isCharging:true
08-24 15:47:15.760  1529  1532 E GED     : Failed to execute ioctl 3222824709, BridgeID(5), err(-1)
08-24 15:47:15.761  1529  1532 E GasService: Error on query GED info, err=1
08-24 15:47:15.997  2820  2820 E wwd     : BatteryControllerImpl onReceive mLevel = 69
08-24 15:47:15.997  2820  2820 E wwd     : BatteryControllerImpl fireBatteryLevelChanged i = 0, cb = com.android.systemui.statusbar.phone.PhoneStatusBar$38@5a79f2b
08-24 15:47:16.015  2820  2820 E wwd     : BatteryControllerImpl fireBatteryLevelChanged i = 1, cb = com.android.systemui.HiosBatteryStateImageView{8a2c0dc V.ED..... ........ 0,9-18,39 #7f13033b app:id/battery_plugged_state}
08-24 15:47:16.015  2820  2820 E wwd     : BatteryControllerImpl fireBatteryLevelChanged i = 2, cb = com.android.systemui.HiosBatteryStateImageView{9d988ba V.ED..... ........ 0,8-48,40 #7f13033c app:id/battery_charge_bg}
08-24 15:47:16.015   566   566 E PowerSave/AppWidgetHios: Battery percent test widthMeasureSpec:0-----heightMeasureSpec:0view.getWidth:0
08-24 15:47:16.015  2820  2820 E wwd     : BatteryControllerImpl fireBatteryLevelChanged i = 3, cb = com.android.systemui.HiosBatteryMeterView{324136b V.ED..... ........ 0,8-50,39 #7f13033d app:id/battery}
08-24 15:47:16.016  2820  2820 E wwd     : BatteryControllerImpl fireBatteryLevelChanged i = 4, cb = com.android.systemui.HiosBatteryStateImageView{d292fcd V.ED..... ......ID 0,9-18,39 #7f13033b app:id/battery_plugged_state}
08-24 15:47:16.016  2820  2820 E wwd     : BatteryControllerImpl fireBatteryLevelChanged i = 5, cb = com.android.systemui.HiosBatteryStateImageView{a3c0393 V.ED..... ......ID 0,8-48,40 #7f13033c app:id/battery_charge_bg}
08-24 15:47:16.016  2820  2820 E wwd     : BatteryControllerImpl fireBatteryLevelChanged i = 6, cb = com.android.systemui.HiosBatteryMeterView{b567fd0 V.ED..... ......ID 0,8-50,39 #7f13033d app:id/battery}
08-24 15:47:16.037   566  4506 E PowerSave/PowerSaveService: lowerPowerFlag:1isCharging:true
08-24 15:47:16.096  2820  2820 E wwd     : BatteryControllerImpl onReceive mLevel = 69
08-24 15:47:16.096  2820  2820 E wwd     : BatteryControllerImpl fireBatteryLevelChanged i = 0, cb = com.android.systemui.statusbar.phone.PhoneStatusBar$38@5a79f2b
08-24 15:47:16.097  2820  2820 E wwd     : BatteryControllerImpl fireBatteryLevelChanged i = 1, cb = com.android.systemui.HiosBatteryStateImageView{8a2c0dc V.ED..... ........ 0,9-18,39 #7f13033b app:id/battery_plugged_state}
08-24 15:47:16.099  2820  2820 E wwd     : BatteryControllerImpl fireBatteryLevelChanged i = 2, cb = com.android.systemui.HiosBatteryStateImageView{9d988ba V.ED..... ........ 0,8-48,40 #7f13033c app:id/battery_charge_bg}
08-24 15:47:16.099  2820  2820 E wwd     : BatteryControllerImpl fireBatteryLevelChanged i = 3, cb = com.android.systemui.HiosBatteryMeterView{324136b V.ED..... ........ 0,8-50,39 #7f13033d app:id/battery}
08-24 15:47:16.100  2820  2820 E wwd     : BatteryControllerImpl fireBatteryLevelChanged i = 4, cb = com.android.systemui.HiosBatteryStateImageView{d292fcd V.ED..... ......ID 0,9-18,39 #7f13033b app:id/battery_plugged_state}
08-24 15:47:16.100  2820  2820 E wwd     : BatteryControllerImpl fireBatteryLevelChanged i = 5, cb = com.android.systemui.HiosBatteryStateImageView{a3c0393 V.ED..... ......ID 0,8-48,40 #7f13033c app:id/battery_charge_bg}
08-24 15:47:16.100  2820  2820 E wwd     : BatteryControllerImpl fireBatteryLevelChanged i = 6, cb = com.android.systemui.HiosBatteryMeterView{b567fd0 V.ED..... ......ID 0,8-50,39 #7f13033d app:id/battery}
08-24 15:47:16.118   566   566 E PowerSave/AppWidgetHios: Battery percent test widthMeasureSpec:0-----heightMeasureSpec:0view.getWidth:0
08-24 15:47:16.149   566  4507 E PowerSave/PowerSaveService: lowerPowerFlag:1isCharging:true
08-24 15:47:16.761  1529  1532 E GED     : Failed to execute ioctl 3222824709, BridgeID(5), err(-1)
08-24 15:47:16.761  1529  1532 E GasService: Error on query GED info, err=1
08-24 15:47:16.784  2820  2820 E wwd     : BatteryControllerImpl onReceive mLevel = 69
08-24 15:47:16.791  2820  2820 E wwd     : BatteryControllerImpl fireBatteryLevelChanged i = 0, cb = com.android.systemui.statusbar.phone.PhoneStatusBar$38@5a79f2b
08-24 15:47:16.794  2820  2820 E wwd     : BatteryControllerImpl fireBatteryLevelChanged i = 1, cb = com.android.systemui.HiosBatteryStateImageView{8a2c0dc V.ED..... ........ 0,9-18,39 #7f13033b app:id/battery_plugged_state}
08-24 15:47:16.795  2820  2820 E wwd     : BatteryControllerImpl fireBatteryLevelChanged i = 2, cb = com.android.systemui.HiosBatteryStateImageView{9d988ba V.ED..... ........ 0,8-48,40 #7f13033c app:id/battery_charge_bg}
08-24 15:47:16.795  2820  2820 E wwd     : BatteryControllerImpl fireBatteryLevelChanged i = 3, cb = com.android.systemui.HiosBatteryMeterView{324136b V.ED..... ........ 0,8-50,39 #7f13033d app:id/battery}
08-24 15:47:16.795  2820  2820 E wwd     : BatteryControllerImpl fireBatteryLevelChanged i = 4, cb = com.android.systemui.HiosBatteryStateImageView{d292fcd V.ED..... ......ID 0,9-18,39 #7f13033b app:id/battery_plugged_state}
08-24 15:47:16.795  2820  2820 E wwd     : BatteryControllerImpl fireBatteryLevelChanged i = 5, cb = com.android.systemui.HiosBatteryStateImageView{a3c0393 V.ED..... ......ID 0,8-48,40 #7f13033c app:id/battery_charge_bg}
08-24 15:47:16.796  2820  2820 E wwd     : BatteryControllerImpl fireBatteryLevelChanged i = 6, cb = com.android.systemui.HiosBatteryMeterView{b567fd0 V.ED..... ......ID 0,8-50,39 #7f13033d app:id/battery}
08-24 15:47:16.797   566   566 E PowerSave/AppWidgetHios: Battery percent test widthMeasureSpec:0-----heightMeasureSpec:0view.getWidth:0
08-24 15:47:16.828   566  4508 E PowerSave/PowerSaveService: lowerPowerFlag:1isCharging:true
08-24 15:47:16.866  2820  2820 E wwd     : BatteryControllerImpl onReceive mLevel = 69
08-24 15:47:16.866  2820  2820 E wwd     : BatteryControllerImpl fireBatteryLevelChanged i = 0, cb = com.android.systemui.statusbar.phone.PhoneStatusBar$38@5a79f2b
08-24 15:47:16.868  2820  2820 E wwd     : BatteryControllerImpl fireBatteryLevelChanged i = 1, cb = com.android.systemui.HiosBatteryStateImageView{8a2c0dc V.ED..... ........ 0,9-18,39 #7f13033b app:id/battery_plugged_state}
08-24 15:47:16.869  2820  2820 E wwd     : BatteryControllerImpl fireBatteryLevelChanged i = 2, cb = com.android.systemui.HiosBatteryStateImageView{9d988ba V.ED..... ........ 0,8-48,40 #7f13033c app:id/battery_charge_bg}
08-24 15:47:16.870  2820  2820 E wwd     : BatteryControllerImpl fireBatteryLevelChanged i = 3, cb = com.android.systemui.HiosBatteryMeterView{324136b V.ED..... ........ 0,8-50,39 #7f13033d app:id/battery}
08-24 15:47:16.871  2820  2820 E wwd     : BatteryControllerImpl fireBatteryLevelChanged i = 4, cb = com.android.systemui.HiosBatteryStateImageView{d292fcd V.ED..... ......ID 0,9-18,39 #7f13033b app:id/battery_plugged_state}
08-24 15:47:16.872  2820  2820 E wwd     : BatteryControllerImpl fireBatteryLevelChanged i = 5, cb = com.android.systemui.HiosBatteryStateImageView{a3c0393 V.ED..... ......ID 0,8-48,40 #7f13033c app:id/battery_charge_bg}
08-24 15:47:16.872  2820  2820 E wwd     : BatteryControllerImpl fireBatteryLevelChanged i = 6, cb = com.android.systemui.HiosBatteryMeterView{b567fd0 V.ED..... ......ID 0,8-50,39 #7f13033d app:id/battery}
08-24 15:47:16.881   566   566 E PowerSave/AppWidgetHios: Battery percent test widthMeasureSpec:0-----heightMeasureSpec:0view.getWidth:0
08-24 15:47:16.920   566  4509 E PowerSave/PowerSaveService: lowerPowerFlag:1isCharging:true
08-24 15:47:17.436  2820  2820 E wwd     : BatteryControllerImpl onReceive mLevel = 69
08-24 15:47:17.436  2820  2820 E wwd     : BatteryControllerImpl fireBatteryLevelChanged i = 0, cb = com.android.systemui.statusbar.phone.PhoneStatusBar$38@5a79f2b
08-24 15:47:17.439  2820  2820 E wwd     : BatteryControllerImpl fireBatteryLevelChanged i = 1, cb = com.android.systemui.HiosBatteryStateImageView{8a2c0dc V.ED..... ........ 0,9-18,39 #7f13033b app:id/battery_plugged_state}
08-24 15:47:17.442  2820  2820 E wwd     : BatteryControllerImpl fireBatteryLevelChanged i = 2, cb = com.android.systemui.HiosBatteryStateImageView{9d988ba V.ED..... ........ 0,8-48,40 #7f13033c app:id/battery_charge_bg}
08-24 15:47:17.442  2820  2820 E wwd     : BatteryControllerImpl fireBatteryLevelChanged i = 3, cb = com.android.systemui.HiosBatteryMeterView{324136b V.ED..... ........ 0,8-50,39 #7f13033d app:id/battery}
08-24 15:47:17.443  2820  2820 E wwd     : BatteryControllerImpl fireBatteryLevelChanged i = 4, cb = com.android.systemui.HiosBatteryStateImageView{d292fcd V.ED..... ......ID 0,9-18,39 #7f13033b app:id/battery_plugged_state}
08-24 15:47:17.443  2820  2820 E wwd     : BatteryControllerImpl fireBatteryLevelChanged i = 5, cb = com.android.systemui.HiosBatteryStateImageView{a3c0393 V.ED..... ......ID 0,8-48,40 #7f13033c app:id/battery_charge_bg}
08-24 15:47:17.443  2820  2820 E wwd     : BatteryControllerImpl fireBatteryLevelChanged i = 6, cb = com.android.systemui.HiosBatteryMeterView{b567fd0 V.ED..... ......ID 0,8-50,39 #7f13033d app:id/battery}
08-24 15:47:17.454   566   566 E PowerSave/AppWidgetHios: Battery percent test widthMeasureSpec:0-----heightMeasureSpec:0view.getWidth:0
08-24 15:47:17.497   566  4510 E PowerSave/PowerSaveService: lowerPowerFlag:1isCharging:true
08-24 15:47:17.523  2820  2820 E wwd     : BatteryControllerImpl onReceive mLevel = 69
08-24 15:47:17.523  2820  2820 E wwd     : BatteryControllerImpl fireBatteryLevelChanged i = 0, cb = com.android.systemui.statusbar.phone.PhoneStatusBar$38@5a79f2b
08-24 15:47:17.525  2820  2820 E wwd     : BatteryControllerImpl fireBatteryLevelChanged i = 1, cb = com.android.systemui.HiosBatteryStateImageView{8a2c0dc V.ED..... ........ 0,9-18,39 #7f13033b app:id/battery_plugged_state}
08-24 15:47:17.526  2820  2820 E wwd     : BatteryControllerImpl fireBatteryLevelChanged i = 2, cb = com.android.systemui.HiosBatteryStateImageView{9d988ba V.ED..... ........ 0,8-48,40 #7f13033c app:id/battery_charge_bg}
08-24 15:47:17.526  2820  2820 E wwd     : BatteryControllerImpl fireBatteryLevelChanged i = 3, cb = com.android.systemui.HiosBatteryMeterView{324136b V.ED..... ........ 0,8-50,39 #7f13033d app:id/battery}
08-24 15:47:17.526  2820  2820 E wwd     : BatteryControllerImpl fireBatteryLevelChanged i = 4, cb = com.android.systemui.HiosBatteryStateImageView{d292fcd V.ED..... ......ID 0,9-18,39 #7f13033b app:id/battery_plugged_state}
08-24 15:47:17.526  2820  2820 E wwd     : BatteryControllerImpl fireBatteryLevelChanged i = 5, cb = com.android.systemui.HiosBatteryStateImageView{a3c0393 V.ED..... ......ID 0,8-48,40 #7f13033c app:id/battery_charge_bg}
08-24 15:47:17.527  2820  2820 E wwd     : BatteryControllerImpl fireBatteryLevelChanged i = 6, cb = com.android.systemui.HiosBatteryMeterView{b567fd0 V.ED..... ......ID 0,8-50,39 #7f13033d app:id/battery}
08-24 15:47:17.554   566   566 E PowerSave/AppWidgetHios: Battery percent test widthMeasureSpec:0-----heightMeasureSpec:0view.getWidth:0
08-24 15:47:17.584   566  4511 E PowerSave/PowerSaveService: lowerPowerFlag:1isCharging:true
08-24 15:47:17.761  1529  1532 E GED     : Failed to execute ioctl 3222824709, BridgeID(5), err(-1)
08-24 15:47:17.761  1529  1532 E GasService: Error on query GED info, err=1
08-24 15:47:17.780  2120  2180 E MAL-RDS :  (  rds_ru_3gpp_status_ind, 1638) [RDS-E][RU][EVENT_RU_DM_3GPP_STATUS_IND] Invalid u43gpp_status:0x8
08-24 15:47:18.353  2820  2820 E wwd     : BatteryControllerImpl onReceive mLevel = 69
08-24 15:47:18.353  2820  2820 E wwd     : BatteryControllerImpl fireBatteryLevelChanged i = 0, cb = com.android.systemui.statusbar.phone.PhoneStatusBar$38@5a79f2b
08-24 15:47:18.357  2820  2820 E wwd     : BatteryControllerImpl fireBatteryLevelChanged i = 1, cb = com.android.systemui.HiosBatteryStateImageView{8a2c0dc V.ED..... ........ 0,9-18,39 #7f13033b app:id/battery_plugged_state}
08-24 15:47:18.364  2820  2820 E wwd     : BatteryControllerImpl fireBatteryLevelChanged i = 2, cb = com.android.systemui.HiosBatteryStateImageView{9d988ba V.ED..... ........ 0,8-48,40 #7f13033c app:id/battery_charge_bg}
08-24 15:47:18.371   566   566 E PowerSave/AppWidgetHios: Battery percent test widthMeasureSpec:0-----heightMeasureSpec:0view.getWidth:0
08-24 15:47:18.375  2820  2820 E wwd     : BatteryControllerImpl fireBatteryLevelChanged i = 3, cb = com.android.systemui.HiosBatteryMeterView{324136b V.ED..... ........ 0,8-50,39 #7f13033d app:id/battery}
08-24 15:47:18.375  2820  2820 E wwd     : BatteryControllerImpl fireBatteryLevelChanged i = 4, cb = com.android.systemui.HiosBatteryStateImageView{d292fcd V.ED..... ......ID 0,9-18,39 #7f13033b app:id/battery_plugged_state}
08-24 15:47:18.375  2820  2820 E wwd     : BatteryControllerImpl fireBatteryLevelChanged i = 5, cb = com.android.systemui.HiosBatteryStateImageView{a3c0393 V.ED..... ......ID 0,8-48,40 #7f13033c app:id/battery_charge_bg}
08-24 15:47:18.376  2820  2820 E wwd     : BatteryControllerImpl fireBatteryLevelChanged i = 6, cb = com.android.systemui.HiosBatteryMeterView{b567fd0 V.ED..... ......ID 0,8-50,39 #7f13033d app:id/battery}
08-24 15:47:18.437   566  4513 E PowerSave/PowerSaveService: lowerPowerFlag:1isCharging:true
08-24 15:47:18.498  2820  2820 E wwd     : BatteryControllerImpl onReceive mLevel = 69
08-24 15:47:18.498  2820  2820 E wwd     : BatteryControllerImpl fireBatteryLevelChanged i = 0, cb = com.android.systemui.statusbar.phone.PhoneStatusBar$38@5a79f2b
08-24 15:47:18.514  2820  2820 E wwd     : BatteryControllerImpl fireBatteryLevelChanged i = 1, cb = com.android.systemui.HiosBatteryStateImageView{8a2c0dc V.ED..... ........ 0,9-18,39 #7f13033b app:id/battery_plugged_state}
08-24 15:47:18.517  2820  2820 E wwd     : BatteryControllerImpl fireBatteryLevelChanged i = 2, cb = com.android.systemui.HiosBatteryStateImageView{9d988ba V.ED..... ........ 0,8-48,40 #7f13033c app:id/battery_charge_bg}
08-24 15:47:18.517  2820  2820 E wwd     : BatteryControllerImpl fireBatteryLevelChanged i = 3, cb = com.android.systemui.HiosBatteryMeterView{324136b V.ED..... ........ 0,8-50,39 #7f13033d app:id/battery}
08-24 15:47:18.517  2820  2820 E wwd     : BatteryControllerImpl fireBatteryLevelChanged i = 4, cb = com.android.systemui.HiosBatteryStateImageView{d292fcd V.ED..... ......ID 0,9-18,39 #7f13033b app:id/battery_plugged_state}
08-24 15:47:18.521  2820  2820 E wwd     : BatteryControllerImpl fireBatteryLevelChanged i = 5, cb = com.android.systemui.HiosBatteryStateImageView{a3c0393 V.ED..... ......ID 0,8-48,40 #7f13033c app:id/battery_charge_bg}
08-24 15:47:18.530  2820  2820 E wwd     : BatteryControllerImpl fireBatteryLevelChanged i = 6, cb = com.android.systemui.HiosBatteryMeterView{b567fd0 V.ED..... ......ID 0,8-50,39 #7f13033d app:id/battery}
08-24 15:47:18.645   566   566 E PowerSave/AppWidgetHios: Battery percent test widthMeasureSpec:0-----heightMeasureSpec:0view.getWidth:0
08-24 15:47:18.664   566  4514 E PowerSave/PowerSaveService: lowerPowerFlag:1isCharging:true
08-24 15:47:18.762  1529  1532 E GED     : Failed to execute ioctl 3222824709, BridgeID(5), err(-1)
08-24 15:47:18.762  1529  1532 E GasService: Error on query GED info, err=1
08-24 15:47:19.632  2820  2820 E wwd     : BatteryControllerImpl onReceive mLevel = 69
08-24 15:47:19.632  2820  2820 E wwd     : BatteryControllerImpl fireBatteryLevelChanged i = 0, cb = com.android.systemui.statusbar.phone.PhoneStatusBar$38@5a79f2b
08-24 15:47:19.635  2820  2820 E wwd     : BatteryControllerImpl fireBatteryLevelChanged i = 1, cb = com.android.systemui.HiosBatteryStateImageView{8a2c0dc V.ED..... ........ 0,9-18,39 #7f13033b app:id/battery_plugged_state}
08-24 15:47:19.636  2820  2820 E wwd     : BatteryControllerImpl fireBatteryLevelChanged i = 2, cb = com.android.systemui.HiosBatteryStateImageView{9d988ba V.ED..... ........ 0,8-48,40 #7f13033c app:id/battery_charge_bg}
08-24 15:47:19.637  2820  2820 E wwd     : BatteryControllerImpl fireBatteryLevelChanged i = 3, cb = com.android.systemui.HiosBatteryMeterView{324136b V.ED..... ........ 0,8-50,39 #7f13033d app:id/battery}
08-24 15:47:19.639  2820  2820 E wwd     : BatteryControllerImpl fireBatteryLevelChanged i = 4, cb = com.android.systemui.HiosBatteryStateImageView{d292fcd V.ED..... ......ID 0,9-18,39 #7f13033b app:id/battery_plugged_state}
08-24 15:47:19.640  2820  2820 E wwd     : BatteryControllerImpl fireBatteryLevelChanged i = 5, cb = com.android.systemui.HiosBatteryStateImageView{a3c0393 V.ED..... ......ID 0,8-48,40 #7f13033c app:id/battery_charge_bg}
08-24 15:47:19.640  2820  2820 E wwd     : BatteryControllerImpl fireBatteryLevelChanged i = 6, cb = com.android.systemui.HiosBatteryMeterView{b567fd0 V.ED..... ......ID 0,8-50,39 #7f13033d app:id/battery}
08-24 15:47:19.661   566   566 E PowerSave/AppWidgetHios: Battery percent test widthMeasureSpec:0-----heightMeasureSpec:0view.getWidth:0
08-24 15:47:19.740   566   566 E PowerSave/AppWidgetHios: Battery percent test widthMeasureSpec:0-----heightMeasureSpec:0view.getWidth:0
08-24 15:47:19.756   566  4515 E PowerSave/PowerSaveService: lowerPowerFlag:1isCharging:true
08-24 15:47:19.762  1529  1532 E GED     : Failed to execute ioctl 3222824709, BridgeID(5), err(-1)
08-24 15:47:19.762  1529  1532 E GasService: Error on query GED info, err=1
08-24 15:47:20.340  2120  2180 E MAL-RDS :  (  rds_ru_3gpp_status_ind, 1638) [RDS-E][RU][EVENT_RU_DM_3GPP_STATUS_IND] Invalid u43gpp_status:0x8
08-24 15:47:20.627  2120  2193 D MAL-RILP:  (void *rilproxy_cmd_resp_,  803) header_size = 8, ret= 64, sizeof(header_size) = 4, resp_data_size = 64, sim_id = 1, capability_sim = 0
08-24 15:47:20.627  2120  2193 D MAL-RILP:  (void *rilproxy_cmd_resp_,  806) sim_id 1 is not capability_sim 0, ignore
08-24 15:47:20.630  2820  3244 D NetworkController.MobileSignalController(16): onSignalStrengthsChanged signalStrength=SignalStrength: 19 99 -120 -160 -120 -1 -1 99 2147483647 2147483647 2147483647 2147483647 2147483647 gsm|lte 74 2147483647 2147483647 level=4
08-24 15:47:20.630  2820  3244 D NetworkController.MobileSignalController(16): updateTelephonySignalStrength: hasService=true ss=SignalStrength: 19 99 -120 -160 -120 -1 -1 99 2147483647 2147483647 2147483647 2147483647 2147483647 gsm|lte 74 2147483647 2147483647
08-24 15:47:20.632  2820  3244 D zhp     : subId = 16, flag = 4, isGsm = true, showLevel = 4,level = 4
08-24 15:47:20.633  2503  3334 V ActivityManager: Broadcast sticky: Intent { act=android.intent.action.SIG_STR flg=0x20000010 (has extras) } ordered=false userid=-1 callerApp=ProcessRecord{31888cf 2503:system/1000}
08-24 15:47:20.634  2820  3244 I wwd     : MobileSignalController updateTelephony mDataNetType = 0, isRoaming() = false, isDataDisabled() = true
08-24 15:47:20.636  2820  3244 D NetworkTypeUtils: getNetworkType: type=1
08-24 15:47:20.636  2820  3244 D NetworkTypeUtils: getNetworkTypeIcon iconId = 2130838764
08-24 15:47:20.701  3246  4547 D HiManager_TrafficMainPresent: start:Aug 24, 2021, 12:00 AM end:Aug 25, 2021, 12:00 AM
08-24 15:47:20.703  3246  4547 D HiManager_TrafficMainPresent: subscriptionId:17
08-24 15:47:20.719  3246  4547 D HiManager_TrafficMainPresent: cycleType:0,cycleCount:1 cycleStartTime:Aug 24, 2021, 12:00 AM cycleEndTime:Aug 25, 2021, 12:00 AM
08-24 15:47:20.728  3246  4547 D HiManager_TrafficMainPresent: cycleType:0,cycleCount:1 cycleStartTime:Aug 24, 2021, 12:00 AM cycleEndTime:Aug 25, 2021, 12:00 AM
08-24 15:47:20.742  3246  4547 D HiManager_TrafficMainPresent: cycleType:0,cycleCount:1 cycleStartTime:Aug 24, 2021, 12:00 AM cycleEndTime:Aug 25, 2021, 12:00 AM
08-24 15:47:20.752  3246  4547 D HiManager_TrafficMainPresent: cycleType:0,cycleCount:1 cycleStartTime:Aug 24, 2021, 12:00 AM cycleEndTime:Aug 25, 2021, 12:00 AM
08-24 15:47:20.760  3246  3246 D HiManager_: HiManager_TrafficService: service warningBytes =0, mRemainBytes =-800367412, OverBytes =0, mMonthUseBytes = 800367412, mMonthPlanBytes =0
08-24 15:47:20.762  1529  1532 I PerfService: PerfServiceNative_getLastBoostPid err:-129
08-24 15:47:20.763  1529  1532 E GED     : Failed to execute ioctl 3222824709, BridgeID(5), err(-1)
08-24 15:47:20.763  1529  1532 E GasService: Error on query GED info, err=1
08-24 15:47:20.772   566   566 D BluetoothAdapter: 259425578: getState(). Returning 10
08-24 15:47:20.773   566   566 D BluetoothAdapter: 259425578: getState(). Returning 10
08-24 15:47:20.774   566   566 D ConnectivityManager: getMobileDataEnabled()+ subId=17
08-24 15:47:20.774   566   566 D ConnectivityManager: getMobileDataEnabled()- subId=17 retVal=true
08-24 15:47:20.775   566   566 D PowerSave/Utils: isScreenSaveOn(context) isOn=false
08-24 15:47:20.775   566   566 D PowerSave/Utils: isUltraPowerOn(context) isOn=false
08-24 15:47:20.775   566   566 D PowerSave/Utils: mPowerManager.isPowerSaveMode() in powersaveutils false
08-24 15:47:20.775   566   566 D PowerSave/Utils: getConfigCurrent isUltraModeOn:false
08-24 15:47:20.777   566   566 D PowerSave/Utils: getConfigCurrent current:32.0
08-24 15:47:20.777   566   566 D PowerSave/Utils: hours:11,min:22
08-24 15:47:20.777   566   566 W ContextImpl: Calling a method in the system process without a qualified user: android.app.ContextImpl.sendStickyBroadcast:1138 android.content.ContextWrapper.sendStickyBroadcast:534 com.rlk.powersavemanagement.PowerSaveService.df:-1 com.rlk.powersavemanagement.o.handleMessage:-1 android.os.Handler.dispatchMessage:110 
08-24 15:47:20.778  2503  5462 V ActivityManager: Broadcast sticky: Intent { act=com.rlk.powersavemanagement.ACTION_AVAILABLE_TIME flg=0x10 (has extras) } ordered=false userid=0 callerApp=ProcessRecord{35752d5 566:com.rlk.powersavemanagement/1000}
